#-----------------------------------------------------------
# xsim v2025.2 (64-bit)
# SW Build 6299465 on Fri Nov 14 19:35:11 GMT 2025
# IP Build 6300035 on Fri Nov 14 10:48:45 MST 2025
# SharedData Build 6298862 on Thu Nov 13 04:50:51 MST 2025
# Start of session at: Tue Apr 28 22:21:28 2026
# Process ID         : 38088
# Current directory  : C:/Users/Kushal Agrawal/UW-madison school work/Dual-FPGA-Trading-Engine/sim_work/tb_sync_fifo.work
# Command line       : xsim.exe -mode tcl -source {xsim.dir/tb_sync_fifo_sim/xsim_script.tcl}
# Log file           : C:/Users/Kushal Agrawal/UW-madison school work/Dual-FPGA-Trading-Engine/sim_work/tb_sync_fifo.work/xsim.log
# Journal file       : C:/Users/Kushal Agrawal/UW-madison school work/Dual-FPGA-Trading-Engine/sim_work/tb_sync_fifo.work\xsim.jou
# Running On         : Kushal2009
# Platform           : Windows Server 2016 or Windows 10
# Operating System   : 26200
# Processor Detail   : 11th Gen Intel(R) Core(TM) i7-1165G7 @ 2.80GHz
# CPU Frequency      : 2803 MHz
# CPU Physical cores : 4
# CPU Logical cores  : 8
# Host memory        : 16889 MB
# Swap memory        : 19987 MB
# Total Virtual      : 36877 MB
# Available Virtual  : 8743 MB
#-----------------------------------------------------------
source xsim.dir/tb_sync_fifo_sim/xsim_script.tcl
# xsim {tb_sync_fifo_sim} -autoloadwcfg -tclbatch {_runner.tcl}
Time resolution is 1 ps
source _runner.tcl
## run 50ms
--- test_reset ---
--- test_fill_drain ---
--- test_concurrent_rdwr ---
--- test_overflow ---
--- test_underflow ---
--- test_flush_during_write ---
--- test_almost_full ---
--- test_small_fifo ---

===================================
tb_sync_fifo: PASS (67 checks passed)
===================================
$finish called at time : 2786 ns : File "C:/Users/Kushal Agrawal/UW-madison school work/Dual-FPGA-Trading-Engine/tb/shared/tb_sync_fifo.sv" Line 326
## quit
INFO: [Common 17-206] Exiting xsim at Tue Apr 28 22:21:30 2026...
