Vivado Simulator v2025.2
Copyright 1986-2022 Xilinx, Inc. All Rights Reserved.
Copyright 2022-2025 Advanced Micro Devices, Inc. All Rights Reserved.
Running: C:\AMDDesignTools\2025.2\Vivado\bin\unwrapped\win64.o\xelab.exe --debug typical -L unisims_ver -L secureip tb_board_b_pipeline -s tb_board_b_pipeline_sim 
Multi-threading is on. Using 6 slave threads.
Starting static elaboration
Pass Through NonSizing Optimizer
Completed static elaboration
Starting simulation data flow analysis
Completed simulation data flow analysis
Time Resolution for simulation is 1ps
Compiling package work.hft_pkg
Compiling module work.quote_book_default
Compiling module work.feature_compute_default
Compiling module work.strategy_engine
Compiling module work.risk_manager_default
Compiling module work.order_manager
Compiling module work.position_tracker_default
Compiling module work.tb_board_b_pipeline
Built simulation snapshot tb_board_b_pipeline_sim
