#-----------------------------------------------------------
# xsim v2025.2 (64-bit)
# SW Build 6299465 on Fri Nov 14 19:35:11 GMT 2025
# IP Build 6300035 on Fri Nov 14 10:48:45 MST 2025
# SharedData Build 6298862 on Thu Nov 13 04:50:51 MST 2025
# Start of session at: Tue Apr 28 22:23:47 2026
# Process ID         : 35012
# Current directory  : C:/Users/Kushal Agrawal/UW-madison school work/Dual-FPGA-Trading-Engine/sim_work/tb_board_b_pipeline.work
# Command line       : xsim.exe -mode tcl -source {xsim.dir/tb_board_b_pipeline_sim/xsim_script.tcl}
# Log file           : C:/Users/Kushal Agrawal/UW-madison school work/Dual-FPGA-Trading-Engine/sim_work/tb_board_b_pipeline.work/xsim.log
# Journal file       : C:/Users/Kushal Agrawal/UW-madison school work/Dual-FPGA-Trading-Engine/sim_work/tb_board_b_pipeline.work\xsim.jou
# Running On         : Kushal2009
# Platform           : Windows Server 2016 or Windows 10
# Operating System   : 26200
# Processor Detail   : 11th Gen Intel(R) Core(TM) i7-1165G7 @ 2.80GHz
# CPU Frequency      : 2803 MHz
# CPU Physical cores : 4
# CPU Logical cores  : 8
# Host memory        : 16889 MB
# Swap memory        : 19987 MB
# Total Virtual      : 36877 MB
# Available Virtual  : 8766 MB
#-----------------------------------------------------------
source xsim.dir/tb_board_b_pipeline_sim/xsim_script.tcl
# xsim {tb_board_b_pipeline_sim} -autoloadwcfg -tclbatch {_runner.tcl}
Time resolution is 1 ps
source _runner.tcl
## run 50ms

=== Phase 1: Seed EMA (16 symbols, round 1) ===

=== Phase 2: Price UP → SELL signals (16 symbols) ===
  orders_sent = 16 (was 0)

=== Phase 3: Price DOWN → BUY signals (16 symbols) ===
  orders_sent = 32 (was 16)

=== Phase 4: Fill injection (4 symbols) ===
  total_pnl = -161500

=== Phase 5: SELL fills (4 symbols) ===

=== Phase 6: Rejected fill (no position change) ===

=== Phase 7: Order-enable off → rejects ===

=== Phase 8: Position limit enforcement ===
  orders_sent=32, risk_rejects=7 (was 4)

=== Phase 9: Rate limit enforcement ===
  orders_sent=34 (was 32, rate limit = 34)

=== Phase 10: Max-loss risk halt ===
  total_pnl after loss = -559550
  risk_halt = 1

=== Phase 11: Clear and verify ===

=== Phase 12: Back-to-back stress (80 quotes) ===
  orders_sent = 64
  risk_rejects = 0

=== Phase 13: Fills for all 16 symbols ===
  Non-zero positions: 16 / 16

=== Phase 14: Order integrity ===
  Total orders observed by monitor: 98 (since clear: 64)

══════════════════════════════════════════
  board_b_pipeline testbench complete
  PASSED: 26
  FAILED: 0
  Orders observed: 98
══════════════════════════════════════════

$finish called at time : 5606 ns : File "C:/Users/Kushal Agrawal/UW-madison school work/Dual-FPGA-Trading-Engine/tb/board_b/tb_board_b_pipeline.sv" Line 596
## quit
INFO: [Common 17-206] Exiting xsim at Tue Apr 28 22:23:50 2026...
