# End time: 10:03:35 on May 01,2026, Elapsed time: 0:00:01
# Errors: 0, Warnings: 0
# vsim -voptargs=""+acc"" work.tb_board_b_axi_regs -quiet -onfinish stop 
# Start time: 10:03:35 on May 01,2026
# 
# === T1: Config write/read ===
# 
# === T2: CTRL pulse ===
# 
# === T3: Status readback ===
# 
# === T4: Position readback ===
# 
# === T5: Latency stats ===
# 
# === T6: Default values ===
# 
# === T7: STATUS register packing ===
# 
# === T8: Histogram bin readback ===
# 
# === T9: Cash readback ===
# 
# === T10: Reset pulse ===
# 
# === T11: B2 per-symbol BID/ASK arrays ===
# 
# === T12: B2 per-symbol PNL_CASH (LO/HI) ===
# 
# === T13: B2 last_fill_price array ===
# 
# === T14: B2 trades_per_sym packed readback ===
# 
# === T15: B3 EMA per-symbol readback ===
# 
# === T16: B3 LAST_SIGNAL_PACK readback ===
# 
# === T17: B3 LAST_LATENCY readback ===
# 
# ══════════════════════════════════════════
#   board_b_axi_regs testbench complete
#   PASSED: 62
#   FAILED: 0
# ══════════════════════════════════════════
# 
# ** Note: $finish    : ../tb/board_b/tb_board_b_axi_regs.sv(429)
#    Time: 2055 ns  Iteration: 1  Instance: /tb_board_b_axi_regs
# Break in Module tb_board_b_axi_regs at ../tb/board_b/tb_board_b_axi_regs.sv line 429
# Stopped at ../tb/board_b/tb_board_b_axi_regs.sv line 429
