Vivado Simulator v2025.2
Copyright 1986-2022 Xilinx, Inc. All Rights Reserved.
Copyright 2022-2025 Advanced Micro Devices, Inc. All Rights Reserved.
Running: C:\AMDDesignTools\2025.2\Vivado\bin\unwrapped\win64.o\xelab.exe --debug typical -L unisims_ver -L secureip tb_board_b_top -s tb_board_b_top_sim 
Multi-threading is on. Using 6 slave threads.
Starting static elaboration
Pass Through NonSizing Optimizer
Completed static elaboration
Starting simulation data flow analysis
Completed simulation data flow analysis
Time Resolution for simulation is 1ps
Compiling package work.hft_pkg
Compiling module work.board_b_axi_regs(NUM_SYM=16)
Compiling module work.debounce(COUNTER_W=16)
Compiling module work.board_b_ctrl
Compiling module work.link_rx_default
Compiling module work.msg_demux
Compiling module work.quote_book(NUM_SYM=16)
Compiling module work.feature_compute(NUM_SYM=16)
Compiling module work.strategy_engine
Compiling module work.risk_manager(NUM_SYM=16)
Compiling module work.order_manager
Compiling module work.link_tx_default
Compiling module work.position_tracker(NUM_SYM=16)
Compiling module work.latency_histogram
Compiling module work.board_b_top(NUM_SYM=16,LINK_W=4)
Compiling module work.tb_board_b_top
Built simulation snapshot tb_board_b_top_sim
