#-----------------------------------------------------------
# xsim v2025.2 (64-bit)
# SW Build 6299465 on Fri Nov 14 19:35:11 GMT 2025
# IP Build 6300035 on Fri Nov 14 10:48:45 MST 2025
# SharedData Build 6298862 on Thu Nov 13 04:50:51 MST 2025
# Start of session at: Tue Apr 28 22:23:54 2026
# Process ID         : 9200
# Current directory  : C:/Users/Kushal Agrawal/UW-madison school work/Dual-FPGA-Trading-Engine/sim_work/tb_board_b_top.work
# Command line       : xsim.exe -mode tcl -source {xsim.dir/tb_board_b_top_sim/xsim_script.tcl}
# Log file           : C:/Users/Kushal Agrawal/UW-madison school work/Dual-FPGA-Trading-Engine/sim_work/tb_board_b_top.work/xsim.log
# Journal file       : C:/Users/Kushal Agrawal/UW-madison school work/Dual-FPGA-Trading-Engine/sim_work/tb_board_b_top.work\xsim.jou
# Running On         : Kushal2009
# Platform           : Windows Server 2016 or Windows 10
# Operating System   : 26200
# Processor Detail   : 11th Gen Intel(R) Core(TM) i7-1165G7 @ 2.80GHz
# CPU Frequency      : 2803 MHz
# CPU Physical cores : 4
# CPU Logical cores  : 8
# Host memory        : 16889 MB
# Swap memory        : 19987 MB
# Total Virtual      : 36877 MB
# Available Virtual  : 8777 MB
#-----------------------------------------------------------
source xsim.dir/tb_board_b_top_sim/xsim_script.tcl
# xsim {tb_board_b_top_sim} -autoloadwcfg -tclbatch {_runner.tcl}
Time resolution is 1 ps
source _runner.tcl
## run 50ms

=== Phase 1: FSM Transitions ===

=== Phase 2: AXI Config ===

=== Phase 3: 16-Symbol EMA Seeding ===
  quotes_rcvd = 16 (expect 16)

=== Phase 4: Price Shifts → Orders ===
  quotes_rcvd = 32 (expect 32)
  orders_sent = 16
  STATUS = 0x0000002c

=== Phase 5: Fill Injection (8 symbols) ===
  fills_rcvd = 8
  --- Position readback ---
  pos[ 0] =     100
  pos[ 1] =     100
  pos[ 2] =     100
  pos[ 3] =     100
  pos[ 4] =     100
  pos[ 5] =     100
  pos[ 6] =     100
  pos[ 7] =     100
  pos[ 8] =       0
  pos[ 9] =       0
  pos[10] =       0
  pos[11] =       0
  pos[12] =       0
  pos[13] =       0
  pos[14] =       0
  pos[15] =       0

=== Phase 6: SELL Fills (sym 0-3) ===
  pos[0] after SELL = 50 (expect 50)

=== Phase 7: Cash Readback ===
  cash_lo = 0x36ea0000
  cash_hi = 0xfffffffd

=== Phase 8: Latency Histogram ===
  lat_min   = 2678
  lat_max   = 3571
  lat_count = 12
  hist[15] = 12
  Total histogram entries: 12

=== Phase 9: Strategy Override ===
  STATUS w/ override = 0x0000002f

=== Phase 10: FSM Control ===

=== Phase 11: Risk Halt ===

=== Phase 12: Counter Clear ===

=== Phase 13: Restart + Stress ===
  Final quotes = 65
  Final orders = 48
  link_errors = 0

=== Phase 14: LED/RGB ===

=== Phase 15: Rejected Fill ===

=== Phase 16: Regime Field ===

=== Phase 17: Full 16-sym Position Test ===
  pos[8] after partial sell = 100

=== Phase 18: Histogram Consistency ===
  lat_count=24, sum_bins=24

=== Phase 19: Out-of-range Symbol Fill ===
  fills after OOR: 24 (was 24)

=== Phase 20: Double Halt/Recovery ===

=== Phase 21: Link Error Check ===

=== Phase 22: Config Persistence ===

=== Phase 23: Extra AXI Readback ===

=== Phase 24: B2 per-symbol AXI exposure ===
  BID[0]  = 0x00b3f000 (expect 0x00b3f000)
  ASK[0]  = 0x00b41000 (expect 0x00b41000)
  BID[1]  = 0x01a3f000 (expect 0x01a3f000)
  ASK[1]  = 0x01a41000 (expect 0x01a41000)
  BID[2]  = 0x0383f000 (expect 0x0383f000)
  ASK[2]  = 0x03841000 (expect 0x03841000)
  BID[3]  = 0x0072f000 (expect 0x0072f000)
  ASK[3]  = 0x00731000 (expect 0x00731000)
  LAST_FILL[0] = 0x00b40000 (expect 0x00b40000)
  TRADES_PACK[0] = 0x00000001 (low=trades[0], high=trades[1])
  PNL[0] = HI:0xffffffff LO:0xdcd80000 (signed 48b)

══════════════════════════════════════════
  board_b_top testbench complete
  PASSED: 96
  FAILED: 0
══════════════════════════════════════════

$finish called at time : 119765 ns : File "C:/Users/Kushal Agrawal/UW-madison school work/Dual-FPGA-Trading-Engine/tb/board_b/tb_board_b_top.sv" Line 705
## quit
INFO: [Common 17-206] Exiting xsim at Tue Apr 28 22:23:57 2026...
