#-----------------------------------------------------------
# xsim v2025.2 (64-bit)
# SW Build 6299465 on Fri Nov 14 19:35:11 GMT 2025
# IP Build 6300035 on Fri Nov 14 10:48:45 MST 2025
# SharedData Build 6298862 on Thu Nov 13 04:50:51 MST 2025
# Start of session at: Tue Apr 28 22:23:34 2026
# Process ID         : 39788
# Current directory  : C:/Users/Kushal Agrawal/UW-madison school work/Dual-FPGA-Trading-Engine/sim_work/tb_board_b_axi_regs.work
# Command line       : xsim.exe -mode tcl -source {xsim.dir/tb_board_b_axi_regs_sim/xsim_script.tcl}
# Log file           : C:/Users/Kushal Agrawal/UW-madison school work/Dual-FPGA-Trading-Engine/sim_work/tb_board_b_axi_regs.work/xsim.log
# Journal file       : C:/Users/Kushal Agrawal/UW-madison school work/Dual-FPGA-Trading-Engine/sim_work/tb_board_b_axi_regs.work\xsim.jou
# Running On         : Kushal2009
# Platform           : Windows Server 2016 or Windows 10
# Operating System   : 26200
# Processor Detail   : 11th Gen Intel(R) Core(TM) i7-1165G7 @ 2.80GHz
# CPU Frequency      : 2803 MHz
# CPU Physical cores : 4
# CPU Logical cores  : 8
# Host memory        : 16889 MB
# Swap memory        : 19987 MB
# Total Virtual      : 36877 MB
# Available Virtual  : 8721 MB
#-----------------------------------------------------------
source xsim.dir/tb_board_b_axi_regs_sim/xsim_script.tcl
# xsim {tb_board_b_axi_regs_sim} -autoloadwcfg -tclbatch {_runner.tcl}
Time resolution is 1 ps
source _runner.tcl
## run 50ms

=== T1: Config write/read ===

=== T2: CTRL pulse ===

=== T3: Status readback ===

=== T4: Position readback ===

=== T5: Latency stats ===

=== T6: Default values ===

=== T7: STATUS register packing ===

=== T8: Histogram bin readback ===

=== T9: Cash readback ===

=== T10: Reset pulse ===

=== T11: B2 per-symbol BID/ASK arrays ===

=== T12: B2 per-symbol PNL_CASH (LO/HI) ===

=== T13: B2 last_fill_price array ===

=== T14: B2 trades_per_sym packed readback ===

══════════════════════════════════════════
  board_b_axi_regs testbench complete
  PASSED: 51
  FAILED: 0
══════════════════════════════════════════

$finish called at time : 1805 ns : File "C:/Users/Kushal Agrawal/UW-madison school work/Dual-FPGA-Trading-Engine/tb/board_b/tb_board_b_axi_regs.sv" Line 372
## quit
INFO: [Common 17-206] Exiting xsim at Tue Apr 28 22:23:37 2026...
