#-----------------------------------------------------------
# xsim v2025.2 (64-bit)
# SW Build 6299465 on Fri Nov 14 19:35:11 GMT 2025
# IP Build 6300035 on Fri Nov 14 10:48:45 MST 2025
# SharedData Build 6298862 on Thu Nov 13 04:50:51 MST 2025
# Start of session at: Tue Apr 28 22:22:55 2026
# Process ID         : 41028
# Current directory  : C:/Users/Kushal Agrawal/UW-madison school work/Dual-FPGA-Trading-Engine/sim_work/tb_quote_book.work
# Command line       : xsim.exe -mode tcl -source {xsim.dir/tb_quote_book_sim/xsim_script.tcl}
# Log file           : C:/Users/Kushal Agrawal/UW-madison school work/Dual-FPGA-Trading-Engine/sim_work/tb_quote_book.work/xsim.log
# Journal file       : C:/Users/Kushal Agrawal/UW-madison school work/Dual-FPGA-Trading-Engine/sim_work/tb_quote_book.work\xsim.jou
# Running On         : Kushal2009
# Platform           : Windows Server 2016 or Windows 10
# Operating System   : 26200
# Processor Detail   : 11th Gen Intel(R) Core(TM) i7-1165G7 @ 2.80GHz
# CPU Frequency      : 2803 MHz
# CPU Physical cores : 4
# CPU Logical cores  : 8
# Host memory        : 16889 MB
# Swap memory        : 19987 MB
# Total Virtual      : 36877 MB
# Available Virtual  : 8664 MB
#-----------------------------------------------------------
source xsim.dir/tb_quote_book_sim/xsim_script.tcl
# xsim {tb_quote_book_sim} -autoloadwcfg -tclbatch {_runner.tcl}
Time resolution is 1 ps
source _runner.tcl
## run 50ms

=== TEST 1: First round (cycles 0-3) ===
[FAIL] T1.0: book_valid at time 136000
[FAIL] T1.1: book_valid at time 166000
[FAIL] T1.2: book_valid at time 186000
[FAIL] T1.3: book_valid at time 206000

=== TEST 2: Second round (cycles 4-7) — overwrite ===

=== TEST 3: Back-to-back (no gap) ===
[FAIL] T3a: sym0 output at time 306000
[FAIL] T3b: sym1 valid at time 316000

=== TEST 4: Out-of-range symbol ===

=== TEST 5: Idle (no valid) ===

=== TEST 6: Regime field ===

=== TEST 7: Golden model 3rd round ===

=== TEST 8: Golden model 4th round (cycles 12-15) ===

=== TEST 9: Triple overwrite same symbol ===

=== TEST 10: Per-symbol best_bid/ask arrays ===

══════════════════════════════════════════
  quote_book testbench complete
  PASSED: 56
  FAILED: 6
══════════════════════════════════════════

Fatal: TESTBENCH FAILED
Time: 626 ns  Iteration: 0  Process: /tb_quote_book/Initial87_5  Scope: tb_quote_book  File: C:/Users/Kushal Agrawal/UW-madison school work/Dual-FPGA-Trading-Engine/tb/board_b/tb_quote_book.sv Line: 398
$finish called at time : 626 ns
## quit
INFO: [Common 17-206] Exiting xsim at Tue Apr 28 22:22:58 2026...
