Copyright 1986-2022 Xilinx, Inc. All Rights Reserved. Copyright 2022-2025 Advanced Micro Devices, Inc. All Rights Reserved.
---------------------------------------------------------------------------------------------------------------------------------------------
| Tool Version : Vivado v.2025.2 (win64) Build 6299465 Fri Nov 14 19:35:11 GMT 2025
| Date         : Wed Apr 29 02:43:38 2026
| Host         : Kushal2009 running 64-bit major release  (build 9200)
| Command      : report_control_sets -verbose -file system_wrapper_control_sets_placed.rpt
| Design       : system_wrapper
| Device       : xczu3eg
---------------------------------------------------------------------------------------------------------------------------------------------

Control Set Information

Table of Contents
-----------------
1. Summary
2. Histogram
3. Flip-Flop Distribution
4. Detailed Control Set Information

1. Summary
----------

+----------------------------------------------------------+-------+
|                          Status                          | Count |
+----------------------------------------------------------+-------+
| Total control sets                                       |   203 |
|    Minimum number of control sets                        |   203 |
|    Addition due to synthesis replication                 |     0 |
|    Addition due to physical synthesis replication        |     0 |
| Unused register locations in slices containing registers |   133 |
+----------------------------------------------------------+-------+
* Control sets can be merged at opt_design using control_set_merge or merge_equivalent_drivers
** Run report_qor_suggestions for automated merging and remapping suggestions


2. Histogram
------------

+--------------------+-------+
|       Fanout       | Count |
+--------------------+-------+
| Total control sets |   203 |
| >= 0 to < 4        |    43 |
| >= 4 to < 6        |     4 |
| >= 6 to < 8        |     2 |
| >= 8 to < 10       |     6 |
| >= 10 to < 12      |     3 |
| >= 12 to < 14      |     3 |
| >= 14 to < 16      |     0 |
| >= 16              |   142 |
+--------------------+-------+
* Control sets can be remapped at either synth_design or opt_design


3. Flip-Flop Distribution
-------------------------

+--------------+-----------------------+------------------------+-----------------+--------------+
| Clock Enable | Synchronous Set/Reset | Asynchronous Set/Reset | Total Registers | Total Slices |
+--------------+-----------------------+------------------------+-----------------+--------------+
| No           | No                    | No                     |             108 |           32 |
| No           | No                    | Yes                    |             183 |           46 |
| No           | Yes                   | No                     |              55 |           32 |
| Yes          | No                    | No                     |             280 |           31 |
| Yes          | No                    | Yes                    |            6520 |         1336 |
| Yes          | Yes                   | No                     |             233 |           62 |
+--------------+-----------------------+------------------------+-----------------+--------------+


4. Detailed Control Set Information
-----------------------------------

+--------------------------------+-------------------------------------------------------------------------------------------------------------------------------------------------------------------+------------------------------------------------------------------------------------------------------------------------------------------------------+------------------+----------------+--------------+
|          Clock Signal          |                                                                           Enable Signal                                                                           |                                                                   Set/Reset Signal                                                                   | Slice Load Count | Bel Load Count | Bels / Slice |
+--------------------------------+-------------------------------------------------------------------------------------------------------------------------------------------------------------------+------------------------------------------------------------------------------------------------------------------------------------------------------+------------------+----------------+--------------+
|  system_i/zynq_ps/inst/pl_clk0 |                                                                                                                                                                   | system_i/axi_sc/inst/s00_nodes/s00_r_node/inst/s_sc_areset_pipe                                                                                      |                1 |              1 |         1.00 |
|  system_i/zynq_ps/inst/pl_clk0 |                                                                                                                                                                   | system_i/axi_sc/inst/s00_nodes/s00_aw_node/inst/s_sc_areset_pipe                                                                                     |                1 |              1 |         1.00 |
|  system_i/zynq_ps/inst/pl_clk0 |                                                                                                                                                                   | system_i/axi_sc/inst/s00_nodes/s00_w_node/inst/s_sc_areset_pipe                                                                                      |                1 |              1 |         1.00 |
|  system_i/zynq_ps/inst/pl_clk0 |                                                                                                                                                                   | system_i/axi_sc/inst/s00_nodes/s00_ar_node/inst/s_sc_areset_pipe                                                                                     |                1 |              1 |         1.00 |
|  system_i/zynq_ps/inst/pl_clk0 |                                                                                                                                                                   | system_i/axi_sc/inst/s00_nodes/s00_b_node/inst/s_sc_areset_pipe                                                                                      |                1 |              1 |         1.00 |
|  system_i/zynq_ps/inst/pl_clk0 |                                                                                                                                                                   | system_i/axi_sc/inst/s00_nodes/s00_r_node/inst/inst_mi_handler/areset_r                                                                              |                1 |              2 |         2.00 |
|  system_i/zynq_ps/inst/pl_clk0 |                                                                                                                                                                   | system_i/axi_sc/inst/s00_nodes/s00_ar_node/inst/inst_mi_handler/areset_r                                                                             |                1 |              2 |         2.00 |
|  system_i/zynq_ps/inst/pl_clk0 |                                                                                                                                                                   | system_i/axi_sc/inst/s00_nodes/s00_aw_node/inst/inst_mi_handler/areset_r                                                                             |                1 |              2 |         2.00 |
|  system_i/zynq_ps/inst/pl_clk0 |                                                                                                                                                                   | system_i/axi_sc/inst/s00_nodes/s00_b_node/inst/inst_mi_handler/areset_r                                                                              |                1 |              2 |         2.00 |
|  system_i/zynq_ps/inst/pl_clk0 | system_i/hft_core/inst/u_core/u_strategy/signal_valid_reg_2[0]                                                                                                    | system_i/rst_sys/U0/peripheral_aresetn[0]                                                                                                            |                1 |              2 |         2.00 |
|  system_i/zynq_ps/inst/pl_clk0 | system_i/hft_core/inst/u_core/u_strategy/signal_valid_reg_9[0]                                                                                                    | system_i/rst_sys/U0/peripheral_aresetn[0]                                                                                                            |                1 |              2 |         2.00 |
|  system_i/zynq_ps/inst/pl_clk0 |                                                                                                                                                                   | system_i/axi_sc/inst/m00_exit_pipeline/m00_exit/inst/exit_inst/gen_w_cmd_reg.aresetn_d_reg_n_0_[0]                                                   |                1 |              2 |         2.00 |
|  system_i/zynq_ps/inst/pl_clk0 |                                                                                                                                                                   | system_i/axi_sc/inst/m00_exit_pipeline/m00_exit/inst/areset                                                                                          |                1 |              2 |         2.00 |
|  system_i/zynq_ps/inst/pl_clk0 | system_i/hft_core/inst/u_core/u_strategy/signal_valid_reg_1[0]                                                                                                    | system_i/rst_sys/U0/peripheral_aresetn[0]                                                                                                            |                1 |              2 |         2.00 |
|  system_i/zynq_ps/inst/pl_clk0 |                                                                                                                                                                   | system_i/axi_sc/inst/s00_nodes/s00_w_node/inst/inst_mi_handler/areset_r                                                                              |                1 |              2 |         2.00 |
|  system_i/zynq_ps/inst/pl_clk0 | system_i/hft_core/inst/u_core/u_strategy/signal_valid_reg_11[0]                                                                                                   | system_i/rst_sys/U0/peripheral_aresetn[0]                                                                                                            |                1 |              2 |         2.00 |
|  system_i/zynq_ps/inst/pl_clk0 | system_i/hft_core/inst/u_core/u_strategy/signal_valid_reg_3[0]                                                                                                    | system_i/rst_sys/U0/peripheral_aresetn[0]                                                                                                            |                1 |              2 |         2.00 |
|  system_i/zynq_ps/inst/pl_clk0 | system_i/axi_sc/inst/s00_entry_pipeline/s00_mmu/inst/aw_reg_stall/E[0]                                                                                            | system_i/axi_sc/inst/s00_entry_pipeline/s00_mmu/inst/areset                                                                                          |                1 |              2 |         2.00 |
|  system_i/zynq_ps/inst/pl_clk0 |                                                                                                                                                                   | system_i/axi_sc/inst/s00_entry_pipeline/s00_transaction_regulator/inst/gen_endpoint.gen_w_singleorder.w_singleorder/gen_id_reg.aresetn_d_reg_n_0_[0] |                2 |              2 |         1.00 |
|  system_i/zynq_ps/inst/pl_clk0 |                                                                                                                                                                   | system_i/axi_sc/inst/s00_entry_pipeline/s00_transaction_regulator/inst/areset                                                                        |                1 |              2 |         2.00 |
|  system_i/zynq_ps/inst/pl_clk0 | system_i/axi_sc/inst/s00_entry_pipeline/s00_si_converter/inst/gen_axilite_conv.axilite_conv_inst/s_r_pointer[1]_i_1_n_0                                           | system_i/axi_sc/inst/s00_entry_pipeline/s00_si_converter/inst/areset                                                                                 |                1 |              2 |         2.00 |
|  system_i/zynq_ps/inst/pl_clk0 |                                                                                                                                                                   | system_i/axi_sc/inst/s00_entry_pipeline/s00_mmu/inst/areset_d                                                                                        |                1 |              2 |         2.00 |
|  system_i/zynq_ps/inst/pl_clk0 | system_i/axi_sc/inst/s00_entry_pipeline/s00_si_converter/inst/gen_axilite_conv.axilite_conv_inst/s_axi_rresp_i[1]_i_1_n_0                                         | system_i/axi_sc/inst/s00_entry_pipeline/s00_si_converter/inst/areset                                                                                 |                1 |              2 |         2.00 |
|  system_i/zynq_ps/inst/pl_clk0 | system_i/hft_core/inst/u_core/u_strategy/signal_valid_reg_4[0]                                                                                                    | system_i/rst_sys/U0/peripheral_aresetn[0]                                                                                                            |                1 |              2 |         2.00 |
|  system_i/zynq_ps/inst/pl_clk0 | system_i/hft_core/inst/u_core/u_strategy/signal_valid_reg_7[0]                                                                                                    | system_i/rst_sys/U0/peripheral_aresetn[0]                                                                                                            |                1 |              2 |         2.00 |
|  system_i/zynq_ps/inst/pl_clk0 | system_i/hft_core/inst/u_core/u_strategy/signal_valid_reg_13[0]                                                                                                   | system_i/rst_sys/U0/peripheral_aresetn[0]                                                                                                            |                1 |              2 |         2.00 |
|  system_i/zynq_ps/inst/pl_clk0 | system_i/axi_sc/inst/s00_entry_pipeline/s00_mmu/inst/ar_reg_stall/E[0]                                                                                            | system_i/axi_sc/inst/s00_entry_pipeline/s00_mmu/inst/areset                                                                                          |                1 |              2 |         2.00 |
|  system_i/zynq_ps/inst/pl_clk0 | system_i/axi_sc/inst/s00_entry_pipeline/s00_si_converter/inst/gen_axilite_conv.axilite_conv_inst/s_axi_bresp_i[1]_i_2_n_0                                         | system_i/axi_sc/inst/s00_entry_pipeline/s00_si_converter/inst/gen_axilite_conv.axilite_conv_inst/s_axi_bresp_i[1]_i_1_n_0                            |                1 |              2 |         2.00 |
|  system_i/zynq_ps/inst/pl_clk0 | system_i/axi_sc/inst/s00_entry_pipeline/s00_si_converter/inst/gen_axilite_conv.axilite_conv_inst/ar_start_addr_align[1]_i_1_n_0                                   | system_i/axi_sc/inst/s00_entry_pipeline/s00_si_converter/inst/areset                                                                                 |                1 |              2 |         2.00 |
|  system_i/zynq_ps/inst/pl_clk0 | system_i/hft_core/inst/u_core/u_axi_regs/strategy_sel[1]_i_1_n_0                                                                                                  | system_i/rst_sys/U0/peripheral_aresetn[0]                                                                                                            |                1 |              2 |         2.00 |
|  system_i/zynq_ps/inst/pl_clk0 | system_i/hft_core/inst/u_core/u_strategy/signal_valid_reg_6[0]                                                                                                    | system_i/rst_sys/U0/peripheral_aresetn[0]                                                                                                            |                1 |              2 |         2.00 |
|  system_i/zynq_ps/inst/pl_clk0 | system_i/hft_core/inst/u_core/u_strategy/signal_valid_reg_15[0]                                                                                                   | system_i/rst_sys/U0/peripheral_aresetn[0]                                                                                                            |                1 |              2 |         2.00 |
|  system_i/zynq_ps/inst/pl_clk0 | system_i/hft_core/inst/u_core/u_strategy/signal_valid_reg_10[0]                                                                                                   | system_i/rst_sys/U0/peripheral_aresetn[0]                                                                                                            |                1 |              2 |         2.00 |
|  system_i/zynq_ps/inst/pl_clk0 | system_i/hft_core/inst/u_core/u_strategy/signal_valid_reg_5[0]                                                                                                    | system_i/rst_sys/U0/peripheral_aresetn[0]                                                                                                            |                1 |              2 |         2.00 |
|  system_i/zynq_ps/inst/pl_clk0 | system_i/hft_core/inst/u_core/u_strategy/signal_valid_reg_8[0]                                                                                                    | system_i/rst_sys/U0/peripheral_aresetn[0]                                                                                                            |                1 |              2 |         2.00 |
|  system_i/zynq_ps/inst/pl_clk0 | system_i/hft_core/inst/u_core/u_strategy/signal_valid_reg_0[0]                                                                                                    | system_i/rst_sys/U0/peripheral_aresetn[0]                                                                                                            |                1 |              2 |         2.00 |
|  system_i/zynq_ps/inst/pl_clk0 | system_i/hft_core/inst/u_core/u_strategy/signal_valid_reg_12[0]                                                                                                   | system_i/rst_sys/U0/peripheral_aresetn[0]                                                                                                            |                1 |              2 |         2.00 |
|  system_i/zynq_ps/inst/pl_clk0 | system_i/hft_core/inst/u_core/u_strategy/signal_valid_reg_14[0]                                                                                                   | system_i/rst_sys/U0/peripheral_aresetn[0]                                                                                                            |                1 |              2 |         2.00 |
|  system_i/zynq_ps/inst/pl_clk0 | system_i/axi_sc/inst/s00_entry_pipeline/s00_mmu/inst/aw_reg_stall/state                                                                                           | system_i/axi_sc/inst/s00_entry_pipeline/s00_mmu/inst/areset                                                                                          |                2 |              3 |         1.50 |
|  system_i/zynq_ps/inst/pl_clk0 | system_i/hft_core/inst/u_core/u_axi_regs/E[0]                                                                                                                     | system_i/rst_sys/U0/peripheral_aresetn[0]                                                                                                            |                1 |              3 |         3.00 |
|  system_i/zynq_ps/inst/pl_clk0 | system_i/axi_sc/inst/s00_entry_pipeline/s00_mmu/inst/gen_endpoint.decerr_slave_inst/gen_axi.gen_write.write_cs[0]                                                 | system_i/axi_sc/inst/s00_entry_pipeline/s00_mmu/inst/areset                                                                                          |                1 |              3 |         3.00 |
|  system_i/zynq_ps/inst/pl_clk0 | system_i/axi_sc/inst/s00_entry_pipeline/s00_si_converter/inst/gen_axilite_conv.axilite_conv_inst/w_state[0]                                                       | system_i/axi_sc/inst/s00_entry_pipeline/s00_si_converter/inst/areset                                                                                 |                1 |              3 |         3.00 |
|  system_i/zynq_ps/inst/pl_clk0 | system_i/axi_sc/inst/s00_entry_pipeline/s00_mmu/inst/ar_reg_stall/state                                                                                           | system_i/axi_sc/inst/s00_entry_pipeline/s00_mmu/inst/areset                                                                                          |                1 |              3 |         3.00 |
|  system_i/zynq_ps/inst/pl_clk0 |                                                                                                                                                                   | system_i/axi_sc/inst/clk_map/psr_aclk/U0/EXT_LPF/lpf_int                                                                                             |                1 |              4 |         4.00 |
|  system_i/zynq_ps/inst/pl_clk0 |                                                                                                                                                                   | system_i/rst_sys/U0/EXT_LPF/lpf_int                                                                                                                  |                2 |              4 |         2.00 |
|  system_i/zynq_ps/inst/pl_clk0 | system_i/axi_sc/inst/s00_entry_pipeline/s00_si_converter/inst/gen_axilite_conv.axilite_conv_inst/r_state[0]                                                       | system_i/axi_sc/inst/s00_entry_pipeline/s00_si_converter/inst/areset                                                                                 |                3 |              4 |         1.33 |
|  system_i/zynq_ps/inst/pl_clk0 | system_i/axi_sc/inst/s00_entry_pipeline/s00_si_converter/inst/gen_axilite_conv.axilite_conv_inst/aw_incr[0]                                                       | system_i/axi_sc/inst/s00_entry_pipeline/s00_si_converter/inst/areset                                                                                 |                2 |              4 |         2.00 |
|  system_i/zynq_ps/inst/pl_clk0 | system_i/rst_sys/U0/SEQ/seq_cnt_en                                                                                                                                | system_i/rst_sys/U0/SEQ/seq_clr                                                                                                                      |                1 |              6 |         6.00 |
|  system_i/zynq_ps/inst/pl_clk0 | system_i/axi_sc/inst/clk_map/psr_aclk/U0/SEQ/seq_cnt_en                                                                                                           | system_i/axi_sc/inst/clk_map/psr_aclk/U0/SEQ/seq_clr                                                                                                 |                2 |              6 |         3.00 |
|  system_i/zynq_ps/inst/pl_clk0 | system_i/axi_sc/inst/s00_entry_pipeline/s00_si_converter/inst/gen_axilite_conv.axilite_conv_inst/s_axi_rvalid_i                                                   | system_i/axi_sc/inst/s00_entry_pipeline/s00_si_converter/inst/areset                                                                                 |                1 |              8 |         8.00 |
|  system_i/zynq_ps/inst/pl_clk0 | system_i/axi_sc/inst/s00_entry_pipeline/s00_si_converter/inst/gen_axilite_conv.axilite_conv_inst/ar_cnt[7]_i_1_n_0                                                | system_i/axi_sc/inst/s00_entry_pipeline/s00_si_converter/inst/areset                                                                                 |                4 |              8 |         2.00 |
|  system_i/zynq_ps/inst/pl_clk0 | system_i/axi_sc/inst/s00_entry_pipeline/s00_si_converter/inst/gen_axilite_conv.axilite_conv_inst/r_beats[7]_i_1_n_0                                               | system_i/axi_sc/inst/s00_entry_pipeline/s00_si_converter/inst/areset                                                                                 |                4 |              8 |         2.00 |
|  system_i/zynq_ps/inst/pl_clk0 | system_i/axi_sc/inst/s00_entry_pipeline/s00_mmu/inst/gen_endpoint.decerr_slave_inst/gen_axi.gen_read.read_cnt[7]_i_1_n_0                                          | system_i/axi_sc/inst/s00_entry_pipeline/s00_mmu/inst/areset                                                                                          |                3 |              8 |         2.67 |
|  system_i/zynq_ps/inst/pl_clk0 | system_i/axi_sc/inst/s00_entry_pipeline/s00_si_converter/inst/gen_axilite_conv.axilite_conv_inst/w_cnt[8]_i_1_n_0                                                 | system_i/axi_sc/inst/s00_entry_pipeline/s00_si_converter/inst/areset                                                                                 |                2 |              9 |         4.50 |
|  system_i/zynq_ps/inst/pl_clk0 | system_i/axi_sc/inst/s00_entry_pipeline/s00_si_converter/inst/gen_axilite_conv.axilite_conv_inst/s_buser[0]                                                       | system_i/axi_sc/inst/s00_entry_pipeline/s00_si_converter/inst/gen_axilite_conv.axilite_conv_inst/b_cnt[8]_i_1_n_0                                    |                3 |              9 |         3.00 |
|  system_i/zynq_ps/inst/pl_clk0 | system_i/axi_sc/inst/s00_nodes/s00_aw_node/inst/inst_mi_handler/gen_normal_area.inst_fifo_node_payld/gen_reg_fifo.inst_reg_fifo/gen_single_rank.data[152]_i_1_n_0 |                                                                                                                                                      |                2 |             10 |         5.00 |
|  system_i/zynq_ps/inst/pl_clk0 | system_i/axi_sc/inst/s00_nodes/s00_ar_node/inst/inst_mi_handler/gen_normal_area.inst_fifo_node_payld/gen_reg_fifo.inst_reg_fifo/gen_single_rank.data[152]_i_1_n_0 |                                                                                                                                                      |                3 |             10 |         3.33 |
|  system_i/zynq_ps/inst/pl_clk0 |                                                                                                                                                                   | system_i/axi_sc/inst/s00_entry_pipeline/s00_mmu/inst/areset                                                                                          |                7 |             10 |         1.43 |
|  system_i/zynq_ps/inst/pl_clk0 | system_i/axi_sc/inst/s00_entry_pipeline/s00_si_converter/inst/gen_axilite_conv.axilite_conv_inst/ar_addr_d[9]_i_1_n_0                                             | system_i/axi_sc/inst/s00_entry_pipeline/s00_si_converter/inst/areset                                                                                 |                7 |             12 |         1.71 |
|  system_i/zynq_ps/inst/pl_clk0 | system_i/axi_sc/inst/s00_entry_pipeline/s00_si_converter/inst/gen_axilite_conv.axilite_conv_inst/aw_addr[9]_i_1_n_0                                               | system_i/axi_sc/inst/s00_entry_pipeline/s00_si_converter/inst/areset                                                                                 |                7 |             12 |         1.71 |
|  system_i/zynq_ps/inst/pl_clk0 |                                                                                                                                                                   | system_i/axi_sc/inst/s00_entry_pipeline/s00_si_converter/inst/areset                                                                                 |                9 |             12 |         1.33 |
|  system_i/zynq_ps/inst/pl_clk0 | system_i/hft_core/inst/u_core/u_pos_tracker/fill_side_out_reg_18[0]                                                                                               | system_i/rst_sys/U0/peripheral_aresetn[0]                                                                                                            |               15 |             16 |         1.07 |
|  system_i/zynq_ps/inst/pl_clk0 | system_i/hft_core/inst/u_core/u_pos_tracker/fill_side_out_reg_4[0]                                                                                                | system_i/rst_sys/U0/peripheral_aresetn[0]                                                                                                            |               16 |             16 |         1.00 |
|  system_i/zynq_ps/inst/pl_clk0 | system_i/hft_core/inst/u_core/u_pos_tracker/fill_side_out_reg_14[0]                                                                                               | system_i/rst_sys/U0/peripheral_aresetn[0]                                                                                                            |               16 |             16 |         1.00 |
|  system_i/zynq_ps/inst/pl_clk0 | system_i/hft_core/inst/u_core/u_pos_tracker/fill_side_out_reg_7[0]                                                                                                | system_i/rst_sys/U0/peripheral_aresetn[0]                                                                                                            |               16 |             16 |         1.00 |
|  system_i/zynq_ps/inst/pl_clk0 | system_i/hft_core/inst/u_core/u_pos_tracker/fill_side_out_reg_3[0]                                                                                                | system_i/rst_sys/U0/peripheral_aresetn[0]                                                                                                            |               15 |             16 |         1.07 |
|  system_i/zynq_ps/inst/pl_clk0 | system_i/hft_core/inst/u_core/u_pos_tracker/fill_side_out_reg_13[0]                                                                                               | system_i/rst_sys/U0/peripheral_aresetn[0]                                                                                                            |               16 |             16 |         1.00 |
|  system_i/zynq_ps/inst/pl_clk0 | system_i/hft_core/inst/u_core/u_pos_tracker/fill_side_out_reg_6[0]                                                                                                | system_i/rst_sys/U0/peripheral_aresetn[0]                                                                                                            |               16 |             16 |         1.00 |
|  system_i/zynq_ps/inst/pl_clk0 | system_i/hft_core/inst/u_core/u_pos_tracker/fill_side_out_reg_8[0]                                                                                                | system_i/rst_sys/U0/peripheral_aresetn[0]                                                                                                            |               16 |             16 |         1.00 |
|  system_i/zynq_ps/inst/pl_clk0 | system_i/hft_core/inst/u_core/u_pos_tracker/fill_side_out_reg_20[0]                                                                                               | system_i/rst_sys/U0/peripheral_aresetn[0]                                                                                                            |               16 |             16 |         1.00 |
|  system_i/zynq_ps/inst/pl_clk0 | system_i/hft_core/inst/u_core/u_pos_tracker/fill_side_out_reg_9[0]                                                                                                | system_i/rst_sys/U0/peripheral_aresetn[0]                                                                                                            |               16 |             16 |         1.00 |
|  system_i/zynq_ps/inst/pl_clk0 | system_i/hft_core/inst/u_core/u_pos_tracker/fill_side_out_reg_12[0]                                                                                               | system_i/rst_sys/U0/peripheral_aresetn[0]                                                                                                            |               15 |             16 |         1.07 |
|  system_i/zynq_ps/inst/pl_clk0 | system_i/hft_core/inst/u_core/u_pos_tracker/signal_side_reg_2[0]                                                                                                  | system_i/rst_sys/U0/peripheral_aresetn[0]                                                                                                            |               16 |             16 |         1.00 |
|  system_i/zynq_ps/inst/pl_clk0 | system_i/hft_core/inst/u_core/u_pos_tracker/signal_side_reg_3[0]                                                                                                  | system_i/rst_sys/U0/peripheral_aresetn[0]                                                                                                            |               16 |             16 |         1.00 |
|  system_i/zynq_ps/inst/pl_clk0 | system_i/hft_core/inst/u_core/u_pos_tracker/signal_symbol_reg[5][0]                                                                                               | system_i/rst_sys/U0/peripheral_aresetn[0]                                                                                                            |               14 |             16 |         1.14 |
|  system_i/zynq_ps/inst/pl_clk0 | system_i/hft_core/inst/u_core/u_pos_tracker/signal_symbol_reg[5]_1[0]                                                                                             | system_i/rst_sys/U0/peripheral_aresetn[0]                                                                                                            |               16 |             16 |         1.00 |
|  system_i/zynq_ps/inst/pl_clk0 | system_i/hft_core/inst/u_core/u_strategy/signal_symbol_reg[5]_0[0]                                                                                                | system_i/rst_sys/U0/peripheral_aresetn[0]                                                                                                            |               15 |             16 |         1.07 |
|  system_i/zynq_ps/inst/pl_clk0 | system_i/hft_core/inst/u_core/u_pos_tracker/fill_processed_reg_16[0]                                                                                              | system_i/rst_sys/U0/peripheral_aresetn[0]                                                                                                            |                7 |             16 |         2.29 |
|  system_i/zynq_ps/inst/pl_clk0 | system_i/hft_core/inst/u_core/u_strategy/fill_side_out_reg_0[0]                                                                                                   | system_i/rst_sys/U0/peripheral_aresetn[0]                                                                                                            |               16 |             16 |         1.00 |
|  system_i/zynq_ps/inst/pl_clk0 | system_i/hft_core/inst/u_core/u_pos_tracker/signal_symbol_reg[5]_0[0]                                                                                             | system_i/rst_sys/U0/peripheral_aresetn[0]                                                                                                            |               16 |             16 |         1.00 |
|  system_i/zynq_ps/inst/pl_clk0 | system_i/axi_sc/inst/s00_entry_pipeline/s00_transaction_regulator/inst/gen_endpoint.gen_r_singleorder.r_singleorder/gen_id_reg.s_rid_i0                           |                                                                                                                                                      |                3 |             16 |         5.33 |
|  system_i/zynq_ps/inst/pl_clk0 | system_i/axi_sc/inst/s00_entry_pipeline/s00_transaction_regulator/inst/gen_endpoint.gen_w_singleorder.w_singleorder/gen_id_reg.s_rid_i0                           |                                                                                                                                                      |                3 |             16 |         5.33 |
|  system_i/zynq_ps/inst/pl_clk0 | system_i/hft_core/inst/u_core/u_pos_tracker/fill_side_out_reg_11[0]                                                                                               | system_i/rst_sys/U0/peripheral_aresetn[0]                                                                                                            |               16 |             16 |         1.00 |
|  system_i/zynq_ps/inst/pl_clk0 | system_i/hft_core/inst/u_core/u_pos_tracker/fill_side_out_reg_10[0]                                                                                               | system_i/rst_sys/U0/peripheral_aresetn[0]                                                                                                            |               16 |             16 |         1.00 |
|  system_i/zynq_ps/inst/pl_clk0 | system_i/hft_core/inst/u_core/u_strategy/fill_side_out_reg_2[0]                                                                                                   | system_i/rst_sys/U0/peripheral_aresetn[0]                                                                                                            |               16 |             16 |         1.00 |
|  system_i/zynq_ps/inst/pl_clk0 | system_i/hft_core/inst/u_core/u_strategy/fill_side_out_reg_1[0]                                                                                                   | system_i/rst_sys/U0/peripheral_aresetn[0]                                                                                                            |               16 |             16 |         1.00 |
|  system_i/zynq_ps/inst/pl_clk0 | system_i/hft_core/inst/u_core/u_pos_tracker/fill_side_out_reg_17[0]                                                                                               | system_i/rst_sys/U0/peripheral_aresetn[0]                                                                                                            |               16 |             16 |         1.00 |
|  system_i/zynq_ps/inst/pl_clk0 | system_i/hft_core/inst/u_core/u_strategy/fill_side_out_reg[0]                                                                                                     | system_i/rst_sys/U0/peripheral_aresetn[0]                                                                                                            |               16 |             16 |         1.00 |
|  system_i/zynq_ps/inst/pl_clk0 | system_i/hft_core/inst/u_core/u_pos_tracker/signal_side_reg_4[0]                                                                                                  | system_i/rst_sys/U0/peripheral_aresetn[0]                                                                                                            |               16 |             16 |         1.00 |
|  system_i/zynq_ps/inst/pl_clk0 | system_i/hft_core/inst/u_core/u_pos_tracker/fill_side_out_reg_1[0]                                                                                                | system_i/rst_sys/U0/peripheral_aresetn[0]                                                                                                            |               16 |             16 |         1.00 |
|  system_i/zynq_ps/inst/pl_clk0 | system_i/hft_core/inst/u_core/u_demux/E[0]                                                                                                                        | system_i/rst_sys/U0/peripheral_aresetn[0]                                                                                                            |                6 |             16 |         2.67 |
|  system_i/zynq_ps/inst/pl_clk0 | system_i/hft_core/inst/u_core/u_strategy/fill_side_out_reg_3[0]                                                                                                   | system_i/rst_sys/U0/peripheral_aresetn[0]                                                                                                            |               14 |             16 |         1.14 |
|  system_i/zynq_ps/inst/pl_clk0 | system_i/hft_core/inst/u_core/u_pos_tracker/fill_side_out_reg_16[0]                                                                                               | system_i/rst_sys/U0/peripheral_aresetn[0]                                                                                                            |               13 |             16 |         1.23 |
|  system_i/zynq_ps/inst/pl_clk0 | system_i/hft_core/inst/u_core/u_pos_tracker/fill_side_out_reg_2[0]                                                                                                | system_i/rst_sys/U0/peripheral_aresetn[0]                                                                                                            |               16 |             16 |         1.00 |
|  system_i/zynq_ps/inst/pl_clk0 | system_i/hft_core/inst/u_core/u_pos_tracker/fill_side_out_reg_19[0]                                                                                               | system_i/rst_sys/U0/peripheral_aresetn[0]                                                                                                            |               14 |             16 |         1.14 |
|  system_i/zynq_ps/inst/pl_clk0 | system_i/hft_core/inst/u_core/u_axi_regs/base_qty[15]_i_1_n_0                                                                                                     | system_i/rst_sys/U0/peripheral_aresetn[0]                                                                                                            |               10 |             16 |         1.60 |
|  system_i/zynq_ps/inst/pl_clk0 | system_i/axi_sc/inst/s00_entry_pipeline/s00_mmu/inst/gen_endpoint.decerr_slave_inst/gen_axi.gen_read.s_axi_rid_i[15]_i_1_n_0                                      | system_i/axi_sc/inst/s00_entry_pipeline/s00_mmu/inst/areset                                                                                          |                3 |             16 |         5.33 |
|  system_i/zynq_ps/inst/pl_clk0 | system_i/hft_core/inst/u_core/u_pos_tracker/fill_side_out_reg_5[0]                                                                                                | system_i/rst_sys/U0/peripheral_aresetn[0]                                                                                                            |               16 |             16 |         1.00 |
|  system_i/zynq_ps/inst/pl_clk0 | system_i/axi_sc/inst/s00_entry_pipeline/s00_mmu/inst/gen_endpoint.decerr_slave_inst/gen_axi.gen_write.s_axi_bid_i[15]_i_1_n_0                                     | system_i/axi_sc/inst/s00_entry_pipeline/s00_mmu/inst/areset                                                                                          |                3 |             16 |         5.33 |
|  system_i/zynq_ps/inst/pl_clk0 | system_i/hft_core/inst/u_core/u_pos_tracker/fill_side_out_reg_15[0]                                                                                               | system_i/rst_sys/U0/peripheral_aresetn[0]                                                                                                            |               16 |             16 |         1.00 |
|  system_i/zynq_ps/inst/pl_clk0 | system_i/hft_core/inst/u_core/u_axi_regs/ema_alpha[15]_i_1_n_0                                                                                                    | system_i/rst_sys/U0/peripheral_aresetn[0]                                                                                                            |                4 |             16 |         4.00 |
|  system_i/zynq_ps/inst/pl_clk0 | system_i/hft_core/inst/u_core/u_lat_hist/lat_min[31]_i_1_n_0                                                                                                      | system_i/rst_sys/U0/peripheral_aresetn[0]                                                                                                            |                9 |             17 |         1.89 |
|  system_i/zynq_ps/inst/pl_clk0 |                                                                                                                                                                   | system_i/axi_sc/inst/clk_map/psr_aclk/U0/interconnect_aresetn[0]                                                                                     |                7 |             27 |         3.86 |
|  system_i/zynq_ps/inst/pl_clk0 | system_i/hft_core/inst/u_core/u_feature/ema_state[10][31]_i_1_n_0                                                                                                 | system_i/rst_sys/U0/peripheral_aresetn[0]                                                                                                            |               26 |             32 |         1.23 |
|  system_i/zynq_ps/inst/pl_clk0 | system_i/hft_core/inst/u_core/u_feature/ema_state[11][31]_i_1_n_0                                                                                                 | system_i/rst_sys/U0/peripheral_aresetn[0]                                                                                                            |               23 |             32 |         1.39 |
|  system_i/zynq_ps/inst/pl_clk0 | system_i/hft_core/inst/u_core/u_feature/ema_state[13][31]_i_1_n_0                                                                                                 | system_i/rst_sys/U0/peripheral_aresetn[0]                                                                                                            |               26 |             32 |         1.23 |
|  system_i/zynq_ps/inst/pl_clk0 | system_i/hft_core/inst/u_core/u_feature/ema_state[1][31]_i_1_n_0                                                                                                  | system_i/rst_sys/U0/peripheral_aresetn[0]                                                                                                            |               19 |             32 |         1.68 |
|  system_i/zynq_ps/inst/pl_clk0 | system_i/hft_core/inst/u_core/u_feature/ema_state[7][31]_i_1_n_0                                                                                                  | system_i/rst_sys/U0/peripheral_aresetn[0]                                                                                                            |               16 |             32 |         2.00 |
|  system_i/zynq_ps/inst/pl_clk0 | system_i/hft_core/inst/u_core/u_feature/ema_state[8][31]_i_1_n_0                                                                                                  | system_i/rst_sys/U0/peripheral_aresetn[0]                                                                                                            |               21 |             32 |         1.52 |
|  system_i/zynq_ps/inst/pl_clk0 | system_i/hft_core/inst/u_core/u_feature/ema_state[12][31]_i_1_n_0                                                                                                 | system_i/rst_sys/U0/peripheral_aresetn[0]                                                                                                            |               24 |             32 |         1.33 |
|  system_i/zynq_ps/inst/pl_clk0 | system_i/hft_core/inst/u_core/u_feature/ema_state[14][31]_i_1_n_0                                                                                                 | system_i/rst_sys/U0/peripheral_aresetn[0]                                                                                                            |               25 |             32 |         1.28 |
|  system_i/zynq_ps/inst/pl_clk0 | system_i/hft_core/inst/u_core/u_feature/ema_state[2][31]_i_1_n_0                                                                                                  | system_i/rst_sys/U0/peripheral_aresetn[0]                                                                                                            |               18 |             32 |         1.78 |
|  system_i/zynq_ps/inst/pl_clk0 | system_i/hft_core/inst/u_core/u_feature/ema_state[5][31]_i_1_n_0                                                                                                  | system_i/rst_sys/U0/peripheral_aresetn[0]                                                                                                            |               20 |             32 |         1.60 |
|  system_i/zynq_ps/inst/pl_clk0 | system_i/hft_core/inst/u_core/u_feature/ema_state[6][31]_i_1_n_0                                                                                                  | system_i/rst_sys/U0/peripheral_aresetn[0]                                                                                                            |               23 |             32 |         1.39 |
|  system_i/zynq_ps/inst/pl_clk0 | system_i/hft_core/inst/u_core/u_feature/ema_state[9][31]_i_1_n_0                                                                                                  | system_i/rst_sys/U0/peripheral_aresetn[0]                                                                                                            |               22 |             32 |         1.45 |
|  system_i/zynq_ps/inst/pl_clk0 | system_i/hft_core/inst/u_core/u_feature/ema_state[15][31]_i_1_n_0                                                                                                 | system_i/rst_sys/U0/peripheral_aresetn[0]                                                                                                            |               20 |             32 |         1.60 |
|  system_i/zynq_ps/inst/pl_clk0 | system_i/hft_core/inst/u_core/u_feature/ema_state[3][31]_i_1_n_0                                                                                                  | system_i/rst_sys/U0/peripheral_aresetn[0]                                                                                                            |               20 |             32 |         1.60 |
|  system_i/zynq_ps/inst/pl_clk0 | system_i/hft_core/inst/u_core/u_feature/ema_state[4][31]_i_1_n_0                                                                                                  | system_i/rst_sys/U0/peripheral_aresetn[0]                                                                                                            |               17 |             32 |         1.88 |
|  system_i/zynq_ps/inst/pl_clk0 | system_i/axi_sc/inst/s00_nodes/s00_w_node/inst/inst_mi_handler/gen_normal_area.inst_fifo_node_payld/gen_reg_fifo.inst_reg_fifo/gen_single_rank.data[51]_i_1_n_0   |                                                                                                                                                      |                2 |             32 |        16.00 |
|  system_i/zynq_ps/inst/pl_clk0 | system_i/hft_core/inst/u_core/u_pos_tracker/fill_processed_reg_9[0]                                                                                               | system_i/rst_sys/U0/peripheral_aresetn[0]                                                                                                            |               23 |             32 |         1.39 |
|  system_i/zynq_ps/inst/pl_clk0 | system_i/hft_core/inst/u_core/u_link_rx/frame_out_reg[125]_2                                                                                                      | system_i/rst_sys/U0/peripheral_aresetn[0]                                                                                                            |                4 |             32 |         8.00 |
|  system_i/zynq_ps/inst/pl_clk0 | system_i/hft_core/inst/u_core/u_link_rx/error_count[31]_i_1_n_0                                                                                                   | system_i/rst_sys/U0/peripheral_aresetn[0]                                                                                                            |               10 |             32 |         3.20 |
|  system_i/zynq_ps/inst/pl_clk0 | system_i/axi_sc/inst/s00_nodes/s00_r_node/inst/inst_mi_handler/gen_normal_area.inst_fifo_node_payld/gen_reg_fifo.inst_reg_fifo/gen_single_rank.data[50]_i_1_n_0   |                                                                                                                                                      |                2 |             32 |        16.00 |
|  system_i/zynq_ps/inst/pl_clk0 | system_i/hft_core/inst/u_core/u_pos_tracker/signal_valid_reg_0                                                                                                    | system_i/rst_sys/U0/peripheral_aresetn[0]                                                                                                            |                4 |             32 |         8.00 |
|  system_i/zynq_ps/inst/pl_clk0 | system_i/hft_core/inst/u_core/u_pos_tracker/fill_processed_reg_0[0]                                                                                               | system_i/rst_sys/U0/peripheral_aresetn[0]                                                                                                            |               17 |             32 |         1.88 |
|  system_i/zynq_ps/inst/pl_clk0 | system_i/hft_core/inst/u_core/u_pos_tracker/fill_processed_reg_13[0]                                                                                              | system_i/rst_sys/U0/peripheral_aresetn[0]                                                                                                            |               20 |             32 |         1.60 |
|  system_i/zynq_ps/inst/pl_clk0 | system_i/hft_core/inst/u_core/u_pos_tracker/fill_processed_reg_14[0]                                                                                              | system_i/rst_sys/U0/peripheral_aresetn[0]                                                                                                            |               19 |             32 |         1.68 |
|  system_i/zynq_ps/inst/pl_clk0 | system_i/hft_core/inst/u_core/u_pos_tracker/fill_processed_reg_10[0]                                                                                              | system_i/rst_sys/U0/peripheral_aresetn[0]                                                                                                            |               19 |             32 |         1.68 |
|  system_i/zynq_ps/inst/pl_clk0 | system_i/axi_sc/inst/s00_entry_pipeline/s00_si_converter/inst/gen_axilite_conv.axilite_conv_inst/s_axi_rdata_i[31]_i_1_n_0                                        | system_i/axi_sc/inst/s00_entry_pipeline/s00_si_converter/inst/areset                                                                                 |                5 |             32 |         6.40 |
|  system_i/zynq_ps/inst/pl_clk0 | system_i/hft_core/inst/u_core/u_pos_tracker/fill_processed_reg_12[0]                                                                                              | system_i/rst_sys/U0/peripheral_aresetn[0]                                                                                                            |               18 |             32 |         1.78 |
|  system_i/zynq_ps/inst/pl_clk0 | system_i/hft_core/inst/u_core/u_pos_tracker/fill_processed_reg_3[0]                                                                                               | system_i/rst_sys/U0/peripheral_aresetn[0]                                                                                                            |               19 |             32 |         1.68 |
|  system_i/zynq_ps/inst/pl_clk0 | system_i/hft_core/inst/u_core/u_pos_tracker/fill_processed_reg_15[0]                                                                                              | system_i/rst_sys/U0/peripheral_aresetn[0]                                                                                                            |               19 |             32 |         1.68 |
|  system_i/zynq_ps/inst/pl_clk0 | system_i/hft_core/inst/u_core/u_pos_tracker/fill_processed_reg_2[0]                                                                                               | system_i/rst_sys/U0/peripheral_aresetn[0]                                                                                                            |               19 |             32 |         1.68 |
|  system_i/zynq_ps/inst/pl_clk0 | system_i/hft_core/inst/u_core/u_pos_tracker/fill_processed_reg_4[0]                                                                                               | system_i/rst_sys/U0/peripheral_aresetn[0]                                                                                                            |               21 |             32 |         1.52 |
|  system_i/zynq_ps/inst/pl_clk0 | system_i/hft_core/inst/u_core/u_pos_tracker/fill_processed_reg_5[0]                                                                                               | system_i/rst_sys/U0/peripheral_aresetn[0]                                                                                                            |               20 |             32 |         1.60 |
|  system_i/zynq_ps/inst/pl_clk0 | system_i/hft_core/inst/u_core/u_pos_tracker/fill_processed_reg_11[0]                                                                                              | system_i/rst_sys/U0/peripheral_aresetn[0]                                                                                                            |               18 |             32 |         1.78 |
|  system_i/zynq_ps/inst/pl_clk0 | system_i/hft_core/inst/u_core/u_pos_tracker/fill_processed_reg_6[0]                                                                                               | system_i/rst_sys/U0/peripheral_aresetn[0]                                                                                                            |               24 |             32 |         1.33 |
|  system_i/zynq_ps/inst/pl_clk0 | system_i/hft_core/inst/u_core/u_pos_tracker/fill_processed_reg_1[0]                                                                                               | system_i/rst_sys/U0/peripheral_aresetn[0]                                                                                                            |               20 |             32 |         1.60 |
|  system_i/zynq_ps/inst/pl_clk0 | system_i/hft_core/inst/u_core/u_pos_tracker/fill_processed_reg_7[0]                                                                                               | system_i/rst_sys/U0/peripheral_aresetn[0]                                                                                                            |               17 |             32 |         1.88 |
|  system_i/zynq_ps/inst/pl_clk0 | system_i/hft_core/inst/u_core/u_pos_tracker/fill_processed_reg_8[0]                                                                                               | system_i/rst_sys/U0/peripheral_aresetn[0]                                                                                                            |               19 |             32 |         1.68 |
|  system_i/zynq_ps/inst/pl_clk0 | system_i/hft_core/inst/u_core/u_axi_regs/threshold[31]_i_1_n_0                                                                                                    | system_i/rst_sys/U0/peripheral_aresetn[0]                                                                                                            |               11 |             32 |         2.91 |
|  system_i/zynq_ps/inst/pl_clk0 | system_i/hft_core/inst/u_core/u_pos_tracker/FSM_sequential_fsm_state_reg[2]_15                                                                                    | system_i/rst_sys/U0/peripheral_aresetn[0]                                                                                                            |                4 |             32 |         8.00 |
|  system_i/zynq_ps/inst/pl_clk0 | system_i/hft_core/inst/u_core/u_axi_regs/max_loss[31]_i_1_n_0                                                                                                     | system_i/rst_sys/U0/peripheral_aresetn[0]                                                                                                            |               15 |             32 |         2.13 |
|  system_i/zynq_ps/inst/pl_clk0 | system_i/hft_core/inst/u_core/u_axi_regs/max_order_rate[31]_i_1_n_0                                                                                               | system_i/rst_sys/U0/peripheral_aresetn[0]                                                                                                            |               15 |             32 |         2.13 |
|  system_i/zynq_ps/inst/pl_clk0 | system_i/hft_core/inst/u_core/u_axi_regs/max_position[31]_i_1_n_0                                                                                                 | system_i/rst_sys/U0/peripheral_aresetn[0]                                                                                                            |               13 |             32 |         2.46 |
|  system_i/zynq_ps/inst/pl_clk0 | system_i/hft_core/inst/u_core/u_feature/ema_state[0][31]_i_1_n_0                                                                                                  | system_i/rst_sys/U0/peripheral_aresetn[0]                                                                                                            |               19 |             32 |         1.68 |
|  system_i/zynq_ps/inst/pl_clk0 | system_i/hft_core/inst/u_core/u_axi_regs/s_axi_rdata[31]_i_1_n_0                                                                                                  | system_i/rst_sys/U0/peripheral_aresetn[0]                                                                                                            |               20 |             32 |         1.60 |
|  system_i/zynq_ps/inst/pl_clk0 | system_i/hft_core/inst/u_core/u_demux/fill_valid_reg_0                                                                                                            | system_i/rst_sys/U0/peripheral_aresetn[0]                                                                                                            |                7 |             36 |         5.14 |
|  system_i/zynq_ps/inst/pl_clk0 | system_i/axi_sc/inst/s00_entry_pipeline/s00_mmu/inst/aw_reg_stall/skid_buffer[1136]_i_1__0_n_0                                                                    |                                                                                                                                                      |                9 |             41 |         4.56 |
|  system_i/zynq_ps/inst/pl_clk0 | system_i/axi_sc/inst/s00_entry_pipeline/s00_mmu/inst/aw_reg_stall/m_vector_i[0]                                                                                   |                                                                                                                                                      |                9 |             41 |         4.56 |
|  system_i/zynq_ps/inst/pl_clk0 | system_i/axi_sc/inst/s00_entry_pipeline/s00_mmu/inst/ar_reg_stall/skid_buffer[1136]_i_1_n_0                                                                       |                                                                                                                                                      |                7 |             41 |         5.86 |
|  system_i/zynq_ps/inst/pl_clk0 | system_i/axi_sc/inst/s00_entry_pipeline/s00_mmu/inst/ar_reg_stall/m_vector_i[0]                                                                                   |                                                                                                                                                      |                7 |             41 |         5.86 |
|  system_i/zynq_ps/inst/pl_clk0 | system_i/hft_core/inst/u_core/u_order_mgr/next_order_id[0]                                                                                                        | system_i/rst_sys/U0/peripheral_aresetn[0]                                                                                                            |                9 |             48 |         5.33 |
|  system_i/zynq_ps/inst/pl_clk0 | system_i/axi_sc/inst/s00_entry_pipeline/s00_si_converter/inst/gen_axilite_conv.axilite_conv_inst/m_aruser[0]                                                      | system_i/axi_sc/inst/s00_entry_pipeline/s00_si_converter/inst/areset                                                                                 |               17 |             51 |         3.00 |
|  system_i/zynq_ps/inst/pl_clk0 | system_i/hft_core/inst/u_core/u_pos_tracker/E[0]                                                                                                                  | system_i/rst_sys/U0/peripheral_aresetn[0]                                                                                                            |               17 |             56 |         3.29 |
|  system_i/zynq_ps/inst/pl_clk0 | system_i/hft_core/inst/u_core/u_feature/feature_valid_reg_0                                                                                                       | system_i/rst_sys/U0/peripheral_aresetn[0]                                                                                                            |               25 |             63 |         2.52 |
|  system_i/zynq_ps/inst/pl_clk0 | system_i/hft_core/inst/u_core/u_demux/quote_frame_reg[119]_5[0]                                                                                                   | system_i/rst_sys/U0/peripheral_aresetn[0]                                                                                                            |               34 |             64 |         1.88 |
|  system_i/zynq_ps/inst/pl_clk0 | system_i/hft_core/inst/u_core/u_demux/quote_frame_reg[119]_6[0]                                                                                                   | system_i/rst_sys/U0/peripheral_aresetn[0]                                                                                                            |               39 |             64 |         1.64 |
|  system_i/zynq_ps/inst/pl_clk0 | system_i/hft_core/inst/u_core/u_demux/quote_frame_reg[119]_0[0]                                                                                                   | system_i/rst_sys/U0/peripheral_aresetn[0]                                                                                                            |               44 |             64 |         1.45 |
|  system_i/zynq_ps/inst/pl_clk0 | system_i/hft_core/inst/u_core/u_demux/quote_frame_reg[119]_10[0]                                                                                                  | system_i/rst_sys/U0/peripheral_aresetn[0]                                                                                                            |               42 |             64 |         1.52 |
|  system_i/zynq_ps/inst/pl_clk0 | system_i/hft_core/inst/u_core/u_demux/quote_frame_reg[119]_1[0]                                                                                                   | system_i/rst_sys/U0/peripheral_aresetn[0]                                                                                                            |               38 |             64 |         1.68 |
|  system_i/zynq_ps/inst/pl_clk0 | system_i/hft_core/inst/u_core/u_demux/quote_frame_reg[119]_12[0]                                                                                                  | system_i/rst_sys/U0/peripheral_aresetn[0]                                                                                                            |               42 |             64 |         1.52 |
|  system_i/zynq_ps/inst/pl_clk0 | system_i/hft_core/inst/u_core/u_demux/quote_frame_reg[119]_2[0]                                                                                                   | system_i/rst_sys/U0/peripheral_aresetn[0]                                                                                                            |               39 |             64 |         1.64 |
|  system_i/zynq_ps/inst/pl_clk0 | system_i/hft_core/inst/u_core/u_demux/quote_frame_reg[119]_13[0]                                                                                                  | system_i/rst_sys/U0/peripheral_aresetn[0]                                                                                                            |               43 |             64 |         1.49 |
|  system_i/zynq_ps/inst/pl_clk0 | system_i/hft_core/inst/u_core/u_demux/quote_frame_reg[119]_11[0]                                                                                                  | system_i/rst_sys/U0/peripheral_aresetn[0]                                                                                                            |               39 |             64 |         1.64 |
|  system_i/zynq_ps/inst/pl_clk0 | system_i/hft_core/inst/u_core/u_demux/quote_frame_reg[119]_7[0]                                                                                                   | system_i/rst_sys/U0/peripheral_aresetn[0]                                                                                                            |               44 |             64 |         1.45 |
|  system_i/zynq_ps/inst/pl_clk0 | system_i/hft_core/inst/u_core/u_demux/quote_frame_reg[119]_8[0]                                                                                                   | system_i/rst_sys/U0/peripheral_aresetn[0]                                                                                                            |               40 |             64 |         1.60 |
|  system_i/zynq_ps/inst/pl_clk0 | system_i/hft_core/inst/u_core/u_demux/quote_frame_reg[119]_9[0]                                                                                                   | system_i/rst_sys/U0/peripheral_aresetn[0]                                                                                                            |               34 |             64 |         1.88 |
|  system_i/zynq_ps/inst/pl_clk0 | system_i/hft_core/inst/u_core/u_demux/quote_frame_reg[119]_14[0]                                                                                                  | system_i/rst_sys/U0/peripheral_aresetn[0]                                                                                                            |               41 |             64 |         1.56 |
|  system_i/zynq_ps/inst/pl_clk0 | system_i/hft_core/inst/u_core/u_demux/quote_frame_reg[119]_15[0]                                                                                                  | system_i/rst_sys/U0/peripheral_aresetn[0]                                                                                                            |               40 |             64 |         1.60 |
|  system_i/zynq_ps/inst/pl_clk0 | system_i/hft_core/inst/u_core/u_demux/quote_frame_reg[119]_3[0]                                                                                                   | system_i/rst_sys/U0/peripheral_aresetn[0]                                                                                                            |               39 |             64 |         1.64 |
|  system_i/zynq_ps/inst/pl_clk0 | system_i/hft_core/inst/u_core/u_demux/quote_frame_reg[119]_4[0]                                                                                                   | system_i/rst_sys/U0/peripheral_aresetn[0]                                                                                                            |               42 |             64 |         1.52 |
|  system_i/zynq_ps/inst/pl_clk0 | system_i/hft_core/inst/u_core/u_demux/quote_frame_reg[123]_1[0]                                                                                                   | system_i/rst_sys/U0/peripheral_aresetn[0]                                                                                                            |               28 |             72 |         2.57 |
|  system_i/zynq_ps/inst/pl_clk0 | system_i/hft_core/inst/u_core/u_link_rx/frame_out_reg[125]_0[0]                                                                                                   | system_i/rst_sys/U0/peripheral_aresetn[0]                                                                                                            |               25 |             72 |         2.88 |
|  system_i/zynq_ps/inst/pl_clk0 | system_i/hft_core/inst/u_core/u_pos_tracker/fill_processed_reg_17[0]                                                                                              | system_i/rst_sys/U0/peripheral_aresetn[0]                                                                                                            |               14 |             80 |         5.71 |
|  system_i/zynq_ps/inst/pl_clk0 | system_i/hft_core/inst/u_core/u_demux/fill_valid_reg_17                                                                                                           | system_i/rst_sys/U0/peripheral_aresetn[0]                                                                                                            |               10 |             80 |         8.00 |
|  system_i/zynq_ps/inst/pl_clk0 | system_i/hft_core/inst/u_core/u_link_rx/frame_out_reg[125]_1                                                                                                      | system_i/rst_sys/U0/peripheral_aresetn[0]                                                                                                            |               29 |             86 |         2.97 |
|  system_i/zynq_ps/inst/pl_clk0 | system_i/hft_core/inst/u_core/u_link_tx/E[0]                                                                                                                      | system_i/rst_sys/U0/peripheral_aresetn[0]                                                                                                            |               26 |             90 |         3.46 |
|  system_i/zynq_ps/inst/pl_clk0 | system_i/hft_core/inst/u_core/u_order_mgr/holding3_out                                                                                                            | system_i/rst_sys/U0/peripheral_aresetn[0]                                                                                                            |               26 |             90 |         3.46 |
|  system_i/zynq_ps/inst/pl_clk0 | system_i/hft_core/inst/u_core/u_link_rx/frame_out[127]_i_1_n_0                                                                                                    | system_i/rst_sys/U0/peripheral_aresetn[0]                                                                                                            |               31 |             96 |         3.10 |
|  system_i/zynq_ps/inst/pl_clk0 | system_i/hft_core/inst/u_core/u_link_tx/beat[0]                                                                                                                   | system_i/rst_sys/U0/peripheral_aresetn[0]                                                                                                            |               21 |            101 |         4.81 |
|  system_i/zynq_ps/inst/pl_clk0 | system_i/hft_core/inst/u_core/u_quote_book/E[0]                                                                                                                   | system_i/rst_sys/U0/peripheral_aresetn[0]                                                                                                            |               27 |            103 |         3.81 |
|  system_i/zynq_ps/inst/pl_clk0 | system_i/hft_core/inst/u_core/u_feature/deviation[31]_i_1_n_0                                                                                                     | system_i/rst_sys/U0/peripheral_aresetn[0]                                                                                                            |               28 |            104 |         3.71 |
|  system_i/zynq_ps/inst/pl_clk0 |                                                                                                                                                                   |                                                                                                                                                      |               32 |            110 |         3.44 |
|  system_i/zynq_ps/inst/pl_clk0 | system_i/hft_core/inst/u_core/u_demux/fill_valid_reg_14[0]                                                                                                        | system_i/rst_sys/U0/peripheral_aresetn[0]                                                                                                            |               86 |            128 |         1.49 |
|  system_i/zynq_ps/inst/pl_clk0 | system_i/hft_core/inst/u_core/u_demux/fill_valid_reg_12[0]                                                                                                        | system_i/rst_sys/U0/peripheral_aresetn[0]                                                                                                            |               86 |            128 |         1.49 |
|  system_i/zynq_ps/inst/pl_clk0 | system_i/hft_core/inst/u_core/u_demux/fill_valid_reg_15[0]                                                                                                        | system_i/rst_sys/U0/peripheral_aresetn[0]                                                                                                            |               87 |            128 |         1.47 |
|  system_i/zynq_ps/inst/pl_clk0 | system_i/hft_core/inst/u_core/u_demux/fill_valid_reg_9[0]                                                                                                         | system_i/rst_sys/U0/peripheral_aresetn[0]                                                                                                            |               91 |            128 |         1.41 |
|  system_i/zynq_ps/inst/pl_clk0 | system_i/hft_core/inst/u_core/u_demux/fill_valid_reg_7[0]                                                                                                         | system_i/rst_sys/U0/peripheral_aresetn[0]                                                                                                            |               92 |            128 |         1.39 |
|  system_i/zynq_ps/inst/pl_clk0 | system_i/hft_core/inst/u_core/u_demux/fill_valid_reg_16[0]                                                                                                        | system_i/rst_sys/U0/peripheral_aresetn[0]                                                                                                            |               85 |            128 |         1.51 |
|  system_i/zynq_ps/inst/pl_clk0 | system_i/hft_core/inst/u_core/u_demux/fill_valid_reg_10[0]                                                                                                        | system_i/rst_sys/U0/peripheral_aresetn[0]                                                                                                            |               98 |            128 |         1.31 |
|  system_i/zynq_ps/inst/pl_clk0 | system_i/hft_core/inst/u_core/u_demux/fill_valid_reg_6[0]                                                                                                         | system_i/rst_sys/U0/peripheral_aresetn[0]                                                                                                            |               91 |            128 |         1.41 |
|  system_i/zynq_ps/inst/pl_clk0 | system_i/hft_core/inst/u_core/u_demux/fill_valid_reg_3[0]                                                                                                         | system_i/rst_sys/U0/peripheral_aresetn[0]                                                                                                            |               82 |            128 |         1.56 |
|  system_i/zynq_ps/inst/pl_clk0 | system_i/hft_core/inst/u_core/u_demux/fill_valid_reg_8[0]                                                                                                         | system_i/rst_sys/U0/peripheral_aresetn[0]                                                                                                            |               95 |            128 |         1.35 |
|  system_i/zynq_ps/inst/pl_clk0 | system_i/hft_core/inst/u_core/u_demux/fill_valid_reg_13[0]                                                                                                        | system_i/rst_sys/U0/peripheral_aresetn[0]                                                                                                            |               89 |            128 |         1.44 |
|  system_i/zynq_ps/inst/pl_clk0 | system_i/hft_core/inst/u_core/u_demux/fill_valid_reg_2[0]                                                                                                         | system_i/rst_sys/U0/peripheral_aresetn[0]                                                                                                            |               81 |            128 |         1.58 |
|  system_i/zynq_ps/inst/pl_clk0 | system_i/hft_core/inst/u_core/u_demux/fill_valid_reg_1[0]                                                                                                         | system_i/rst_sys/U0/peripheral_aresetn[0]                                                                                                            |               91 |            128 |         1.41 |
|  system_i/zynq_ps/inst/pl_clk0 | system_i/hft_core/inst/u_core/u_demux/fill_valid_reg_4[0]                                                                                                         | system_i/rst_sys/U0/peripheral_aresetn[0]                                                                                                            |               83 |            128 |         1.54 |
|  system_i/zynq_ps/inst/pl_clk0 | system_i/hft_core/inst/u_core/u_demux/fill_valid_reg_5[0]                                                                                                         | system_i/rst_sys/U0/peripheral_aresetn[0]                                                                                                            |               85 |            128 |         1.51 |
|  system_i/zynq_ps/inst/pl_clk0 | system_i/hft_core/inst/u_core/u_demux/fill_valid_reg_11[0]                                                                                                        | system_i/rst_sys/U0/peripheral_aresetn[0]                                                                                                            |               92 |            128 |         1.39 |
|  system_i/zynq_ps/inst/pl_clk0 | system_i/hft_core/inst/u_core/u_link_rx/beat_count[0]                                                                                                             | system_i/rst_sys/U0/peripheral_aresetn[0]                                                                                                            |               21 |            129 |         6.14 |
|  system_i/zynq_ps/inst/pl_clk0 |                                                                                                                                                                   | system_i/rst_sys/U0/peripheral_aresetn[0]                                                                                                            |               39 |            156 |         4.00 |
|  system_i/zynq_ps/inst/pl_clk0 | system_i/hft_core/inst/u_core/u_feature/s1_valid                                                                                                                  | system_i/rst_sys/U0/peripheral_aresetn[0]                                                                                                            |               48 |            200 |         4.17 |
+--------------------------------+-------------------------------------------------------------------------------------------------------------------------------------------------------------------+------------------------------------------------------------------------------------------------------------------------------------------------------+------------------+----------------+--------------+


