#-----------------------------------------------------------
# xsim v2025.2 (64-bit)
# SW Build 6299465 on Fri Nov 14 19:35:11 GMT 2025
# IP Build 6300035 on Fri Nov 14 10:48:45 MST 2025
# SharedData Build 6298862 on Thu Nov 13 04:50:51 MST 2025
# Start of session at: Tue Apr 28 22:22:07 2026
# Process ID         : 38396
# Current directory  : C:/Users/Kushal Agrawal/UW-madison school work/Dual-FPGA-Trading-Engine/sim_work/tb_tx_arbiter.work
# Command line       : xsim.exe -mode tcl -source {xsim.dir/tb_tx_arbiter_sim/xsim_script.tcl}
# Log file           : C:/Users/Kushal Agrawal/UW-madison school work/Dual-FPGA-Trading-Engine/sim_work/tb_tx_arbiter.work/xsim.log
# Journal file       : C:/Users/Kushal Agrawal/UW-madison school work/Dual-FPGA-Trading-Engine/sim_work/tb_tx_arbiter.work\xsim.jou
# Running On         : Kushal2009
# Platform           : Windows Server 2016 or Windows 10
# Operating System   : 26200
# Processor Detail   : 11th Gen Intel(R) Core(TM) i7-1165G7 @ 2.80GHz
# CPU Frequency      : 2803 MHz
# CPU Physical cores : 4
# CPU Logical cores  : 8
# Host memory        : 16889 MB
# Swap memory        : 19987 MB
# Total Virtual      : 36877 MB
# Available Virtual  : 8608 MB
#-----------------------------------------------------------
source xsim.dir/tb_tx_arbiter_sim/xsim_script.tcl
# xsim {tb_tx_arbiter_sim} -autoloadwcfg -tclbatch {_runner.tcl}
Time resolution is 1 ps
source _runner.tcl
## run 50ms
--- test_reset ---
--- test_fill_priority ---
--- test_quote_only ---
--- test_no_preempt ---
--- test_starvation ---
--- test_back_to_back_quotes ---
--- test_ready_toggling ---
--- test_mid_reset ---

===================================
tb_tx_arbiter: PASS (39 checks passed)
===================================
$finish called at time : 836 ns : File "C:/Users/Kushal Agrawal/UW-madison school work/Dual-FPGA-Trading-Engine/tb/board_a/tb_tx_arbiter.sv" Line 282
## quit
INFO: [Common 17-206] Exiting xsim at Tue Apr 28 22:22:09 2026...
