#-----------------------------------------------------------
# xsim v2025.2 (64-bit)
# SW Build 6299465 on Fri Nov 14 19:35:11 GMT 2025
# IP Build 6300035 on Fri Nov 14 10:48:45 MST 2025
# SharedData Build 6298862 on Thu Nov 13 04:50:51 MST 2025
# Start of session at: Tue Apr 28 22:22:49 2026
# Process ID         : 25584
# Current directory  : C:/Users/Kushal Agrawal/UW-madison school work/Dual-FPGA-Trading-Engine/sim_work/tb_msg_demux.work
# Command line       : xsim.exe -mode tcl -source {xsim.dir/tb_msg_demux_sim/xsim_script.tcl}
# Log file           : C:/Users/Kushal Agrawal/UW-madison school work/Dual-FPGA-Trading-Engine/sim_work/tb_msg_demux.work/xsim.log
# Journal file       : C:/Users/Kushal Agrawal/UW-madison school work/Dual-FPGA-Trading-Engine/sim_work/tb_msg_demux.work\xsim.jou
# Running On         : Kushal2009
# Platform           : Windows Server 2016 or Windows 10
# Operating System   : 26200
# Processor Detail   : 11th Gen Intel(R) Core(TM) i7-1165G7 @ 2.80GHz
# CPU Frequency      : 2803 MHz
# CPU Physical cores : 4
# CPU Logical cores  : 8
# Host memory        : 16889 MB
# Swap memory        : 19987 MB
# Total Virtual      : 36877 MB
# Available Virtual  : 8701 MB
#-----------------------------------------------------------
source xsim.dir/tb_msg_demux_sim/xsim_script.tcl
# xsim {tb_msg_demux_sim} -autoloadwcfg -tclbatch {_runner.tcl}
Time resolution is 1 ps
source _runner.tcl
## run 50ms

=== TEST 1: Single QUOTE frame ===
[FAIL] T1: quote_valid asserted at time 136000

=== TEST 2: Single FILL frame ===
[FAIL] T2: fill_valid asserted at time 166000

=== TEST 3: Unknown msg_type ===

=== TEST 4: Back-to-back QUOTEs ===
[FAIL] T4: q0 frame at time 476000
[FAIL] T4: q1 frame at time 486000
[FAIL] T4: q2 routed at time 496000

=== TEST 5: Interleaved QUOTE/FILL ===
[FAIL] T5: quote routed at time 526000
[FAIL] T5: fill not yet at time 526000
[FAIL] T5: fill routed at time 536000

=== TEST 6: Counter clear ===

=== TEST 7: Idle (no valid) ===

=== TEST 8: Rejected FILL routing ===
[FAIL] T8: fill_valid asserted at time 606000

=== TEST 9: Golden model reference frames ===
[FAIL] T9a: GM quote routed at time 626000
[FAIL] T9b: GM sym1 routed at time 646000
[FAIL] T9c: GM sym2 routed at time 666000
[FAIL] T9d: GM fill routed at time 686000

=== TEST 10: 10-frame back-to-back stress ===

=== TEST 11: Clear mid-stream ===

=== TEST 12: Alternating QUOTE/FILL burst ===

══════════════════════════════════════════
  msg_demux testbench complete
  PASSED: 57
  FAILED: 13
══════════════════════════════════════════

Fatal: TESTBENCH FAILED
Time: 956 ns  Iteration: 0  Process: /tb_msg_demux/Initial101_4  Scope: tb_msg_demux  File: C:/Users/Kushal Agrawal/UW-madison school work/Dual-FPGA-Trading-Engine/tb/board_b/tb_msg_demux.sv Line: 444
$finish called at time : 956 ns
## quit
INFO: [Common 17-206] Exiting xsim at Tue Apr 28 22:22:52 2026...
