#-----------------------------------------------------------
# xsim v2025.2 (64-bit)
# SW Build 6299465 on Fri Nov 14 19:35:11 GMT 2025
# IP Build 6300035 on Fri Nov 14 10:48:45 MST 2025
# SharedData Build 6298862 on Thu Nov 13 04:50:51 MST 2025
# Start of session at: Tue Apr 28 22:23:18 2026
# Process ID         : 38564
# Current directory  : C:/Users/Kushal Agrawal/UW-madison school work/Dual-FPGA-Trading-Engine/sim_work/tb_order_manager.work
# Command line       : xsim.exe -mode tcl -source {xsim.dir/tb_order_manager_sim/xsim_script.tcl}
# Log file           : C:/Users/Kushal Agrawal/UW-madison school work/Dual-FPGA-Trading-Engine/sim_work/tb_order_manager.work/xsim.log
# Journal file       : C:/Users/Kushal Agrawal/UW-madison school work/Dual-FPGA-Trading-Engine/sim_work/tb_order_manager.work\xsim.jou
# Running On         : Kushal2009
# Platform           : Windows Server 2016 or Windows 10
# Operating System   : 26200
# Processor Detail   : 11th Gen Intel(R) Core(TM) i7-1165G7 @ 2.80GHz
# CPU Frequency      : 2803 MHz
# CPU Physical cores : 4
# CPU Logical cores  : 8
# Host memory        : 16889 MB
# Swap memory        : 19987 MB
# Total Virtual      : 36877 MB
# Available Virtual  : 8695 MB
#-----------------------------------------------------------
source xsim.dir/tb_order_manager_sim/xsim_script.tcl
# xsim {tb_order_manager_sim} -autoloadwcfg -tclbatch {_runner.tcl}
Time resolution is 1 ps
source _runner.tcl
## run 50ms

=== T1: BUY order frame packing ===
[FAIL] T1: order_valid at time 136000

=== T2: SELL order, order_id=1 ===

=== T3: Backpressure ===
[FAIL] T3b: held frame out at time 206000

=== T4: Simultaneous held-release + new order ===
[FAIL] T4: B symbol==1 at time 286000
[FAIL] T4: C in holding at time 286000
[FAIL] T4b: C now out at time 296000

=== T5: Rapid 3-order burst ===

=== T6: Clear ===

=== T7: Order ID wrap-around ===

=== T8: Idle ===

══════════════════════════════════════════
  order_manager testbench complete
  PASSED: 37
  FAILED: 5
══════════════════════════════════════════

Fatal: TESTBENCH FAILED
Time: 636 ns  Iteration: 0  Process: /tb_order_manager/Initial91_5  Scope: tb_order_manager  File: C:/Users/Kushal Agrawal/UW-madison school work/Dual-FPGA-Trading-Engine/tb/board_b/tb_order_manager.sv Line: 290
$finish called at time : 636 ns
## quit
INFO: [Common 17-206] Exiting xsim at Tue Apr 28 22:23:20 2026...
