#-----------------------------------------------------------
# xsim v2025.2 (64-bit)
# SW Build 6299465 on Fri Nov 14 19:35:11 GMT 2025
# IP Build 6300035 on Fri Nov 14 10:48:45 MST 2025
# SharedData Build 6298862 on Thu Nov 13 04:50:51 MST 2025
# Start of session at: Tue Apr 28 22:21:38 2026
# Process ID         : 34328
# Current directory  : C:/Users/Kushal Agrawal/UW-madison school work/Dual-FPGA-Trading-Engine/sim_work/tb_link_rx.work
# Command line       : xsim.exe -mode tcl -source {xsim.dir/tb_link_rx_sim/xsim_script.tcl}
# Log file           : C:/Users/Kushal Agrawal/UW-madison school work/Dual-FPGA-Trading-Engine/sim_work/tb_link_rx.work/xsim.log
# Journal file       : C:/Users/Kushal Agrawal/UW-madison school work/Dual-FPGA-Trading-Engine/sim_work/tb_link_rx.work\xsim.jou
# Running On         : Kushal2009
# Platform           : Windows Server 2016 or Windows 10
# Operating System   : 26200
# Processor Detail   : 11th Gen Intel(R) Core(TM) i7-1165G7 @ 2.80GHz
# CPU Frequency      : 2803 MHz
# CPU Physical cores : 4
# CPU Logical cores  : 8
# Host memory        : 16889 MB
# Swap memory        : 19987 MB
# Total Virtual      : 36877 MB
# Available Virtual  : 8698 MB
#-----------------------------------------------------------
source xsim.dir/tb_link_rx_sim/xsim_script.tcl
# xsim {tb_link_rx_sim} -autoloadwcfg -tclbatch {_runner.tcl}
Time resolution is 1 ps
source _runner.tcl
## run 50ms
--- test_idle ---
--- test_truncated ---
--- test_valid_quote ---
--- test_invalid_msg_type ---
--- test_link_up_recovery ---
--- test_counter_clr ---
--- test_back_to_back ---
--- test_msg_type_0 ---

===================================
tb_link_rx: PASS (313 checks passed)
===================================
$finish called at time : 8356 ns : File "C:/Users/Kushal Agrawal/UW-madison school work/Dual-FPGA-Trading-Engine/tb/link/tb_link_rx.sv" Line 257
## quit
INFO: [Common 17-206] Exiting xsim at Tue Apr 28 22:21:41 2026...
