INFO: [VRFC 10-2263] Analyzing SystemVerilog file "C:/Users/Kushal Agrawal/UW-madison school work/Dual-FPGA-Trading-Engine/rtl/shared/hft_pkg.sv" into library work
INFO: [VRFC 10-2263] Analyzing SystemVerilog file "C:/Users/Kushal Agrawal/UW-madison school work/Dual-FPGA-Trading-Engine/rtl/shared/debounce.sv" into library work
INFO: [VRFC 10-311] analyzing module debounce
INFO: [VRFC 10-2263] Analyzing SystemVerilog file "C:/Users/Kushal Agrawal/UW-madison school work/Dual-FPGA-Trading-Engine/rtl/shared/lfsr32.sv" into library work
INFO: [VRFC 10-311] analyzing module lfsr32
INFO: [VRFC 10-2263] Analyzing SystemVerilog file "C:/Users/Kushal Agrawal/UW-madison school work/Dual-FPGA-Trading-Engine/rtl/shared/sync_fifo.sv" into library work
INFO: [VRFC 10-311] analyzing module sync_fifo
INFO: [VRFC 10-2263] Analyzing SystemVerilog file "C:/Users/Kushal Agrawal/UW-madison school work/Dual-FPGA-Trading-Engine/rtl/link/link_tx.sv" into library work
INFO: [VRFC 10-311] analyzing module link_tx
INFO: [VRFC 10-2263] Analyzing SystemVerilog file "C:/Users/Kushal Agrawal/UW-madison school work/Dual-FPGA-Trading-Engine/rtl/link/link_rx.sv" into library work
INFO: [VRFC 10-311] analyzing module link_rx
INFO: [VRFC 10-2263] Analyzing SystemVerilog file "C:/Users/Kushal Agrawal/UW-madison school work/Dual-FPGA-Trading-Engine/rtl/board_a/market_noise_gen.sv" into library work
INFO: [VRFC 10-311] analyzing module market_noise_gen
INFO: [VRFC 10-2263] Analyzing SystemVerilog file "C:/Users/Kushal Agrawal/UW-madison school work/Dual-FPGA-Trading-Engine/rtl/board_a/market_sim.sv" into library work
INFO: [VRFC 10-311] analyzing module market_sim
WARNING: [VRFC 10-3824] variable 'c_mid' must explicitly be declared as automatic or static [C:/Users/Kushal Agrawal/UW-madison school work/Dual-FPGA-Trading-Engine/rtl/board_a/market_sim.sv:238]
WARNING: [VRFC 10-3824] variable 'c_spr' must explicitly be declared as automatic or static [C:/Users/Kushal Agrawal/UW-madison school work/Dual-FPGA-Trading-Engine/rtl/board_a/market_sim.sv:239]
WARNING: [VRFC 10-3824] variable 'c_hsp' must explicitly be declared as automatic or static [C:/Users/Kushal Agrawal/UW-madison school work/Dual-FPGA-Trading-Engine/rtl/board_a/market_sim.sv:240]
WARNING: [VRFC 10-3824] variable 'c_bid' must explicitly be declared as automatic or static [C:/Users/Kushal Agrawal/UW-madison school work/Dual-FPGA-Trading-Engine/rtl/board_a/market_sim.sv:241]
WARNING: [VRFC 10-3824] variable 'c_ask' must explicitly be declared as automatic or static [C:/Users/Kushal Agrawal/UW-madison school work/Dual-FPGA-Trading-Engine/rtl/board_a/market_sim.sv:242]
INFO: [VRFC 10-2263] Analyzing SystemVerilog file "C:/Users/Kushal Agrawal/UW-madison school work/Dual-FPGA-Trading-Engine/rtl/board_a/exchange_lite.sv" into library work
INFO: [VRFC 10-311] analyzing module exchange_lite
INFO: [VRFC 10-2263] Analyzing SystemVerilog file "C:/Users/Kushal Agrawal/UW-madison school work/Dual-FPGA-Trading-Engine/rtl/board_a/tx_arbiter.sv" into library work
INFO: [VRFC 10-311] analyzing module tx_arbiter
INFO: [VRFC 10-2263] Analyzing SystemVerilog file "C:/Users/Kushal Agrawal/UW-madison school work/Dual-FPGA-Trading-Engine/rtl/board_a/board_a_axi_regs.sv" into library work
INFO: [VRFC 10-311] analyzing module board_a_axi_regs
INFO: [VRFC 10-2263] Analyzing SystemVerilog file "C:/Users/Kushal Agrawal/UW-madison school work/Dual-FPGA-Trading-Engine/rtl/board_a/board_a_ctrl.sv" into library work
INFO: [VRFC 10-311] analyzing module board_a_ctrl
INFO: [VRFC 10-2263] Analyzing SystemVerilog file "C:/Users/Kushal Agrawal/UW-madison school work/Dual-FPGA-Trading-Engine/rtl/board_a/board_a_top.sv" into library work
INFO: [VRFC 10-311] analyzing module board_a_top
INFO: [VRFC 10-2263] Analyzing SystemVerilog file "C:/Users/Kushal Agrawal/UW-madison school work/Dual-FPGA-Trading-Engine/rtl/board_b/msg_demux.sv" into library work
INFO: [VRFC 10-311] analyzing module msg_demux
INFO: [VRFC 10-2263] Analyzing SystemVerilog file "C:/Users/Kushal Agrawal/UW-madison school work/Dual-FPGA-Trading-Engine/rtl/board_b/quote_book.sv" into library work
INFO: [VRFC 10-311] analyzing module quote_book
INFO: [VRFC 10-2263] Analyzing SystemVerilog file "C:/Users/Kushal Agrawal/UW-madison school work/Dual-FPGA-Trading-Engine/rtl/board_b/feature_compute.sv" into library work
INFO: [VRFC 10-311] analyzing module feature_compute
INFO: [VRFC 10-2263] Analyzing SystemVerilog file "C:/Users/Kushal Agrawal/UW-madison school work/Dual-FPGA-Trading-Engine/rtl/board_b/strategy_engine.sv" into library work
INFO: [VRFC 10-311] analyzing module strategy_engine
INFO: [VRFC 10-2263] Analyzing SystemVerilog file "C:/Users/Kushal Agrawal/UW-madison school work/Dual-FPGA-Trading-Engine/rtl/board_b/risk_manager.sv" into library work
INFO: [VRFC 10-311] analyzing module risk_manager
INFO: [VRFC 10-2263] Analyzing SystemVerilog file "C:/Users/Kushal Agrawal/UW-madison school work/Dual-FPGA-Trading-Engine/rtl/board_b/order_manager.sv" into library work
INFO: [VRFC 10-311] analyzing module order_manager
INFO: [VRFC 10-2263] Analyzing SystemVerilog file "C:/Users/Kushal Agrawal/UW-madison school work/Dual-FPGA-Trading-Engine/rtl/board_b/position_tracker.sv" into library work
INFO: [VRFC 10-311] analyzing module position_tracker
INFO: [VRFC 10-2263] Analyzing SystemVerilog file "C:/Users/Kushal Agrawal/UW-madison school work/Dual-FPGA-Trading-Engine/rtl/board_b/latency_histogram.sv" into library work
INFO: [VRFC 10-311] analyzing module latency_histogram
INFO: [VRFC 10-2263] Analyzing SystemVerilog file "C:/Users/Kushal Agrawal/UW-madison school work/Dual-FPGA-Trading-Engine/rtl/board_b/board_b_axi_regs.sv" into library work
INFO: [VRFC 10-311] analyzing module board_b_axi_regs
INFO: [VRFC 10-2263] Analyzing SystemVerilog file "C:/Users/Kushal Agrawal/UW-madison school work/Dual-FPGA-Trading-Engine/rtl/board_b/board_b_ctrl.sv" into library work
INFO: [VRFC 10-311] analyzing module board_b_ctrl
INFO: [VRFC 10-2263] Analyzing SystemVerilog file "C:/Users/Kushal Agrawal/UW-madison school work/Dual-FPGA-Trading-Engine/rtl/board_b/board_b_top.sv" into library work
INFO: [VRFC 10-311] analyzing module board_b_top
INFO: [VRFC 10-2263] Analyzing SystemVerilog file "C:/Users/Kushal Agrawal/UW-madison school work/Dual-FPGA-Trading-Engine/tb/shared/tb_lfsr32.sv" into library work
INFO: [VRFC 10-311] analyzing module tb_lfsr32
