#-----------------------------------------------------------
# xsim v2025.2 (64-bit)
# SW Build 6299465 on Fri Nov 14 19:35:11 GMT 2025
# IP Build 6300035 on Fri Nov 14 10:48:45 MST 2025
# SharedData Build 6298862 on Thu Nov 13 04:50:51 MST 2025
# Start of session at: Tue Apr 28 22:21:56 2026
# Process ID         : 27412
# Current directory  : C:/Users/Kushal Agrawal/UW-madison school work/Dual-FPGA-Trading-Engine/sim_work/tb_market_sim.work
# Command line       : xsim.exe -mode tcl -source {xsim.dir/tb_market_sim_sim/xsim_script.tcl}
# Log file           : C:/Users/Kushal Agrawal/UW-madison school work/Dual-FPGA-Trading-Engine/sim_work/tb_market_sim.work/xsim.log
# Journal file       : C:/Users/Kushal Agrawal/UW-madison school work/Dual-FPGA-Trading-Engine/sim_work/tb_market_sim.work\xsim.jou
# Running On         : Kushal2009
# Platform           : Windows Server 2016 or Windows 10
# Operating System   : 26200
# Processor Detail   : 11th Gen Intel(R) Core(TM) i7-1165G7 @ 2.80GHz
# CPU Frequency      : 2803 MHz
# CPU Physical cores : 4
# CPU Logical cores  : 8
# Host memory        : 16889 MB
# Swap memory        : 19987 MB
# Total Virtual      : 36877 MB
# Available Virtual  : 8767 MB
#-----------------------------------------------------------
source xsim.dir/tb_market_sim_sim/xsim_script.tcl
# xsim {tb_market_sim_sim} -autoloadwcfg -tclbatch {_runner.tcl}
Time resolution is 1 ps
source _runner.tcl
## run 50ms
--- test_golden_quotes ---
--- test_all_regimes ---
--- test_counter_clr ---
--- test_interval_0 ---
Error: FAIL: interval0: 10 quotes — got 0000000b, exp 0000000a
Time: 856 ns  Iteration: 0  Process: /tb_market_sim/check32  Scope: tb_market_sim.check32  File: C:/Users/Kushal Agrawal/UW-madison school work/Dual-FPGA-Trading-Engine/tb/board_a/tb_market_sim.sv Line: 79
--- test_backpressure ---
--- test_active_transition ---
--- test_price_clamp ---
--- test_mean_reversion ---
--- test_lfsr_load_reload ---

===================================
tb_market_sim: FAIL (355 passed, 1 failed)
Fatal: 
Time: 4446 ns  Iteration: 0  Process: /tb_market_sim/Initial156_34  Scope: tb_market_sim  File: C:/Users/Kushal Agrawal/UW-madison school work/Dual-FPGA-Trading-Engine/tb/board_a/tb_market_sim.sv Line: 377
$finish called at time : 4446 ns
## quit
INFO: [Common 17-206] Exiting xsim at Tue Apr 28 22:21:58 2026...
