#-----------------------------------------------------------
# xsim v2025.2 (64-bit)
# SW Build 6299465 on Fri Nov 14 19:35:11 GMT 2025
# IP Build 6300035 on Fri Nov 14 10:48:45 MST 2025
# SharedData Build 6298862 on Thu Nov 13 04:50:51 MST 2025
# Start of session at: Tue Apr 28 22:23:23 2026
# Process ID         : 17652
# Current directory  : C:/Users/Kushal Agrawal/UW-madison school work/Dual-FPGA-Trading-Engine/sim_work/tb_position_tracker.work
# Command line       : xsim.exe -mode tcl -source {xsim.dir/tb_position_tracker_sim/xsim_script.tcl}
# Log file           : C:/Users/Kushal Agrawal/UW-madison school work/Dual-FPGA-Trading-Engine/sim_work/tb_position_tracker.work/xsim.log
# Journal file       : C:/Users/Kushal Agrawal/UW-madison school work/Dual-FPGA-Trading-Engine/sim_work/tb_position_tracker.work\xsim.jou
# Running On         : Kushal2009
# Platform           : Windows Server 2016 or Windows 10
# Operating System   : 26200
# Processor Detail   : 11th Gen Intel(R) Core(TM) i7-1165G7 @ 2.80GHz
# CPU Frequency      : 2803 MHz
# CPU Physical cores : 4
# CPU Logical cores  : 8
# Host memory        : 16889 MB
# Swap memory        : 19987 MB
# Total Virtual      : 36877 MB
# Available Virtual  : 8741 MB
#-----------------------------------------------------------
source xsim.dir/tb_position_tracker_sim/xsim_script.tcl
# xsim {tb_position_tracker_sim} -autoloadwcfg -tclbatch {_runner.tcl}
Time resolution is 1 ps
source _runner.tcl
## run 50ms

=== GM Step 0: BUY sym=0 ===
[FAIL] S0: fill_processed at time 136000

=== GM Step 1: SELL sym=1 ===
[FAIL] S1: fill_processed at time 156000

=== GM Step 2: SELL sym=0 ===
[FAIL] S2: fill_processed at time 176000

=== GM Step 3: REJECTED ===
[FAIL] S3: fill_notify (pending clear) at time 196000

=== GM Step 4: BUY sym=0, qty=200 ===
[FAIL] S4: fill_processed at time 216000

=== T5: Clear ===

=== T6: ts_echo extraction ===
[FAIL] T6: fill_processed at time 256000

=== T7: Out-of-range symbol ===

=== T8: Back-to-back fills ===

=== T9: Accumulating fills ===

══════════════════════════════════════════
  position_tracker testbench complete
  PASSED: 52
  FAILED: 6
══════════════════════════════════════════

Fatal: TESTBENCH FAILED
Time: 446 ns  Iteration: 0  Process: /tb_position_tracker/Initial99_6  Scope: tb_position_tracker  File: C:/Users/Kushal Agrawal/UW-madison school work/Dual-FPGA-Trading-Engine/tb/board_b/tb_position_tracker.sv Line: 340
$finish called at time : 446 ns
## quit
INFO: [Common 17-206] Exiting xsim at Tue Apr 28 22:23:25 2026...
