
*** Running vivado
    with args -log system_hft_core_0.vds -m64 -product Vivado -mode batch -messageDb vivado.pb -notrace -source system_hft_core_0.tcl



****** Vivado v2025.2 (64-bit)
  **** SW Build 6299465 on Fri Nov 14 19:35:11 GMT 2025
  **** IP Build 6300035 on Fri Nov 14 10:48:45 MST 2025
  **** SharedData Build 6298862 on Thu Nov 13 04:50:51 MST 2025
  **** Start of session at: Fri May  1 10:33:52 2026
    ** Copyright 1986-2022 Xilinx, Inc. All Rights Reserved.
    ** Copyright 2022-2025 Advanced Micro Devices, Inc. All Rights Reserved.

source system_hft_core_0.tcl -notrace
create_project: Time (s): cpu = 00:00:12 ; elapsed = 00:00:08 . Memory (MB): peak = 531.160 ; gain = 219.141
INFO: [IP_Flow 19-234] Refreshing IP repositories
INFO: [IP_Flow 19-1704] No user IP repositories specified
INFO: [IP_Flow 19-2313] Loaded Vivado IP repository 'C:/AMDDesignTools/2025.2/Vivado/data/ip'.
WARNING: [IP_Flow 19-4995] The host OS only allows 260 characters in a normal path. The IP cache path is more than 80 characters. If you experience issues with IP caching, please consider changing the IP cache to a location with a shorter path. Alternately consider using the OS subst command to map part of the path to a drive letter. 
Current IP cache path is c:/Users/Kushal Agrawal/UW-madison school work/Dual-FPGA-Trading-Engine/vivado/hft_board_b/hft_board_b.cache/ip 
Command: synth_design -top system_hft_core_0 -part xczu3eg-sfvc784-2-e -incremental_mode off -mode out_of_context
Starting synth_design
Attempting to get a license for feature 'Synthesis' and/or device 'xczu3eg'
INFO: [Common 17-349] Got license for feature 'Synthesis' and/or device 'xczu3eg'
INFO: [Device 21-403] Loading part xczu3eg-sfvc784-2-e
INFO: [Synth 8-7079] Multithreading enabled for synth_design using a maximum of 2 processes.
INFO: [Synth 8-7078] Launching helper process for spawning children vivado processes
INFO: [Synth 8-7075] Helper process launched with PID 20120
---------------------------------------------------------------------------------
Starting RTL Elaboration : Time (s): cpu = 00:00:08 ; elapsed = 00:00:08 . Memory (MB): peak = 1755.238 ; gain = 204.852
---------------------------------------------------------------------------------
INFO: [Synth 8-6157] synthesizing module 'system_hft_core_0' [c:/Users/Kushal Agrawal/UW-madison school work/Dual-FPGA-Trading-Engine/vivado/hft_board_b/hft_board_b.gen/sources_1/bd/system/ip/system_hft_core_0/synth/system_hft_core_0.v:53]
INFO: [Synth 8-6157] synthesizing module 'board_b_top_bd' [C:/Users/Kushal Agrawal/UW-madison school work/Dual-FPGA-Trading-Engine/rtl/board_b/board_b_top_bd.v:10]
INFO: [Synth 8-6157] synthesizing module 'board_b_top' [C:/Users/Kushal Agrawal/UW-madison school work/Dual-FPGA-Trading-Engine/rtl/board_b/board_b_top.sv:11]
	Parameter NUM_SYM bound to: 16 - type: integer 
	Parameter LINK_W bound to: 4 - type: integer 
	Parameter C_S_AXI_ADDR_WIDTH bound to: 10 - type: integer 
	Parameter C_S_AXI_DATA_WIDTH bound to: 32 - type: integer 
INFO: [Synth 8-294] found qualifier unique on case statement: implementing as parallel_case [C:/Users/Kushal Agrawal/UW-madison school work/Dual-FPGA-Trading-Engine/rtl/board_b/board_b_top.sv:227]
INFO: [Synth 8-6157] synthesizing module 'board_b_axi_regs' [C:/Users/Kushal Agrawal/UW-madison school work/Dual-FPGA-Trading-Engine/rtl/board_b/board_b_axi_regs.sv:49]
	Parameter NUM_SYM bound to: 16 - type: integer 
	Parameter C_S_AXI_ADDR_WIDTH bound to: 10 - type: integer 
	Parameter C_S_AXI_DATA_WIDTH bound to: 32 - type: integer 
INFO: [Synth 8-6155] done synthesizing module 'board_b_axi_regs' (0#1) [C:/Users/Kushal Agrawal/UW-madison school work/Dual-FPGA-Trading-Engine/rtl/board_b/board_b_axi_regs.sv:49]
INFO: [Synth 8-6157] synthesizing module 'board_b_ctrl' [C:/Users/Kushal Agrawal/UW-madison school work/Dual-FPGA-Trading-Engine/rtl/board_b/board_b_ctrl.sv:12]
INFO: [Synth 8-6157] synthesizing module 'debounce' [C:/Users/Kushal Agrawal/UW-madison school work/Dual-FPGA-Trading-Engine/rtl/shared/debounce.sv:10]
	Parameter COUNTER_W bound to: 32'sb00000000000000000000000000010000 
INFO: [Synth 8-6155] done synthesizing module 'debounce' (0#1) [C:/Users/Kushal Agrawal/UW-madison school work/Dual-FPGA-Trading-Engine/rtl/shared/debounce.sv:10]
INFO: [Synth 8-6155] done synthesizing module 'board_b_ctrl' (0#1) [C:/Users/Kushal Agrawal/UW-madison school work/Dual-FPGA-Trading-Engine/rtl/board_b/board_b_ctrl.sv:12]
INFO: [Synth 8-6157] synthesizing module 'link_rx' [C:/Users/Kushal Agrawal/UW-madison school work/Dual-FPGA-Trading-Engine/rtl/link/link_rx.sv:11]
	Parameter FRAME_W bound to: 128 - type: integer 
	Parameter DATA_W bound to: 4 - type: integer 
INFO: [Synth 8-226] default block is never used [C:/Users/Kushal Agrawal/UW-madison school work/Dual-FPGA-Trading-Engine/rtl/link/link_rx.sv:103]
INFO: [Synth 8-294] found qualifier unique on case statement: implementing as parallel_case [C:/Users/Kushal Agrawal/UW-madison school work/Dual-FPGA-Trading-Engine/rtl/link/link_rx.sv:130]
INFO: [Synth 8-6155] done synthesizing module 'link_rx' (0#1) [C:/Users/Kushal Agrawal/UW-madison school work/Dual-FPGA-Trading-Engine/rtl/link/link_rx.sv:11]
INFO: [Synth 8-6157] synthesizing module 'msg_demux' [C:/Users/Kushal Agrawal/UW-madison school work/Dual-FPGA-Trading-Engine/rtl/board_b/msg_demux.sv:13]
INFO: [Synth 8-294] found qualifier unique on case statement: implementing as parallel_case [C:/Users/Kushal Agrawal/UW-madison school work/Dual-FPGA-Trading-Engine/rtl/board_b/msg_demux.sv:58]
INFO: [Synth 8-6155] done synthesizing module 'msg_demux' (0#1) [C:/Users/Kushal Agrawal/UW-madison school work/Dual-FPGA-Trading-Engine/rtl/board_b/msg_demux.sv:13]
INFO: [Synth 8-6157] synthesizing module 'quote_book' [C:/Users/Kushal Agrawal/UW-madison school work/Dual-FPGA-Trading-Engine/rtl/board_b/quote_book.sv:13]
	Parameter NUM_SYM bound to: 16 - type: integer 
INFO: [Synth 8-6155] done synthesizing module 'quote_book' (0#1) [C:/Users/Kushal Agrawal/UW-madison school work/Dual-FPGA-Trading-Engine/rtl/board_b/quote_book.sv:13]
INFO: [Synth 8-6157] synthesizing module 'feature_compute' [C:/Users/Kushal Agrawal/UW-madison school work/Dual-FPGA-Trading-Engine/rtl/board_b/feature_compute.sv:19]
	Parameter NUM_SYM bound to: 16 - type: integer 
INFO: [Synth 8-6155] done synthesizing module 'feature_compute' (0#1) [C:/Users/Kushal Agrawal/UW-madison school work/Dual-FPGA-Trading-Engine/rtl/board_b/feature_compute.sv:19]
INFO: [Synth 8-6157] synthesizing module 'strategy_engine' [C:/Users/Kushal Agrawal/UW-madison school work/Dual-FPGA-Trading-Engine/rtl/board_b/strategy_engine.sv:13]
INFO: [Synth 8-6155] done synthesizing module 'strategy_engine' (0#1) [C:/Users/Kushal Agrawal/UW-madison school work/Dual-FPGA-Trading-Engine/rtl/board_b/strategy_engine.sv:13]
INFO: [Synth 8-6157] synthesizing module 'nn_inference' [C:/Users/Kushal Agrawal/UW-madison school work/Dual-FPGA-Trading-Engine/rtl/board_b/nn_inference.sv:30]
INFO: [Synth 8-226] default block is never used [C:/Users/Kushal Agrawal/UW-madison school work/Dual-FPGA-Trading-Engine/rtl/board_b/nn_inference.sv:106]
