#-----------------------------------------------------------
# xsim v2025.2 (64-bit)
# SW Build 6299465 on Fri Nov 14 19:35:11 GMT 2025
# IP Build 6300035 on Fri Nov 14 10:48:45 MST 2025
# SharedData Build 6298862 on Thu Nov 13 04:50:51 MST 2025
# Start of session at: Tue Apr 28 22:24:01 2026
# Process ID         : 22080
# Current directory  : C:/Users/Kushal Agrawal/UW-madison school work/Dual-FPGA-Trading-Engine/sim_work/tb_system_top.work
# Command line       : xsim.exe -mode tcl -source {xsim.dir/tb_system_top_sim/xsim_script.tcl}
# Log file           : C:/Users/Kushal Agrawal/UW-madison school work/Dual-FPGA-Trading-Engine/sim_work/tb_system_top.work/xsim.log
# Journal file       : C:/Users/Kushal Agrawal/UW-madison school work/Dual-FPGA-Trading-Engine/sim_work/tb_system_top.work\xsim.jou
# Running On         : Kushal2009
# Platform           : Windows Server 2016 or Windows 10
# Operating System   : 26200
# Processor Detail   : 11th Gen Intel(R) Core(TM) i7-1165G7 @ 2.80GHz
# CPU Frequency      : 2803 MHz
# CPU Physical cores : 4
# CPU Logical cores  : 8
# Host memory        : 16889 MB
# Swap memory        : 19987 MB
# Total Virtual      : 36877 MB
# Available Virtual  : 8771 MB
#-----------------------------------------------------------
source xsim.dir/tb_system_top_sim/xsim_script.tcl
# xsim {tb_system_top_sim} -autoloadwcfg -tclbatch {_runner.tcl}
Time resolution is 1 ps
source _runner.tcl
## run 50ms

=== Phase 1: Configure Board A (16 symbols) ===
  Board A: 16 symbols configured across 8 sectors

=== Phase 2: Configure Board B ===
  Board B: MEAN_REV, threshold≈$0.002, qty=50, generous limits

=== Phase 3: Start Board A ===

=== Phase 4: Wait for Board B link_up ===
  link_up after 166 cycles

=== Phase 5: Start Board B ===
  Board B FSM = B_TRADING

=== Phase 6: CALM regime (120k cycles) ===
  [CALM] A quotes_sent   = 1201
  [CALM] B quotes_rcvd   = 1138
  [CALM] B orders_sent   = 650
  [CALM] B risk_rejects  = 0

=== Phase 7: Regime change → VOLATILE ===
  [VOL] B orders_sent = 1254 (was 650)

=== Phase 8: Regime change → ADVERSARIAL ===
  [ADV] B orders_sent = 1714 (was 1254)

=== Phase 9: Full Counter Readback ===
  A quotes_sent  = 2292
  A orders_rcvd  = 1713
  B quotes_rcvd  = 2227
  B orders_sent  = 1714
  B fills_rcvd   = 1280
  B risk_rejects = 0
  B link_errors  = 0
  B STATUS       = 0x0000002c

=== Phase 10: All 16 Positions ===
  position[ 0] =   -1600
  position[ 1] =    1850
  position[ 2] =     400
  position[ 3] =    1050
  position[ 4] =    3700
  position[ 5] =    4300
  position[ 6] =    1950
  position[ 7] =     200
  position[ 8] =   -2600
  position[ 9] =    2050
  position[10] =    -950
  position[11] =     650
  position[12] =    2000
  position[13] =    1300
  position[14] =    2550
  position[15] =    2550
  Non-zero positions: 16 / 16

=== Phase 11: Cash Readback ===
  cash_lo = 0x9f65a458
  cash_hi = 0xffffffc2

=== Phase 12: Latency Histogram ===
  lat_min   = 140
  lat_max   = 255
  lat_count = 1280
  hist_bin[ 4] = 9
  hist_bin[ 5] = 42
  hist_bin[ 6] = 14
  hist_bin[ 7] = 1215
  Total in histogram: 1280

=== Phase 13: End-to-End Verification ===
  A quotes_sent=2294 → B quotes_rcvd=2230
  B orders_sent=1717 → A orders_rcvd=1715
  B fills_rcvd=1280

=== Phase 14: Stop Board A ===

=== Phase 15: Reset Board B ===

=== Phase 16: Restart with new seed ===
  After restart: B quotes_rcvd = 447

=== Phase 17: Risk Halt Trigger ===
  Risk halt triggered after 172 cycles

=== Phase 18: BURST regime ===
  [BURST] B quotes_rcvd = 584

=== Phase 19: Active Sym Count Change ===
  After 4-sym: quotes=764 (was 584)
  After 16-sym restored: quotes=956

=== Phase 20: Strategy Override ===
  STATUS w/ override = 0x0000002f

=== Phase 21: LED/RGB Structural Checks ===

=== Phase 22: Histogram Sanity ===
  lat_count = 435
  lat_min = 255
  lat_max = 255
  sum_bins=435, lat_count=435

=== Phase 23: Fills > 0 Check ===
  B orders_sent = 586
  B fills_rcvd  = 435

=== Phase 24: Cash Readback ===
  cash_lo = 0xe92df75c
  cash_hi = 0xfffffff9

=== Phase 25: Final Stop + Drain + Reset ===

=== Phase 26: Multiple Restart Cycles ===
  --- Restart cycle 0 ---
    quotes_rcvd = 184
  --- Restart cycle 1 ---
    quotes_rcvd = 184
  --- Restart cycle 2 ---
    quotes_rcvd = 184

=== Phase 27: B2 Extended AXI Exposure ===
  A.ORDERS_RCVD=7  FILLS_SENT=7  REJECTS_SENT=0  LINK_ERR=0
  B BID/ASK valid pairs: 16/16
  Σ pnl_cash_per_sym = 2440578500 (signed)
  cash               = 2440578500 (signed)
  Σ trades_per_sym = 7   fills_rcvd = 7

══════════════════════════════════════════
  tb_system_top complete
  PASSED: 102
  FAILED: 0
══════════════════════════════════════════

$finish called at time : 4566265 ns : File "C:/Users/Kushal Agrawal/UW-madison school work/Dual-FPGA-Trading-Engine/tb/tb_system_top.sv" Line 981
## quit
INFO: [Common 17-206] Exiting xsim at Tue Apr 28 22:24:08 2026...
