#-----------------------------------------------------------
# xsim v2025.2 (64-bit)
# SW Build 6299465 on Fri Nov 14 19:35:11 GMT 2025
# IP Build 6300035 on Fri Nov 14 10:48:45 MST 2025
# SharedData Build 6298862 on Thu Nov 13 04:50:51 MST 2025
# Start of session at: Tue Apr 28 22:23:28 2026
# Process ID         : 12872
# Current directory  : C:/Users/Kushal Agrawal/UW-madison school work/Dual-FPGA-Trading-Engine/sim_work/tb_latency_histogram.work
# Command line       : xsim.exe -mode tcl -source {xsim.dir/tb_latency_histogram_sim/xsim_script.tcl}
# Log file           : C:/Users/Kushal Agrawal/UW-madison school work/Dual-FPGA-Trading-Engine/sim_work/tb_latency_histogram.work/xsim.log
# Journal file       : C:/Users/Kushal Agrawal/UW-madison school work/Dual-FPGA-Trading-Engine/sim_work/tb_latency_histogram.work\xsim.jou
# Running On         : Kushal2009
# Platform           : Windows Server 2016 or Windows 10
# Operating System   : 26200
# Processor Detail   : 11th Gen Intel(R) Core(TM) i7-1165G7 @ 2.80GHz
# CPU Frequency      : 2803 MHz
# CPU Physical cores : 4
# CPU Logical cores  : 8
# Host memory        : 16889 MB
# Swap memory        : 19987 MB
# Total Virtual      : 36877 MB
# Available Virtual  : 8745 MB
#-----------------------------------------------------------
source xsim.dir/tb_latency_histogram_sim/xsim_script.tcl
# xsim {tb_latency_histogram_sim} -autoloadwcfg -tclbatch {_runner.tcl}
Time resolution is 1 ps
source _runner.tcl
## run 50ms

=== GM Sample 0: lat=40 ===

=== GM Sample 1: lat=64 ===

=== GM Sample 2: lat=5 ===

=== GM Sample 3: lat=32 ===

=== GM Sample 4: lat=96 ===

=== GM Sample 5: lat=31 ===

=== GM Sample 6: lat=0 ===

=== GM Sample 7: lat=63 ===

=== T8: Clear ===

=== T9: Idle ===

=== T10: Large latency (bin overflow) ===

=== T11: 16-bit timestamp wrap ===

=== T12: Zero latency ===

══════════════════════════════════════════
  latency_histogram testbench complete
  PASSED: 54
  FAILED: 0
══════════════════════════════════════════

$finish called at time : 496 ns : File "C:/Users/Kushal Agrawal/UW-madison school work/Dual-FPGA-Trading-Engine/tb/board_b/tb_latency_histogram.sv" Line 225
## quit
INFO: [Common 17-206] Exiting xsim at Tue Apr 28 22:23:30 2026...
