INFO: [VRFC 10-2263] Analyzing SystemVerilog file "C:/Users/Kushal Agrawal/UW-madison school work/Dual-FPGA-Trading-Engine/rtl/shared/hft_pkg.sv" into library work
INFO: [VRFC 10-2263] Analyzing SystemVerilog file "C:/Users/Kushal Agrawal/UW-madison school work/Dual-FPGA-Trading-Engine/rtl/shared/debounce.sv" into library work
INFO: [VRFC 10-311] analyzing module debounce
INFO: [VRFC 10-2263] Analyzing SystemVerilog file "C:/Users/Kushal Agrawal/UW-madison school work/Dual-FPGA-Trading-Engine/rtl/shared/lfsr32.sv" into library work
INFO: [VRFC 10-311] analyzing module lfsr32
INFO: [VRFC 10-2263] Analyzing SystemVerilog file "C:/Users/Kushal Agrawal/UW-madison school work/Dual-FPGA-Trading-Engine/rtl/shared/sync_fifo.sv" into library work
INFO: [VRFC 10-311] analyzing module sync_fifo
INFO: [VRFC 10-2263] Analyzing SystemVerilog file "C:/Users/Kushal Agrawal/UW-madison school work/Dual-FPGA-Trading-Engine/rtl/link/link_tx.sv" into library work
INFO: [VRFC 10-311] analyzing module link_tx
INFO: [VRFC 10-2263] Analyzing SystemVerilog file "C:/Users/Kushal Agrawal/UW-madison school work/Dual-FPGA-Trading-Engine/rtl/link/link_rx.sv" into library work
INFO: [VRFC 10-311] analyzing module link_rx
INFO: [VRFC 10-2263] Analyzing SystemVerilog file "C:/Users/Kushal Agrawal/UW-madison school work/Dual-FPGA-Trading-Engine/rtl/board_a/market_noise_gen.sv" into library work
INFO: [VRFC 10-311] analyzing module market_noise_gen
INFO: [VRFC 10-2263] Analyzing SystemVerilog file "C:/Users/Kushal Agrawal/UW-madison school work/Dual-FPGA-Trading-Engine/rtl/board_a/market_sim.sv" into library work
INFO: [VRFC 10-311] analyzing module market_sim
WARNING: [VRFC 10-3824] variable 'c_mid' must explicitly be declared as automatic or static [C:/Users/Kushal Agrawal/UW-madison school work/Dual-FPGA-Trading-Engine/rtl/board_a/market_sim.sv:238]
WARNING: [VRFC 10-3824] variable 'c_spr' must explicitly be declared as automatic or static [C:/Users/Kushal Agrawal/UW-madison school work/Dual-FPGA-Trading-Engine/rtl/board_a/market_sim.sv:239]
WARNING: [VRFC 10-3824] variable 'c_hsp' must explicitly be declared as automatic or static [C:/Users/Kushal Agrawal/UW-madison school work/Dual-FPGA-Trading-Engine/rtl/board_a/market_sim.sv:240]
WARNING: [VRFC 10-3824] variable 'c_bid' must explicitly be declared as automatic or static [C:/Users/Kushal Agrawal/UW-madison school work/Dual-FPGA-Trading-Engine/rtl/board_a/market_sim.sv:241]
WARNING: [VRFC 10-3824] variable 'c_ask' must explicitly be declared as automatic or static [C:/Users/Kushal Agrawal/UW-madison school work/Dual-FPGA-Trading-Engine/rtl/board_a/market_sim.sv:242]
INFO: [VRFC 10-2263] Analyzing SystemVerilog file "C:/Users/Kushal Agrawal/UW-madison school work/Dual-FPGA-Trading-Engine/rtl/board_a/exchange_lite.sv" into library work
INFO: [VRFC 10-311] analyzing module exchange_lite
INFO: [VRFC 10-2263] Analyzing SystemVerilog file "C:/Users/Kushal Agrawal/UW-madison school work/Dual-FPGA-Trading-Engine/rtl/board_a/tx_arbiter.sv" into library work
INFO: [VRFC 10-311] analyzing module tx_arbiter
INFO: [VRFC 10-2263] Analyzing SystemVerilog file "C:/Users/Kushal Agrawal/UW-madison school work/Dual-FPGA-Trading-Engine/rtl/board_a/board_a_axi_regs.sv" into library work
INFO: [VRFC 10-311] analyzing module board_a_axi_regs
INFO: [VRFC 10-2263] Analyzing SystemVerilog file "C:/Users/Kushal Agrawal/UW-madison school work/Dual-FPGA-Trading-Engine/rtl/board_a/board_a_ctrl.sv" into library work
INFO: [VRFC 10-311] analyzing module board_a_ctrl
INFO: [VRFC 10-2263] Analyzing SystemVerilog file "C:/Users/Kushal Agrawal/UW-madison school work/Dual-FPGA-Trading-Engine/rtl/board_a/board_a_top.sv" into library work
INFO: [VRFC 10-311] analyzing module board_a_top
INFO: [VRFC 10-2263] Analyzing SystemVerilog file "C:/Users/Kushal Agrawal/UW-madison school work/Dual-FPGA-Trading-Engine/rtl/board_b/msg_demux.sv" into library work
INFO: [VRFC 10-311] analyzing module msg_demux
INFO: [VRFC 10-2263] Analyzing SystemVerilog file "C:/Users/Kushal Agrawal/UW-madison school work/Dual-FPGA-Trading-Engine/rtl/board_b/quote_book.sv" into library work
INFO: [VRFC 10-311] analyzing module quote_book
INFO: [VRFC 10-2263] Analyzing SystemVerilog file "C:/Users/Kushal Agrawal/UW-madison school work/Dual-FPGA-Trading-Engine/rtl/board_b/feature_compute.sv" into library work
INFO: [VRFC 10-311] analyzing module feature_compute
INFO: [VRFC 10-2263] Analyzing SystemVerilog file "C:/Users/Kushal Agrawal/UW-madison school work/Dual-FPGA-Trading-Engine/rtl/board_b/strategy_engine.sv" into library work
INFO: [VRFC 10-311] analyzing module strategy_engine
INFO: [VRFC 10-2263] Analyzing SystemVerilog file "C:/Users/Kushal Agrawal/UW-madison school work/Dual-FPGA-Trading-Engine/rtl/board_b/risk_manager.sv" into library work
INFO: [VRFC 10-311] analyzing module risk_manager
INFO: [VRFC 10-2263] Analyzing SystemVerilog file "C:/Users/Kushal Agrawal/UW-madison school work/Dual-FPGA-Trading-Engine/rtl/board_b/order_manager.sv" into library work
INFO: [VRFC 10-311] analyzing module order_manager
INFO: [VRFC 10-2263] Analyzing SystemVerilog file "C:/Users/Kushal Agrawal/UW-madison school work/Dual-FPGA-Trading-Engine/rtl/board_b/position_tracker.sv" into library work
INFO: [VRFC 10-311] analyzing module position_tracker
INFO: [VRFC 10-2263] Analyzing SystemVerilog file "C:/Users/Kushal Agrawal/UW-madison school work/Dual-FPGA-Trading-Engine/rtl/board_b/latency_histogram.sv" into library work
INFO: [VRFC 10-311] analyzing module latency_histogram
INFO: [VRFC 10-2263] Analyzing SystemVerilog file "C:/Users/Kushal Agrawal/UW-madison school work/Dual-FPGA-Trading-Engine/rtl/board_b/board_b_axi_regs.sv" into library work
INFO: [VRFC 10-311] analyzing module board_b_axi_regs
INFO: [VRFC 10-2263] Analyzing SystemVerilog file "C:/Users/Kushal Agrawal/UW-madison school work/Dual-FPGA-Trading-Engine/rtl/board_b/board_b_ctrl.sv" into library work
INFO: [VRFC 10-311] analyzing module board_b_ctrl
INFO: [VRFC 10-2263] Analyzing SystemVerilog file "C:/Users/Kushal Agrawal/UW-madison school work/Dual-FPGA-Trading-Engine/rtl/board_b/board_b_top.sv" into library work
INFO: [VRFC 10-311] analyzing module board_b_top
INFO: [VRFC 10-2263] Analyzing SystemVerilog file "C:/Users/Kushal Agrawal/UW-madison school work/Dual-FPGA-Trading-Engine/tb/board_b/tb_board_b_pipeline.sv" into library work
INFO: [VRFC 10-311] analyzing module tb_board_b_pipeline
WARNING: [VRFC 10-3824] variable 'nonzero' must explicitly be declared as automatic or static [C:/Users/Kushal Agrawal/UW-madison school work/Dual-FPGA-Trading-Engine/tb/board_b/tb_board_b_pipeline.sv:566]
Vivado Simulator v2025.2
Copyright 1986-2022 Xilinx, Inc. All Rights Reserved.
Copyright 2022-2025 Advanced Micro Devices, Inc. All Rights Reserved.
Running: C:\AMDDesignTools\2025.2\Vivado\bin\unwrapped\win64.o\xelab.exe --debug typical -L unisims_ver -L secureip tb_board_b_pipeline -s tb_board_b_pipeline_sim 
Multi-threading is on. Using 6 slave threads.
Starting static elaboration
Pass Through NonSizing Optimizer
Completed static elaboration
Starting simulation data flow analysis
Completed simulation data flow analysis
Time Resolution for simulation is 1ps
Compiling package work.hft_pkg
Compiling module work.quote_book_default
Compiling module work.feature_compute_default
Compiling module work.strategy_engine
Compiling module work.risk_manager_default
Compiling module work.order_manager
Compiling module work.position_tracker_default
Compiling module work.tb_board_b_pipeline
Built simulation snapshot tb_board_b_pipeline_sim

****** xsim v2025.2 (64-bit)
  **** SW Build 6299465 on Fri Nov 14 19:35:11 GMT 2025
  **** IP Build 6300035 on Fri Nov 14 10:48:45 MST 2025
  **** SharedData Build 6298862 on Thu Nov 13 04:50:51 MST 2025
  **** Start of session at: Tue Apr 28 22:23:48 2026
    ** Copyright 1986-2022 Xilinx, Inc. All Rights Reserved.
    ** Copyright 2022-2025 Advanced Micro Devices, Inc. All Rights Reserved.

source xsim.dir/tb_board_b_pipeline_sim/xsim_script.tcl
# xsim {tb_board_b_pipeline_sim} -autoloadwcfg -tclbatch {_runner.tcl}
Time resolution is 1 ps
source _runner.tcl
## run 50ms

=== Phase 1: Seed EMA (16 symbols, round 1) ===

=== Phase 2: Price UP → SELL signals (16 symbols) ===
  orders_sent = 16 (was 0)

=== Phase 3: Price DOWN → BUY signals (16 symbols) ===
  orders_sent = 32 (was 16)

=== Phase 4: Fill injection (4 symbols) ===
  total_pnl = -161500

=== Phase 5: SELL fills (4 symbols) ===

=== Phase 6: Rejected fill (no position change) ===

=== Phase 7: Order-enable off → rejects ===

=== Phase 8: Position limit enforcement ===
  orders_sent=32, risk_rejects=7 (was 4)

=== Phase 9: Rate limit enforcement ===
  orders_sent=34 (was 32, rate limit = 34)

=== Phase 10: Max-loss risk halt ===
  total_pnl after loss = -559550
  risk_halt = 1

=== Phase 11: Clear and verify ===

=== Phase 12: Back-to-back stress (80 quotes) ===
  orders_sent = 64
  risk_rejects = 0

=== Phase 13: Fills for all 16 symbols ===
  Non-zero positions: 16 / 16

=== Phase 14: Order integrity ===
  Total orders observed by monitor: 98 (since clear: 64)

══════════════════════════════════════════
  board_b_pipeline testbench complete
  PASSED: 26
  FAILED: 0
  Orders observed: 98
══════════════════════════════════════════

$finish called at time : 5606 ns : File "C:/Users/Kushal Agrawal/UW-madison school work/Dual-FPGA-Trading-Engine/tb/board_b/tb_board_b_pipeline.sv" Line 596
## quit
INFO: [Common 17-206] Exiting xsim at Tue Apr 28 22:23:50 2026...
