INFO: [VRFC 10-2263] Analyzing SystemVerilog file "C:/Users/Kushal Agrawal/UW-madison school work/Dual-FPGA-Trading-Engine/rtl/shared/hft_pkg.sv" into library work
INFO: [VRFC 10-2263] Analyzing SystemVerilog file "C:/Users/Kushal Agrawal/UW-madison school work/Dual-FPGA-Trading-Engine/rtl/shared/debounce.sv" into library work
INFO: [VRFC 10-311] analyzing module debounce
INFO: [VRFC 10-2263] Analyzing SystemVerilog file "C:/Users/Kushal Agrawal/UW-madison school work/Dual-FPGA-Trading-Engine/rtl/shared/lfsr32.sv" into library work
INFO: [VRFC 10-311] analyzing module lfsr32
INFO: [VRFC 10-2263] Analyzing SystemVerilog file "C:/Users/Kushal Agrawal/UW-madison school work/Dual-FPGA-Trading-Engine/rtl/shared/sync_fifo.sv" into library work
INFO: [VRFC 10-311] analyzing module sync_fifo
INFO: [VRFC 10-2263] Analyzing SystemVerilog file "C:/Users/Kushal Agrawal/UW-madison school work/Dual-FPGA-Trading-Engine/rtl/link/link_tx.sv" into library work
INFO: [VRFC 10-311] analyzing module link_tx
INFO: [VRFC 10-2263] Analyzing SystemVerilog file "C:/Users/Kushal Agrawal/UW-madison school work/Dual-FPGA-Trading-Engine/rtl/link/link_rx.sv" into library work
INFO: [VRFC 10-311] analyzing module link_rx
INFO: [VRFC 10-2263] Analyzing SystemVerilog file "C:/Users/Kushal Agrawal/UW-madison school work/Dual-FPGA-Trading-Engine/rtl/board_a/market_noise_gen.sv" into library work
INFO: [VRFC 10-311] analyzing module market_noise_gen
INFO: [VRFC 10-2263] Analyzing SystemVerilog file "C:/Users/Kushal Agrawal/UW-madison school work/Dual-FPGA-Trading-Engine/rtl/board_a/market_sim.sv" into library work
INFO: [VRFC 10-311] analyzing module market_sim
WARNING: [VRFC 10-3824] variable 'c_mid' must explicitly be declared as automatic or static [C:/Users/Kushal Agrawal/UW-madison school work/Dual-FPGA-Trading-Engine/rtl/board_a/market_sim.sv:238]
WARNING: [VRFC 10-3824] variable 'c_spr' must explicitly be declared as automatic or static [C:/Users/Kushal Agrawal/UW-madison school work/Dual-FPGA-Trading-Engine/rtl/board_a/market_sim.sv:239]
WARNING: [VRFC 10-3824] variable 'c_hsp' must explicitly be declared as automatic or static [C:/Users/Kushal Agrawal/UW-madison school work/Dual-FPGA-Trading-Engine/rtl/board_a/market_sim.sv:240]
WARNING: [VRFC 10-3824] variable 'c_bid' must explicitly be declared as automatic or static [C:/Users/Kushal Agrawal/UW-madison school work/Dual-FPGA-Trading-Engine/rtl/board_a/market_sim.sv:241]
WARNING: [VRFC 10-3824] variable 'c_ask' must explicitly be declared as automatic or static [C:/Users/Kushal Agrawal/UW-madison school work/Dual-FPGA-Trading-Engine/rtl/board_a/market_sim.sv:242]
INFO: [VRFC 10-2263] Analyzing SystemVerilog file "C:/Users/Kushal Agrawal/UW-madison school work/Dual-FPGA-Trading-Engine/rtl/board_a/exchange_lite.sv" into library work
INFO: [VRFC 10-311] analyzing module exchange_lite
INFO: [VRFC 10-2263] Analyzing SystemVerilog file "C:/Users/Kushal Agrawal/UW-madison school work/Dual-FPGA-Trading-Engine/rtl/board_a/tx_arbiter.sv" into library work
INFO: [VRFC 10-311] analyzing module tx_arbiter
INFO: [VRFC 10-2263] Analyzing SystemVerilog file "C:/Users/Kushal Agrawal/UW-madison school work/Dual-FPGA-Trading-Engine/rtl/board_a/board_a_axi_regs.sv" into library work
INFO: [VRFC 10-311] analyzing module board_a_axi_regs
INFO: [VRFC 10-2263] Analyzing SystemVerilog file "C:/Users/Kushal Agrawal/UW-madison school work/Dual-FPGA-Trading-Engine/rtl/board_a/board_a_ctrl.sv" into library work
INFO: [VRFC 10-311] analyzing module board_a_ctrl
INFO: [VRFC 10-2263] Analyzing SystemVerilog file "C:/Users/Kushal Agrawal/UW-madison school work/Dual-FPGA-Trading-Engine/rtl/board_a/board_a_top.sv" into library work
INFO: [VRFC 10-311] analyzing module board_a_top
INFO: [VRFC 10-2263] Analyzing SystemVerilog file "C:/Users/Kushal Agrawal/UW-madison school work/Dual-FPGA-Trading-Engine/rtl/board_b/msg_demux.sv" into library work
INFO: [VRFC 10-311] analyzing module msg_demux
INFO: [VRFC 10-2263] Analyzing SystemVerilog file "C:/Users/Kushal Agrawal/UW-madison school work/Dual-FPGA-Trading-Engine/rtl/board_b/quote_book.sv" into library work
INFO: [VRFC 10-311] analyzing module quote_book
INFO: [VRFC 10-2263] Analyzing SystemVerilog file "C:/Users/Kushal Agrawal/UW-madison school work/Dual-FPGA-Trading-Engine/rtl/board_b/feature_compute.sv" into library work
INFO: [VRFC 10-311] analyzing module feature_compute
INFO: [VRFC 10-2263] Analyzing SystemVerilog file "C:/Users/Kushal Agrawal/UW-madison school work/Dual-FPGA-Trading-Engine/rtl/board_b/strategy_engine.sv" into library work
INFO: [VRFC 10-311] analyzing module strategy_engine
INFO: [VRFC 10-2263] Analyzing SystemVerilog file "C:/Users/Kushal Agrawal/UW-madison school work/Dual-FPGA-Trading-Engine/rtl/board_b/risk_manager.sv" into library work
INFO: [VRFC 10-311] analyzing module risk_manager
INFO: [VRFC 10-2263] Analyzing SystemVerilog file "C:/Users/Kushal Agrawal/UW-madison school work/Dual-FPGA-Trading-Engine/rtl/board_b/order_manager.sv" into library work
INFO: [VRFC 10-311] analyzing module order_manager
INFO: [VRFC 10-2263] Analyzing SystemVerilog file "C:/Users/Kushal Agrawal/UW-madison school work/Dual-FPGA-Trading-Engine/rtl/board_b/position_tracker.sv" into library work
INFO: [VRFC 10-311] analyzing module position_tracker
INFO: [VRFC 10-2263] Analyzing SystemVerilog file "C:/Users/Kushal Agrawal/UW-madison school work/Dual-FPGA-Trading-Engine/rtl/board_b/latency_histogram.sv" into library work
INFO: [VRFC 10-311] analyzing module latency_histogram
INFO: [VRFC 10-2263] Analyzing SystemVerilog file "C:/Users/Kushal Agrawal/UW-madison school work/Dual-FPGA-Trading-Engine/rtl/board_b/board_b_axi_regs.sv" into library work
INFO: [VRFC 10-311] analyzing module board_b_axi_regs
INFO: [VRFC 10-2263] Analyzing SystemVerilog file "C:/Users/Kushal Agrawal/UW-madison school work/Dual-FPGA-Trading-Engine/rtl/board_b/board_b_ctrl.sv" into library work
INFO: [VRFC 10-311] analyzing module board_b_ctrl
INFO: [VRFC 10-2263] Analyzing SystemVerilog file "C:/Users/Kushal Agrawal/UW-madison school work/Dual-FPGA-Trading-Engine/rtl/board_b/board_b_top.sv" into library work
INFO: [VRFC 10-311] analyzing module board_b_top
INFO: [VRFC 10-2263] Analyzing SystemVerilog file "C:/Users/Kushal Agrawal/UW-madison school work/Dual-FPGA-Trading-Engine/tb/board_b/tb_board_b_top.sv" into library work
INFO: [VRFC 10-311] analyzing module tb_board_b_top
Vivado Simulator v2025.2
Copyright 1986-2022 Xilinx, Inc. All Rights Reserved.
Copyright 2022-2025 Advanced Micro Devices, Inc. All Rights Reserved.
Running: C:\AMDDesignTools\2025.2\Vivado\bin\unwrapped\win64.o\xelab.exe --debug typical -L unisims_ver -L secureip tb_board_b_top -s tb_board_b_top_sim 
Multi-threading is on. Using 6 slave threads.
Starting static elaboration
Pass Through NonSizing Optimizer
Completed static elaboration
Starting simulation data flow analysis
Completed simulation data flow analysis
Time Resolution for simulation is 1ps
Compiling package work.hft_pkg
Compiling module work.board_b_axi_regs(NUM_SYM=16)
Compiling module work.debounce(COUNTER_W=16)
Compiling module work.board_b_ctrl
Compiling module work.link_rx_default
Compiling module work.msg_demux
Compiling module work.quote_book(NUM_SYM=16)
Compiling module work.feature_compute(NUM_SYM=16)
Compiling module work.strategy_engine
Compiling module work.risk_manager(NUM_SYM=16)
Compiling module work.order_manager
Compiling module work.link_tx_default
Compiling module work.position_tracker(NUM_SYM=16)
Compiling module work.latency_histogram
Compiling module work.board_b_top(NUM_SYM=16,LINK_W=4)
Compiling module work.tb_board_b_top
Built simulation snapshot tb_board_b_top_sim

****** xsim v2025.2 (64-bit)
  **** SW Build 6299465 on Fri Nov 14 19:35:11 GMT 2025
  **** IP Build 6300035 on Fri Nov 14 10:48:45 MST 2025
  **** SharedData Build 6298862 on Thu Nov 13 04:50:51 MST 2025
  **** Start of session at: Tue Apr 28 22:23:54 2026
    ** Copyright 1986-2022 Xilinx, Inc. All Rights Reserved.
    ** Copyright 2022-2025 Advanced Micro Devices, Inc. All Rights Reserved.

source xsim.dir/tb_board_b_top_sim/xsim_script.tcl
# xsim {tb_board_b_top_sim} -autoloadwcfg -tclbatch {_runner.tcl}
Time resolution is 1 ps
source _runner.tcl
## run 50ms

=== Phase 1: FSM Transitions ===

=== Phase 2: AXI Config ===

=== Phase 3: 16-Symbol EMA Seeding ===
  quotes_rcvd = 16 (expect 16)

=== Phase 4: Price Shifts → Orders ===
  quotes_rcvd = 32 (expect 32)
  orders_sent = 16
  STATUS = 0x0000002c

=== Phase 5: Fill Injection (8 symbols) ===
  fills_rcvd = 8
  --- Position readback ---
  pos[ 0] =     100
  pos[ 1] =     100
  pos[ 2] =     100
  pos[ 3] =     100
  pos[ 4] =     100
  pos[ 5] =     100
  pos[ 6] =     100
  pos[ 7] =     100
  pos[ 8] =       0
  pos[ 9] =       0
  pos[10] =       0
  pos[11] =       0
  pos[12] =       0
  pos[13] =       0
  pos[14] =       0
  pos[15] =       0

=== Phase 6: SELL Fills (sym 0-3) ===
  pos[0] after SELL = 50 (expect 50)

=== Phase 7: Cash Readback ===
  cash_lo = 0x36ea0000
  cash_hi = 0xfffffffd

=== Phase 8: Latency Histogram ===
  lat_min   = 2678
  lat_max   = 3571
  lat_count = 12
  hist[15] = 12
  Total histogram entries: 12

=== Phase 9: Strategy Override ===
  STATUS w/ override = 0x0000002f

=== Phase 10: FSM Control ===

=== Phase 11: Risk Halt ===

=== Phase 12: Counter Clear ===

=== Phase 13: Restart + Stress ===
  Final quotes = 65
  Final orders = 48
  link_errors = 0

=== Phase 14: LED/RGB ===

=== Phase 15: Rejected Fill ===

=== Phase 16: Regime Field ===

=== Phase 17: Full 16-sym Position Test ===
  pos[8] after partial sell = 100

=== Phase 18: Histogram Consistency ===
  lat_count=24, sum_bins=24

=== Phase 19: Out-of-range Symbol Fill ===
  fills after OOR: 24 (was 24)

=== Phase 20: Double Halt/Recovery ===

=== Phase 21: Link Error Check ===

=== Phase 22: Config Persistence ===

=== Phase 23: Extra AXI Readback ===

=== Phase 24: B2 per-symbol AXI exposure ===
  BID[0]  = 0x00b3f000 (expect 0x00b3f000)
  ASK[0]  = 0x00b41000 (expect 0x00b41000)
  BID[1]  = 0x01a3f000 (expect 0x01a3f000)
  ASK[1]  = 0x01a41000 (expect 0x01a41000)
  BID[2]  = 0x0383f000 (expect 0x0383f000)
  ASK[2]  = 0x03841000 (expect 0x03841000)
  BID[3]  = 0x0072f000 (expect 0x0072f000)
  ASK[3]  = 0x00731000 (expect 0x00731000)
  LAST_FILL[0] = 0x00b40000 (expect 0x00b40000)
  TRADES_PACK[0] = 0x00000001 (low=trades[0], high=trades[1])
  PNL[0] = HI:0xffffffff LO:0xdcd80000 (signed 48b)

══════════════════════════════════════════
  board_b_top testbench complete
  PASSED: 96
  FAILED: 0
══════════════════════════════════════════

$finish called at time : 119765 ns : File "C:/Users/Kushal Agrawal/UW-madison school work/Dual-FPGA-Trading-Engine/tb/board_b/tb_board_b_top.sv" Line 705
## quit
INFO: [Common 17-206] Exiting xsim at Tue Apr 28 22:23:57 2026...
