INFO: [VRFC 10-2263] Analyzing SystemVerilog file "C:/Users/Kushal Agrawal/UW-madison school work/Dual-FPGA-Trading-Engine/rtl/shared/hft_pkg.sv" into library work
INFO: [VRFC 10-2263] Analyzing SystemVerilog file "C:/Users/Kushal Agrawal/UW-madison school work/Dual-FPGA-Trading-Engine/rtl/shared/debounce.sv" into library work
INFO: [VRFC 10-311] analyzing module debounce
INFO: [VRFC 10-2263] Analyzing SystemVerilog file "C:/Users/Kushal Agrawal/UW-madison school work/Dual-FPGA-Trading-Engine/rtl/shared/lfsr32.sv" into library work
INFO: [VRFC 10-311] analyzing module lfsr32
INFO: [VRFC 10-2263] Analyzing SystemVerilog file "C:/Users/Kushal Agrawal/UW-madison school work/Dual-FPGA-Trading-Engine/rtl/shared/sync_fifo.sv" into library work
INFO: [VRFC 10-311] analyzing module sync_fifo
INFO: [VRFC 10-2263] Analyzing SystemVerilog file "C:/Users/Kushal Agrawal/UW-madison school work/Dual-FPGA-Trading-Engine/rtl/link/link_tx.sv" into library work
INFO: [VRFC 10-311] analyzing module link_tx
INFO: [VRFC 10-2263] Analyzing SystemVerilog file "C:/Users/Kushal Agrawal/UW-madison school work/Dual-FPGA-Trading-Engine/rtl/link/link_rx.sv" into library work
INFO: [VRFC 10-311] analyzing module link_rx
INFO: [VRFC 10-2263] Analyzing SystemVerilog file "C:/Users/Kushal Agrawal/UW-madison school work/Dual-FPGA-Trading-Engine/rtl/board_a/market_noise_gen.sv" into library work
INFO: [VRFC 10-311] analyzing module market_noise_gen
INFO: [VRFC 10-2263] Analyzing SystemVerilog file "C:/Users/Kushal Agrawal/UW-madison school work/Dual-FPGA-Trading-Engine/rtl/board_a/market_sim.sv" into library work
INFO: [VRFC 10-311] analyzing module market_sim
WARNING: [VRFC 10-3824] variable 'c_mid' must explicitly be declared as automatic or static [C:/Users/Kushal Agrawal/UW-madison school work/Dual-FPGA-Trading-Engine/rtl/board_a/market_sim.sv:238]
WARNING: [VRFC 10-3824] variable 'c_spr' must explicitly be declared as automatic or static [C:/Users/Kushal Agrawal/UW-madison school work/Dual-FPGA-Trading-Engine/rtl/board_a/market_sim.sv:239]
WARNING: [VRFC 10-3824] variable 'c_hsp' must explicitly be declared as automatic or static [C:/Users/Kushal Agrawal/UW-madison school work/Dual-FPGA-Trading-Engine/rtl/board_a/market_sim.sv:240]
WARNING: [VRFC 10-3824] variable 'c_bid' must explicitly be declared as automatic or static [C:/Users/Kushal Agrawal/UW-madison school work/Dual-FPGA-Trading-Engine/rtl/board_a/market_sim.sv:241]
WARNING: [VRFC 10-3824] variable 'c_ask' must explicitly be declared as automatic or static [C:/Users/Kushal Agrawal/UW-madison school work/Dual-FPGA-Trading-Engine/rtl/board_a/market_sim.sv:242]
INFO: [VRFC 10-2263] Analyzing SystemVerilog file "C:/Users/Kushal Agrawal/UW-madison school work/Dual-FPGA-Trading-Engine/rtl/board_a/exchange_lite.sv" into library work
INFO: [VRFC 10-311] analyzing module exchange_lite
INFO: [VRFC 10-2263] Analyzing SystemVerilog file "C:/Users/Kushal Agrawal/UW-madison school work/Dual-FPGA-Trading-Engine/rtl/board_a/tx_arbiter.sv" into library work
INFO: [VRFC 10-311] analyzing module tx_arbiter
INFO: [VRFC 10-2263] Analyzing SystemVerilog file "C:/Users/Kushal Agrawal/UW-madison school work/Dual-FPGA-Trading-Engine/rtl/board_a/board_a_axi_regs.sv" into library work
INFO: [VRFC 10-311] analyzing module board_a_axi_regs
INFO: [VRFC 10-2263] Analyzing SystemVerilog file "C:/Users/Kushal Agrawal/UW-madison school work/Dual-FPGA-Trading-Engine/rtl/board_a/board_a_ctrl.sv" into library work
INFO: [VRFC 10-311] analyzing module board_a_ctrl
INFO: [VRFC 10-2263] Analyzing SystemVerilog file "C:/Users/Kushal Agrawal/UW-madison school work/Dual-FPGA-Trading-Engine/rtl/board_a/board_a_top.sv" into library work
INFO: [VRFC 10-311] analyzing module board_a_top
INFO: [VRFC 10-2263] Analyzing SystemVerilog file "C:/Users/Kushal Agrawal/UW-madison school work/Dual-FPGA-Trading-Engine/rtl/board_b/msg_demux.sv" into library work
INFO: [VRFC 10-311] analyzing module msg_demux
INFO: [VRFC 10-2263] Analyzing SystemVerilog file "C:/Users/Kushal Agrawal/UW-madison school work/Dual-FPGA-Trading-Engine/rtl/board_b/quote_book.sv" into library work
INFO: [VRFC 10-311] analyzing module quote_book
INFO: [VRFC 10-2263] Analyzing SystemVerilog file "C:/Users/Kushal Agrawal/UW-madison school work/Dual-FPGA-Trading-Engine/rtl/board_b/feature_compute.sv" into library work
INFO: [VRFC 10-311] analyzing module feature_compute
INFO: [VRFC 10-2263] Analyzing SystemVerilog file "C:/Users/Kushal Agrawal/UW-madison school work/Dual-FPGA-Trading-Engine/rtl/board_b/strategy_engine.sv" into library work
INFO: [VRFC 10-311] analyzing module strategy_engine
INFO: [VRFC 10-2263] Analyzing SystemVerilog file "C:/Users/Kushal Agrawal/UW-madison school work/Dual-FPGA-Trading-Engine/rtl/board_b/risk_manager.sv" into library work
INFO: [VRFC 10-311] analyzing module risk_manager
INFO: [VRFC 10-2263] Analyzing SystemVerilog file "C:/Users/Kushal Agrawal/UW-madison school work/Dual-FPGA-Trading-Engine/rtl/board_b/order_manager.sv" into library work
INFO: [VRFC 10-311] analyzing module order_manager
INFO: [VRFC 10-2263] Analyzing SystemVerilog file "C:/Users/Kushal Agrawal/UW-madison school work/Dual-FPGA-Trading-Engine/rtl/board_b/position_tracker.sv" into library work
INFO: [VRFC 10-311] analyzing module position_tracker
INFO: [VRFC 10-2263] Analyzing SystemVerilog file "C:/Users/Kushal Agrawal/UW-madison school work/Dual-FPGA-Trading-Engine/rtl/board_b/latency_histogram.sv" into library work
INFO: [VRFC 10-311] analyzing module latency_histogram
INFO: [VRFC 10-2263] Analyzing SystemVerilog file "C:/Users/Kushal Agrawal/UW-madison school work/Dual-FPGA-Trading-Engine/rtl/board_b/board_b_axi_regs.sv" into library work
INFO: [VRFC 10-311] analyzing module board_b_axi_regs
INFO: [VRFC 10-2263] Analyzing SystemVerilog file "C:/Users/Kushal Agrawal/UW-madison school work/Dual-FPGA-Trading-Engine/rtl/board_b/board_b_ctrl.sv" into library work
INFO: [VRFC 10-311] analyzing module board_b_ctrl
INFO: [VRFC 10-2263] Analyzing SystemVerilog file "C:/Users/Kushal Agrawal/UW-madison school work/Dual-FPGA-Trading-Engine/rtl/board_b/board_b_top.sv" into library work
INFO: [VRFC 10-311] analyzing module board_b_top
INFO: [VRFC 10-2263] Analyzing SystemVerilog file "C:/Users/Kushal Agrawal/UW-madison school work/Dual-FPGA-Trading-Engine/tb/shared/tb_lfsr32.sv" into library work
INFO: [VRFC 10-311] analyzing module tb_lfsr32
Vivado Simulator v2025.2
Copyright 1986-2022 Xilinx, Inc. All Rights Reserved.
Copyright 2022-2025 Advanced Micro Devices, Inc. All Rights Reserved.
Running: C:\AMDDesignTools\2025.2\Vivado\bin\unwrapped\win64.o\xelab.exe --debug typical -L unisims_ver -L secureip tb_lfsr32 -s tb_lfsr32_sim 
Multi-threading is on. Using 6 slave threads.
Starting static elaboration
Pass Through NonSizing Optimizer
Completed static elaboration
Starting simulation data flow analysis
Completed simulation data flow analysis
Time Resolution for simulation is 1ps
Compiling package work.hft_pkg
Compiling module work.lfsr32
Compiling module work.tb_lfsr32
Built simulation snapshot tb_lfsr32_sim

****** xsim v2025.2 (64-bit)
  **** SW Build 6299465 on Fri Nov 14 19:35:11 GMT 2025
  **** IP Build 6300035 on Fri Nov 14 10:48:45 MST 2025
  **** SharedData Build 6298862 on Thu Nov 13 04:50:51 MST 2025
  **** Start of session at: Tue Apr 28 22:21:18 2026
    ** Copyright 1986-2022 Xilinx, Inc. All Rights Reserved.
    ** Copyright 2022-2025 Advanced Micro Devices, Inc. All Rights Reserved.

source xsim.dir/tb_lfsr32_sim/xsim_script.tcl
# xsim {tb_lfsr32_sim} -autoloadwcfg -tclbatch {_runner.tcl}
Time resolution is 1 ps
source _runner.tcl
## run 50ms
--- test_reset ---
--- test_load_hold ---
--- test_golden_deadbeef ---
Error: FAIL: DEADBEEF step[0] — got 378b6fb8, exp 6f16df70
Time: 146 ns  Iteration: 0  Process: /tb_lfsr32/check32  Scope: tb_lfsr32.check32  File: C:/Users/Kushal Agrawal/UW-madison school work/Dual-FPGA-Trading-Engine/tb/shared/tb_lfsr32.sv Line: 47
Error: FAIL: DEADBEEF step[1] — got 1bc5b7dc, exp 378b6fb8
Time: 156 ns  Iteration: 0  Process: /tb_lfsr32/check32  Scope: tb_lfsr32.check32  File: C:/Users/Kushal Agrawal/UW-madison school work/Dual-FPGA-Trading-Engine/tb/shared/tb_lfsr32.sv Line: 47
Error: FAIL: DEADBEEF step[2] — got 0de2dbee, exp 1bc5b7dc
Time: 166 ns  Iteration: 0  Process: /tb_lfsr32/check32  Scope: tb_lfsr32.check32  File: C:/Users/Kushal Agrawal/UW-madison school work/Dual-FPGA-Trading-Engine/tb/shared/tb_lfsr32.sv Line: 47
Error: FAIL: DEADBEEF step[3] — got 06f16df7, exp 0de2dbee
Time: 176 ns  Iteration: 0  Process: /tb_lfsr32/check32  Scope: tb_lfsr32.check32  File: C:/Users/Kushal Agrawal/UW-madison school work/Dual-FPGA-Trading-Engine/tb/shared/tb_lfsr32.sv Line: 47
Error: FAIL: DEADBEEF step[4] — got 0338b6fc, exp 06f16df7
Time: 186 ns  Iteration: 0  Process: /tb_lfsr32/check32  Scope: tb_lfsr32.check32  File: C:/Users/Kushal Agrawal/UW-madison school work/Dual-FPGA-Trading-Engine/tb/shared/tb_lfsr32.sv Line: 47
Error: FAIL: DEADBEEF step[5] — got 019c5b7e, exp 0338b6fc
Time: 196 ns  Iteration: 0  Process: /tb_lfsr32/check32  Scope: tb_lfsr32.check32  File: C:/Users/Kushal Agrawal/UW-madison school work/Dual-FPGA-Trading-Engine/tb/shared/tb_lfsr32.sv Line: 47
Error: FAIL: DEADBEEF step[6] — got 00ce2dbf, exp 019c5b7e
Time: 206 ns  Iteration: 0  Process: /tb_lfsr32/check32  Scope: tb_lfsr32.check32  File: C:/Users/Kushal Agrawal/UW-madison school work/Dual-FPGA-Trading-Engine/tb/shared/tb_lfsr32.sv Line: 47
Error: FAIL: DEADBEEF step[7] — got 002716d8, exp 00ce2dbf
Time: 216 ns  Iteration: 0  Process: /tb_lfsr32/check32  Scope: tb_lfsr32.check32  File: C:/Users/Kushal Agrawal/UW-madison school work/Dual-FPGA-Trading-Engine/tb/shared/tb_lfsr32.sv Line: 47
Error: FAIL: DEADBEEF step[8] — got 00138b6c, exp 002716d8
Time: 226 ns  Iteration: 0  Process: /tb_lfsr32/check32  Scope: tb_lfsr32.check32  File: C:/Users/Kushal Agrawal/UW-madison school work/Dual-FPGA-Trading-Engine/tb/shared/tb_lfsr32.sv Line: 47
Error: FAIL: DEADBEEF step[9] — got 0009c5b6, exp 00138b6c
Time: 236 ns  Iteration: 0  Process: /tb_lfsr32/check32  Scope: tb_lfsr32.check32  File: C:/Users/Kushal Agrawal/UW-madison school work/Dual-FPGA-Trading-Engine/tb/shared/tb_lfsr32.sv Line: 47
Error: FAIL: DEADBEEF step[10] — got 0004e2db, exp 0009c5b6
Time: 246 ns  Iteration: 0  Process: /tb_lfsr32/check32  Scope: tb_lfsr32.check32  File: C:/Users/Kushal Agrawal/UW-madison school work/Dual-FPGA-Trading-Engine/tb/shared/tb_lfsr32.sv Line: 47
Error: FAIL: DEADBEEF step[11] — got 0042716a, exp 0004e2db
Time: 256 ns  Iteration: 0  Process: /tb_lfsr32/check32  Scope: tb_lfsr32.check32  File: C:/Users/Kushal Agrawal/UW-madison school work/Dual-FPGA-Trading-Engine/tb/shared/tb_lfsr32.sv Line: 47
Error: FAIL: DEADBEEF step[12] — got 002138b5, exp 0042716a
Time: 266 ns  Iteration: 0  Process: /tb_lfsr32/check32  Scope: tb_lfsr32.check32  File: C:/Users/Kushal Agrawal/UW-madison school work/Dual-FPGA-Trading-Engine/tb/shared/tb_lfsr32.sv Line: 47
Error: FAIL: DEADBEEF step[13] — got 00509c5d, exp 002138b5
Time: 276 ns  Iteration: 0  Process: /tb_lfsr32/check32  Scope: tb_lfsr32.check32  File: C:/Users/Kushal Agrawal/UW-madison school work/Dual-FPGA-Trading-Engine/tb/shared/tb_lfsr32.sv Line: 47
Error: FAIL: DEADBEEF step[14] — got 00684e29, exp 00509c5d
Time: 286 ns  Iteration: 0  Process: /tb_lfsr32/check32  Scope: tb_lfsr32.check32  File: C:/Users/Kushal Agrawal/UW-madison school work/Dual-FPGA-Trading-Engine/tb/shared/tb_lfsr32.sv Line: 47
Error: FAIL: DEADBEEF step[15] — got 00742713, exp 00684e29
Time: 296 ns  Iteration: 0  Process: /tb_lfsr32/check32  Scope: tb_lfsr32.check32  File: C:/Users/Kushal Agrawal/UW-madison school work/Dual-FPGA-Trading-Engine/tb/shared/tb_lfsr32.sv Line: 47
--- test_golden_seed1 ---
Error: FAIL: SEED1 step[0] — got 003d09c7, exp 00400007
Time: 326 ns  Iteration: 0  Process: /tb_lfsr32/check32  Scope: tb_lfsr32.check32  File: C:/Users/Kushal Agrawal/UW-madison school work/Dual-FPGA-Trading-Engine/tb/shared/tb_lfsr32.sv Line: 47
Error: FAIL: SEED1 step[1] — got 005e84e4, exp 00600004
Time: 336 ns  Iteration: 0  Process: /tb_lfsr32/check32  Scope: tb_lfsr32.check32  File: C:/Users/Kushal Agrawal/UW-madison school work/Dual-FPGA-Trading-Engine/tb/shared/tb_lfsr32.sv Line: 47
Error: FAIL: SEED1 step[2] — got 002f4272, exp 00300002
Time: 346 ns  Iteration: 0  Process: /tb_lfsr32/check32  Scope: tb_lfsr32.check32  File: C:/Users/Kushal Agrawal/UW-madison school work/Dual-FPGA-Trading-Engine/tb/shared/tb_lfsr32.sv Line: 47
Error: FAIL: SEED1 step[3] — got 0017a139, exp 00180001
Time: 356 ns  Iteration: 0  Process: /tb_lfsr32/check32  Scope: tb_lfsr32.check32  File: C:/Users/Kushal Agrawal/UW-madison school work/Dual-FPGA-Trading-Engine/tb/shared/tb_lfsr32.sv Line: 47
Error: FAIL: SEED1 step[4] — got 004bd09b, exp 004c0007
Time: 366 ns  Iteration: 0  Process: /tb_lfsr32/check32  Scope: tb_lfsr32.check32  File: C:/Users/Kushal Agrawal/UW-madison school work/Dual-FPGA-Trading-Engine/tb/shared/tb_lfsr32.sv Line: 47
Error: FAIL: SEED1 step[5] — got 0065e84a, exp 00660004
Time: 376 ns  Iteration: 0  Process: /tb_lfsr32/check32  Scope: tb_lfsr32.check32  File: C:/Users/Kushal Agrawal/UW-madison school work/Dual-FPGA-Trading-Engine/tb/shared/tb_lfsr32.sv Line: 47
Error: FAIL: SEED1 step[6] — got 0032f425, exp 00330002
Time: 386 ns  Iteration: 0  Process: /tb_lfsr32/check32  Scope: tb_lfsr32.check32  File: C:/Users/Kushal Agrawal/UW-madison school work/Dual-FPGA-Trading-Engine/tb/shared/tb_lfsr32.sv Line: 47
Error: FAIL: SEED1 step[7] — got 00597a15, exp 00198001
Time: 396 ns  Iteration: 0  Process: /tb_lfsr32/check32  Scope: tb_lfsr32.check32  File: C:/Users/Kushal Agrawal/UW-madison school work/Dual-FPGA-Trading-Engine/tb/shared/tb_lfsr32.sv Line: 47
Error: FAIL: SEED1 step[8] — got 006cbd0d, exp 004cc007
Time: 406 ns  Iteration: 0  Process: /tb_lfsr32/check32  Scope: tb_lfsr32.check32  File: C:/Users/Kushal Agrawal/UW-madison school work/Dual-FPGA-Trading-Engine/tb/shared/tb_lfsr32.sv Line: 47
Error: FAIL: SEED1 step[9] — got 00765e81, exp 00666004
Time: 416 ns  Iteration: 0  Process: /tb_lfsr32/check32  Scope: tb_lfsr32.check32  File: C:/Users/Kushal Agrawal/UW-madison school work/Dual-FPGA-Trading-Engine/tb/shared/tb_lfsr32.sv Line: 47
Error: FAIL: SEED1 step[10] — got 007b2f47, exp 00333002
Time: 426 ns  Iteration: 0  Process: /tb_lfsr32/check32  Scope: tb_lfsr32.check32  File: C:/Users/Kushal Agrawal/UW-madison school work/Dual-FPGA-Trading-Engine/tb/shared/tb_lfsr32.sv Line: 47
Error: FAIL: SEED1 step[11] — got 007d97a4, exp 00199801
Time: 436 ns  Iteration: 0  Process: /tb_lfsr32/check32  Scope: tb_lfsr32.check32  File: C:/Users/Kushal Agrawal/UW-madison school work/Dual-FPGA-Trading-Engine/tb/shared/tb_lfsr32.sv Line: 47
Error: FAIL: SEED1 step[12] — got 003ecbd2, exp 004ccc07
Time: 446 ns  Iteration: 0  Process: /tb_lfsr32/check32  Scope: tb_lfsr32.check32  File: C:/Users/Kushal Agrawal/UW-madison school work/Dual-FPGA-Trading-Engine/tb/shared/tb_lfsr32.sv Line: 47
Error: FAIL: SEED1 step[13] — got 001f65e9, exp 00666604
Time: 456 ns  Iteration: 0  Process: /tb_lfsr32/check32  Scope: tb_lfsr32.check32  File: C:/Users/Kushal Agrawal/UW-madison school work/Dual-FPGA-Trading-Engine/tb/shared/tb_lfsr32.sv Line: 47
Error: FAIL: SEED1 step[14] — got 004fb2f3, exp 00333302
Time: 466 ns  Iteration: 0  Process: /tb_lfsr32/check32  Scope: tb_lfsr32.check32  File: C:/Users/Kushal Agrawal/UW-madison school work/Dual-FPGA-Trading-Engine/tb/shared/tb_lfsr32.sv Line: 47
Error: FAIL: SEED1 step[15] — got 0067d97e, exp 00199981
Time: 476 ns  Iteration: 0  Process: /tb_lfsr32/check32  Scope: tb_lfsr32.check32  File: C:/Users/Kushal Agrawal/UW-madison school work/Dual-FPGA-Trading-Engine/tb/shared/tb_lfsr32.sv Line: 47
--- test_zero_seed_remap ---
Error: FAIL: Zero seed remapped to 1 — got 0067d97e, exp 00000001
Time: 495 ns  Iteration: 0  Process: /tb_lfsr32/check32  Scope: tb_lfsr32.check32  File: C:/Users/Kushal Agrawal/UW-madison school work/Dual-FPGA-Trading-Engine/tb/shared/tb_lfsr32.sv Line: 47
Error: FAIL: Zero remap step[0] — got 0059f658, exp 00400007
Time: 506 ns  Iteration: 0  Process: /tb_lfsr32/check32  Scope: tb_lfsr32.check32  File: C:/Users/Kushal Agrawal/UW-madison school work/Dual-FPGA-Trading-Engine/tb/shared/tb_lfsr32.sv Line: 47
Error: FAIL: Zero remap step[1] — got 002cfb2c, exp 00600004
Time: 516 ns  Iteration: 0  Process: /tb_lfsr32/check32  Scope: tb_lfsr32.check32  File: C:/Users/Kushal Agrawal/UW-madison school work/Dual-FPGA-Trading-Engine/tb/shared/tb_lfsr32.sv Line: 47
Error: FAIL: Zero remap step[2] — got 00167d96, exp 00300002
Time: 526 ns  Iteration: 0  Process: /tb_lfsr32/check32  Scope: tb_lfsr32.check32  File: C:/Users/Kushal Agrawal/UW-madison school work/Dual-FPGA-Trading-Engine/tb/shared/tb_lfsr32.sv Line: 47
Error: FAIL: Zero remap step[3] — got 000b3ecb, exp 00180001
Time: 536 ns  Iteration: 0  Process: /tb_lfsr32/check32  Scope: tb_lfsr32.check32  File: C:/Users/Kushal Agrawal/UW-madison school work/Dual-FPGA-Trading-Engine/tb/shared/tb_lfsr32.sv Line: 47
Error: FAIL: Zero remap step[4] — got 00459f62, exp 004c0007
Time: 546 ns  Iteration: 0  Process: /tb_lfsr32/check32  Scope: tb_lfsr32.check32  File: C:/Users/Kushal Agrawal/UW-madison school work/Dual-FPGA-Trading-Engine/tb/shared/tb_lfsr32.sv Line: 47
Error: FAIL: Zero remap step[5] — got 0022cfb1, exp 00660004
Time: 556 ns  Iteration: 0  Process: /tb_lfsr32/check32  Scope: tb_lfsr32.check32  File: C:/Users/Kushal Agrawal/UW-madison school work/Dual-FPGA-Trading-Engine/tb/shared/tb_lfsr32.sv Line: 47
Error: FAIL: Zero remap step[6] — got 005167df, exp 00330002
Time: 566 ns  Iteration: 0  Process: /tb_lfsr32/check32  Scope: tb_lfsr32.check32  File: C:/Users/Kushal Agrawal/UW-madison school work/Dual-FPGA-Trading-Engine/tb/shared/tb_lfsr32.sv Line: 47
Error: FAIL: Zero remap step[7] — got 0068b3e8, exp 00198001
Time: 576 ns  Iteration: 0  Process: /tb_lfsr32/check32  Scope: tb_lfsr32.check32  File: C:/Users/Kushal Agrawal/UW-madison school work/Dual-FPGA-Trading-Engine/tb/shared/tb_lfsr32.sv Line: 47
--- test_all_ones_seed ---
Error: FAIL: All-ones seed loaded — got 0068b3e8, exp ffffffff
Time: 595 ns  Iteration: 0  Process: /tb_lfsr32/check32  Scope: tb_lfsr32.check32  File: C:/Users/Kushal Agrawal/UW-madison school work/Dual-FPGA-Trading-Engine/tb/shared/tb_lfsr32.sv Line: 47
--- test_load_during_enable ---
Error: FAIL: Load during enable: seed 1 loaded — got 00400007, exp 00000001
Time: 1675 ns  Iteration: 0  Process: /tb_lfsr32/check32  Scope: tb_lfsr32.check32  File: C:/Users/Kushal Agrawal/UW-madison school work/Dual-FPGA-Trading-Engine/tb/shared/tb_lfsr32.sv Line: 47
Error: FAIL: Load during enable: first step matches seed1 — got 00600004, exp 00400007
Time: 1685 ns  Iteration: 0  Process: /tb_lfsr32/check32  Scope: tb_lfsr32.check32  File: C:/Users/Kushal Agrawal/UW-madison school work/Dual-FPGA-Trading-Engine/tb/shared/tb_lfsr32.sv Line: 47
--- test_simultaneous_load_enable ---
Error: FAIL: Simultaneous load+enable: load wins — got 52d2ad2d, exp a5a55a5a
Time: 1705 ns  Iteration: 0  Process: /tb_lfsr32/check32  Scope: tb_lfsr32.check32  File: C:/Users/Kushal Agrawal/UW-madison school work/Dual-FPGA-Trading-Engine/tb/shared/tb_lfsr32.sv Line: 47
--- test_rapid_toggle ---
--- test_determinism ---
--- test_never_zero ---

===================================
tb_lfsr32: FAIL (1135 passed, 45 failed)
Fatal: 
Time: 12335 ns  Iteration: 0  Process: /tb_lfsr32/Initial264_12  Scope: tb_lfsr32  File: C:/Users/Kushal Agrawal/UW-madison school work/Dual-FPGA-Trading-Engine/tb/shared/tb_lfsr32.sv Line: 283
$finish called at time : 12335 ns
## quit
INFO: [Common 17-206] Exiting xsim at Tue Apr 28 22:21:21 2026...
