INFO: [VRFC 10-2263] Analyzing SystemVerilog file "C:/Users/Kushal Agrawal/UW-madison school work/Dual-FPGA-Trading-Engine/rtl/shared/hft_pkg.sv" into library work
INFO: [VRFC 10-2263] Analyzing SystemVerilog file "C:/Users/Kushal Agrawal/UW-madison school work/Dual-FPGA-Trading-Engine/rtl/shared/debounce.sv" into library work
INFO: [VRFC 10-311] analyzing module debounce
INFO: [VRFC 10-2263] Analyzing SystemVerilog file "C:/Users/Kushal Agrawal/UW-madison school work/Dual-FPGA-Trading-Engine/rtl/shared/lfsr32.sv" into library work
INFO: [VRFC 10-311] analyzing module lfsr32
INFO: [VRFC 10-2263] Analyzing SystemVerilog file "C:/Users/Kushal Agrawal/UW-madison school work/Dual-FPGA-Trading-Engine/rtl/shared/sync_fifo.sv" into library work
INFO: [VRFC 10-311] analyzing module sync_fifo
INFO: [VRFC 10-2263] Analyzing SystemVerilog file "C:/Users/Kushal Agrawal/UW-madison school work/Dual-FPGA-Trading-Engine/rtl/link/link_tx.sv" into library work
INFO: [VRFC 10-311] analyzing module link_tx
INFO: [VRFC 10-2263] Analyzing SystemVerilog file "C:/Users/Kushal Agrawal/UW-madison school work/Dual-FPGA-Trading-Engine/rtl/link/link_rx.sv" into library work
INFO: [VRFC 10-311] analyzing module link_rx
INFO: [VRFC 10-2263] Analyzing SystemVerilog file "C:/Users/Kushal Agrawal/UW-madison school work/Dual-FPGA-Trading-Engine/rtl/board_a/market_noise_gen.sv" into library work
INFO: [VRFC 10-311] analyzing module market_noise_gen
INFO: [VRFC 10-2263] Analyzing SystemVerilog file "C:/Users/Kushal Agrawal/UW-madison school work/Dual-FPGA-Trading-Engine/rtl/board_a/market_sim.sv" into library work
INFO: [VRFC 10-311] analyzing module market_sim
WARNING: [VRFC 10-3824] variable 'c_mid' must explicitly be declared as automatic or static [C:/Users/Kushal Agrawal/UW-madison school work/Dual-FPGA-Trading-Engine/rtl/board_a/market_sim.sv:238]
WARNING: [VRFC 10-3824] variable 'c_spr' must explicitly be declared as automatic or static [C:/Users/Kushal Agrawal/UW-madison school work/Dual-FPGA-Trading-Engine/rtl/board_a/market_sim.sv:239]
WARNING: [VRFC 10-3824] variable 'c_hsp' must explicitly be declared as automatic or static [C:/Users/Kushal Agrawal/UW-madison school work/Dual-FPGA-Trading-Engine/rtl/board_a/market_sim.sv:240]
WARNING: [VRFC 10-3824] variable 'c_bid' must explicitly be declared as automatic or static [C:/Users/Kushal Agrawal/UW-madison school work/Dual-FPGA-Trading-Engine/rtl/board_a/market_sim.sv:241]
WARNING: [VRFC 10-3824] variable 'c_ask' must explicitly be declared as automatic or static [C:/Users/Kushal Agrawal/UW-madison school work/Dual-FPGA-Trading-Engine/rtl/board_a/market_sim.sv:242]
INFO: [VRFC 10-2263] Analyzing SystemVerilog file "C:/Users/Kushal Agrawal/UW-madison school work/Dual-FPGA-Trading-Engine/rtl/board_a/exchange_lite.sv" into library work
INFO: [VRFC 10-311] analyzing module exchange_lite
INFO: [VRFC 10-2263] Analyzing SystemVerilog file "C:/Users/Kushal Agrawal/UW-madison school work/Dual-FPGA-Trading-Engine/rtl/board_a/tx_arbiter.sv" into library work
INFO: [VRFC 10-311] analyzing module tx_arbiter
INFO: [VRFC 10-2263] Analyzing SystemVerilog file "C:/Users/Kushal Agrawal/UW-madison school work/Dual-FPGA-Trading-Engine/rtl/board_a/board_a_axi_regs.sv" into library work
INFO: [VRFC 10-311] analyzing module board_a_axi_regs
INFO: [VRFC 10-2263] Analyzing SystemVerilog file "C:/Users/Kushal Agrawal/UW-madison school work/Dual-FPGA-Trading-Engine/rtl/board_a/board_a_ctrl.sv" into library work
INFO: [VRFC 10-311] analyzing module board_a_ctrl
INFO: [VRFC 10-2263] Analyzing SystemVerilog file "C:/Users/Kushal Agrawal/UW-madison school work/Dual-FPGA-Trading-Engine/rtl/board_a/board_a_top.sv" into library work
INFO: [VRFC 10-311] analyzing module board_a_top
INFO: [VRFC 10-2263] Analyzing SystemVerilog file "C:/Users/Kushal Agrawal/UW-madison school work/Dual-FPGA-Trading-Engine/rtl/board_b/msg_demux.sv" into library work
INFO: [VRFC 10-311] analyzing module msg_demux
INFO: [VRFC 10-2263] Analyzing SystemVerilog file "C:/Users/Kushal Agrawal/UW-madison school work/Dual-FPGA-Trading-Engine/rtl/board_b/quote_book.sv" into library work
INFO: [VRFC 10-311] analyzing module quote_book
INFO: [VRFC 10-2263] Analyzing SystemVerilog file "C:/Users/Kushal Agrawal/UW-madison school work/Dual-FPGA-Trading-Engine/rtl/board_b/feature_compute.sv" into library work
INFO: [VRFC 10-311] analyzing module feature_compute
INFO: [VRFC 10-2263] Analyzing SystemVerilog file "C:/Users/Kushal Agrawal/UW-madison school work/Dual-FPGA-Trading-Engine/rtl/board_b/strategy_engine.sv" into library work
INFO: [VRFC 10-311] analyzing module strategy_engine
INFO: [VRFC 10-2263] Analyzing SystemVerilog file "C:/Users/Kushal Agrawal/UW-madison school work/Dual-FPGA-Trading-Engine/rtl/board_b/risk_manager.sv" into library work
INFO: [VRFC 10-311] analyzing module risk_manager
INFO: [VRFC 10-2263] Analyzing SystemVerilog file "C:/Users/Kushal Agrawal/UW-madison school work/Dual-FPGA-Trading-Engine/rtl/board_b/order_manager.sv" into library work
INFO: [VRFC 10-311] analyzing module order_manager
INFO: [VRFC 10-2263] Analyzing SystemVerilog file "C:/Users/Kushal Agrawal/UW-madison school work/Dual-FPGA-Trading-Engine/rtl/board_b/position_tracker.sv" into library work
INFO: [VRFC 10-311] analyzing module position_tracker
INFO: [VRFC 10-2263] Analyzing SystemVerilog file "C:/Users/Kushal Agrawal/UW-madison school work/Dual-FPGA-Trading-Engine/rtl/board_b/latency_histogram.sv" into library work
INFO: [VRFC 10-311] analyzing module latency_histogram
INFO: [VRFC 10-2263] Analyzing SystemVerilog file "C:/Users/Kushal Agrawal/UW-madison school work/Dual-FPGA-Trading-Engine/rtl/board_b/board_b_axi_regs.sv" into library work
INFO: [VRFC 10-311] analyzing module board_b_axi_regs
INFO: [VRFC 10-2263] Analyzing SystemVerilog file "C:/Users/Kushal Agrawal/UW-madison school work/Dual-FPGA-Trading-Engine/rtl/board_b/board_b_ctrl.sv" into library work
INFO: [VRFC 10-311] analyzing module board_b_ctrl
INFO: [VRFC 10-2263] Analyzing SystemVerilog file "C:/Users/Kushal Agrawal/UW-madison school work/Dual-FPGA-Trading-Engine/rtl/board_b/board_b_top.sv" into library work
INFO: [VRFC 10-311] analyzing module board_b_top
INFO: [VRFC 10-2263] Analyzing SystemVerilog file "C:/Users/Kushal Agrawal/UW-madison school work/Dual-FPGA-Trading-Engine/tb/board_b/tb_order_manager.sv" into library work
INFO: [VRFC 10-311] analyzing module tb_order_manager
Vivado Simulator v2025.2
Copyright 1986-2022 Xilinx, Inc. All Rights Reserved.
Copyright 2022-2025 Advanced Micro Devices, Inc. All Rights Reserved.
Running: C:\AMDDesignTools\2025.2\Vivado\bin\unwrapped\win64.o\xelab.exe --debug typical -L unisims_ver -L secureip tb_order_manager -s tb_order_manager_sim 
Multi-threading is on. Using 6 slave threads.
Starting static elaboration
Pass Through NonSizing Optimizer
Completed static elaboration
Starting simulation data flow analysis
Completed simulation data flow analysis
Time Resolution for simulation is 1ps
Compiling package work.hft_pkg
Compiling module work.order_manager
Compiling module work.tb_order_manager
Built simulation snapshot tb_order_manager_sim

****** xsim v2025.2 (64-bit)
  **** SW Build 6299465 on Fri Nov 14 19:35:11 GMT 2025
  **** IP Build 6300035 on Fri Nov 14 10:48:45 MST 2025
  **** SharedData Build 6298862 on Thu Nov 13 04:50:51 MST 2025
  **** Start of session at: Tue Apr 28 22:23:18 2026
    ** Copyright 1986-2022 Xilinx, Inc. All Rights Reserved.
    ** Copyright 2022-2025 Advanced Micro Devices, Inc. All Rights Reserved.

source xsim.dir/tb_order_manager_sim/xsim_script.tcl
# xsim {tb_order_manager_sim} -autoloadwcfg -tclbatch {_runner.tcl}
Time resolution is 1 ps
source _runner.tcl
## run 50ms

=== T1: BUY order frame packing ===
[FAIL] T1: order_valid at time 136000

=== T2: SELL order, order_id=1 ===

=== T3: Backpressure ===
[FAIL] T3b: held frame out at time 206000

=== T4: Simultaneous held-release + new order ===
[FAIL] T4: B symbol==1 at time 286000
[FAIL] T4: C in holding at time 286000
[FAIL] T4b: C now out at time 296000

=== T5: Rapid 3-order burst ===

=== T6: Clear ===

=== T7: Order ID wrap-around ===

=== T8: Idle ===

══════════════════════════════════════════
  order_manager testbench complete
  PASSED: 37
  FAILED: 5
══════════════════════════════════════════

Fatal: TESTBENCH FAILED
Time: 636 ns  Iteration: 0  Process: /tb_order_manager/Initial91_5  Scope: tb_order_manager  File: C:/Users/Kushal Agrawal/UW-madison school work/Dual-FPGA-Trading-Engine/tb/board_b/tb_order_manager.sv Line: 290
$finish called at time : 636 ns
## quit
INFO: [Common 17-206] Exiting xsim at Tue Apr 28 22:23:20 2026...
