INFO: [VRFC 10-2263] Analyzing SystemVerilog file "C:/Users/Kushal Agrawal/UW-madison school work/Dual-FPGA-Trading-Engine/rtl/shared/hft_pkg.sv" into library work
INFO: [VRFC 10-2263] Analyzing SystemVerilog file "C:/Users/Kushal Agrawal/UW-madison school work/Dual-FPGA-Trading-Engine/rtl/shared/debounce.sv" into library work
INFO: [VRFC 10-311] analyzing module debounce
INFO: [VRFC 10-2263] Analyzing SystemVerilog file "C:/Users/Kushal Agrawal/UW-madison school work/Dual-FPGA-Trading-Engine/rtl/shared/lfsr32.sv" into library work
INFO: [VRFC 10-311] analyzing module lfsr32
INFO: [VRFC 10-2263] Analyzing SystemVerilog file "C:/Users/Kushal Agrawal/UW-madison school work/Dual-FPGA-Trading-Engine/rtl/shared/sync_fifo.sv" into library work
INFO: [VRFC 10-311] analyzing module sync_fifo
INFO: [VRFC 10-2263] Analyzing SystemVerilog file "C:/Users/Kushal Agrawal/UW-madison school work/Dual-FPGA-Trading-Engine/rtl/link/link_tx.sv" into library work
INFO: [VRFC 10-311] analyzing module link_tx
INFO: [VRFC 10-2263] Analyzing SystemVerilog file "C:/Users/Kushal Agrawal/UW-madison school work/Dual-FPGA-Trading-Engine/rtl/link/link_rx.sv" into library work
INFO: [VRFC 10-311] analyzing module link_rx
INFO: [VRFC 10-2263] Analyzing SystemVerilog file "C:/Users/Kushal Agrawal/UW-madison school work/Dual-FPGA-Trading-Engine/rtl/board_a/market_noise_gen.sv" into library work
INFO: [VRFC 10-311] analyzing module market_noise_gen
INFO: [VRFC 10-2263] Analyzing SystemVerilog file "C:/Users/Kushal Agrawal/UW-madison school work/Dual-FPGA-Trading-Engine/rtl/board_a/market_sim.sv" into library work
INFO: [VRFC 10-311] analyzing module market_sim
WARNING: [VRFC 10-3824] variable 'c_mid' must explicitly be declared as automatic or static [C:/Users/Kushal Agrawal/UW-madison school work/Dual-FPGA-Trading-Engine/rtl/board_a/market_sim.sv:238]
WARNING: [VRFC 10-3824] variable 'c_spr' must explicitly be declared as automatic or static [C:/Users/Kushal Agrawal/UW-madison school work/Dual-FPGA-Trading-Engine/rtl/board_a/market_sim.sv:239]
WARNING: [VRFC 10-3824] variable 'c_hsp' must explicitly be declared as automatic or static [C:/Users/Kushal Agrawal/UW-madison school work/Dual-FPGA-Trading-Engine/rtl/board_a/market_sim.sv:240]
WARNING: [VRFC 10-3824] variable 'c_bid' must explicitly be declared as automatic or static [C:/Users/Kushal Agrawal/UW-madison school work/Dual-FPGA-Trading-Engine/rtl/board_a/market_sim.sv:241]
WARNING: [VRFC 10-3824] variable 'c_ask' must explicitly be declared as automatic or static [C:/Users/Kushal Agrawal/UW-madison school work/Dual-FPGA-Trading-Engine/rtl/board_a/market_sim.sv:242]
INFO: [VRFC 10-2263] Analyzing SystemVerilog file "C:/Users/Kushal Agrawal/UW-madison school work/Dual-FPGA-Trading-Engine/rtl/board_a/exchange_lite.sv" into library work
INFO: [VRFC 10-311] analyzing module exchange_lite
INFO: [VRFC 10-2263] Analyzing SystemVerilog file "C:/Users/Kushal Agrawal/UW-madison school work/Dual-FPGA-Trading-Engine/rtl/board_a/tx_arbiter.sv" into library work
INFO: [VRFC 10-311] analyzing module tx_arbiter
INFO: [VRFC 10-2263] Analyzing SystemVerilog file "C:/Users/Kushal Agrawal/UW-madison school work/Dual-FPGA-Trading-Engine/rtl/board_a/board_a_axi_regs.sv" into library work
INFO: [VRFC 10-311] analyzing module board_a_axi_regs
INFO: [VRFC 10-2263] Analyzing SystemVerilog file "C:/Users/Kushal Agrawal/UW-madison school work/Dual-FPGA-Trading-Engine/rtl/board_a/board_a_ctrl.sv" into library work
INFO: [VRFC 10-311] analyzing module board_a_ctrl
INFO: [VRFC 10-2263] Analyzing SystemVerilog file "C:/Users/Kushal Agrawal/UW-madison school work/Dual-FPGA-Trading-Engine/rtl/board_a/board_a_top.sv" into library work
INFO: [VRFC 10-311] analyzing module board_a_top
INFO: [VRFC 10-2263] Analyzing SystemVerilog file "C:/Users/Kushal Agrawal/UW-madison school work/Dual-FPGA-Trading-Engine/rtl/board_b/msg_demux.sv" into library work
INFO: [VRFC 10-311] analyzing module msg_demux
INFO: [VRFC 10-2263] Analyzing SystemVerilog file "C:/Users/Kushal Agrawal/UW-madison school work/Dual-FPGA-Trading-Engine/rtl/board_b/quote_book.sv" into library work
INFO: [VRFC 10-311] analyzing module quote_book
INFO: [VRFC 10-2263] Analyzing SystemVerilog file "C:/Users/Kushal Agrawal/UW-madison school work/Dual-FPGA-Trading-Engine/rtl/board_b/feature_compute.sv" into library work
INFO: [VRFC 10-311] analyzing module feature_compute
INFO: [VRFC 10-2263] Analyzing SystemVerilog file "C:/Users/Kushal Agrawal/UW-madison school work/Dual-FPGA-Trading-Engine/rtl/board_b/strategy_engine.sv" into library work
INFO: [VRFC 10-311] analyzing module strategy_engine
INFO: [VRFC 10-2263] Analyzing SystemVerilog file "C:/Users/Kushal Agrawal/UW-madison school work/Dual-FPGA-Trading-Engine/rtl/board_b/risk_manager.sv" into library work
INFO: [VRFC 10-311] analyzing module risk_manager
INFO: [VRFC 10-2263] Analyzing SystemVerilog file "C:/Users/Kushal Agrawal/UW-madison school work/Dual-FPGA-Trading-Engine/rtl/board_b/order_manager.sv" into library work
INFO: [VRFC 10-311] analyzing module order_manager
INFO: [VRFC 10-2263] Analyzing SystemVerilog file "C:/Users/Kushal Agrawal/UW-madison school work/Dual-FPGA-Trading-Engine/rtl/board_b/position_tracker.sv" into library work
INFO: [VRFC 10-311] analyzing module position_tracker
INFO: [VRFC 10-2263] Analyzing SystemVerilog file "C:/Users/Kushal Agrawal/UW-madison school work/Dual-FPGA-Trading-Engine/rtl/board_b/latency_histogram.sv" into library work
INFO: [VRFC 10-311] analyzing module latency_histogram
INFO: [VRFC 10-2263] Analyzing SystemVerilog file "C:/Users/Kushal Agrawal/UW-madison school work/Dual-FPGA-Trading-Engine/rtl/board_b/board_b_axi_regs.sv" into library work
INFO: [VRFC 10-311] analyzing module board_b_axi_regs
INFO: [VRFC 10-2263] Analyzing SystemVerilog file "C:/Users/Kushal Agrawal/UW-madison school work/Dual-FPGA-Trading-Engine/rtl/board_b/board_b_ctrl.sv" into library work
INFO: [VRFC 10-311] analyzing module board_b_ctrl
INFO: [VRFC 10-2263] Analyzing SystemVerilog file "C:/Users/Kushal Agrawal/UW-madison school work/Dual-FPGA-Trading-Engine/rtl/board_b/board_b_top.sv" into library work
INFO: [VRFC 10-311] analyzing module board_b_top
INFO: [VRFC 10-2263] Analyzing SystemVerilog file "C:/Users/Kushal Agrawal/UW-madison school work/Dual-FPGA-Trading-Engine/tb/board_b/tb_quote_book.sv" into library work
INFO: [VRFC 10-311] analyzing module tb_quote_book
Vivado Simulator v2025.2
Copyright 1986-2022 Xilinx, Inc. All Rights Reserved.
Copyright 2022-2025 Advanced Micro Devices, Inc. All Rights Reserved.
Running: C:\AMDDesignTools\2025.2\Vivado\bin\unwrapped\win64.o\xelab.exe --debug typical -L unisims_ver -L secureip tb_quote_book -s tb_quote_book_sim 
Multi-threading is on. Using 6 slave threads.
Starting static elaboration
Pass Through NonSizing Optimizer
Completed static elaboration
Starting simulation data flow analysis
Completed simulation data flow analysis
Time Resolution for simulation is 1ps
Compiling package work.hft_pkg
Compiling module work.quote_book(NUM_SYM=4)
Compiling module work.tb_quote_book
Built simulation snapshot tb_quote_book_sim

****** xsim v2025.2 (64-bit)
  **** SW Build 6299465 on Fri Nov 14 19:35:11 GMT 2025
  **** IP Build 6300035 on Fri Nov 14 10:48:45 MST 2025
  **** SharedData Build 6298862 on Thu Nov 13 04:50:51 MST 2025
  **** Start of session at: Tue Apr 28 22:22:55 2026
    ** Copyright 1986-2022 Xilinx, Inc. All Rights Reserved.
    ** Copyright 2022-2025 Advanced Micro Devices, Inc. All Rights Reserved.

source xsim.dir/tb_quote_book_sim/xsim_script.tcl
# xsim {tb_quote_book_sim} -autoloadwcfg -tclbatch {_runner.tcl}
Time resolution is 1 ps
source _runner.tcl
## run 50ms

=== TEST 1: First round (cycles 0-3) ===
[FAIL] T1.0: book_valid at time 136000
[FAIL] T1.1: book_valid at time 166000
[FAIL] T1.2: book_valid at time 186000
[FAIL] T1.3: book_valid at time 206000

=== TEST 2: Second round (cycles 4-7) — overwrite ===

=== TEST 3: Back-to-back (no gap) ===
[FAIL] T3a: sym0 output at time 306000
[FAIL] T3b: sym1 valid at time 316000

=== TEST 4: Out-of-range symbol ===

=== TEST 5: Idle (no valid) ===

=== TEST 6: Regime field ===

=== TEST 7: Golden model 3rd round ===

=== TEST 8: Golden model 4th round (cycles 12-15) ===

=== TEST 9: Triple overwrite same symbol ===

=== TEST 10: Per-symbol best_bid/ask arrays ===

══════════════════════════════════════════
  quote_book testbench complete
  PASSED: 56
  FAILED: 6
══════════════════════════════════════════

Fatal: TESTBENCH FAILED
Time: 626 ns  Iteration: 0  Process: /tb_quote_book/Initial87_5  Scope: tb_quote_book  File: C:/Users/Kushal Agrawal/UW-madison school work/Dual-FPGA-Trading-Engine/tb/board_b/tb_quote_book.sv Line: 398
$finish called at time : 626 ns
## quit
INFO: [Common 17-206] Exiting xsim at Tue Apr 28 22:22:58 2026...
