INFO: [VRFC 10-2263] Analyzing SystemVerilog file "C:/Users/Kushal Agrawal/UW-madison school work/Dual-FPGA-Trading-Engine/rtl/shared/hft_pkg.sv" into library work
INFO: [VRFC 10-2263] Analyzing SystemVerilog file "C:/Users/Kushal Agrawal/UW-madison school work/Dual-FPGA-Trading-Engine/rtl/shared/debounce.sv" into library work
INFO: [VRFC 10-311] analyzing module debounce
INFO: [VRFC 10-2263] Analyzing SystemVerilog file "C:/Users/Kushal Agrawal/UW-madison school work/Dual-FPGA-Trading-Engine/rtl/shared/lfsr32.sv" into library work
INFO: [VRFC 10-311] analyzing module lfsr32
INFO: [VRFC 10-2263] Analyzing SystemVerilog file "C:/Users/Kushal Agrawal/UW-madison school work/Dual-FPGA-Trading-Engine/rtl/shared/sync_fifo.sv" into library work
INFO: [VRFC 10-311] analyzing module sync_fifo
INFO: [VRFC 10-2263] Analyzing SystemVerilog file "C:/Users/Kushal Agrawal/UW-madison school work/Dual-FPGA-Trading-Engine/rtl/link/link_tx.sv" into library work
INFO: [VRFC 10-311] analyzing module link_tx
INFO: [VRFC 10-2263] Analyzing SystemVerilog file "C:/Users/Kushal Agrawal/UW-madison school work/Dual-FPGA-Trading-Engine/rtl/link/link_rx.sv" into library work
INFO: [VRFC 10-311] analyzing module link_rx
INFO: [VRFC 10-2263] Analyzing SystemVerilog file "C:/Users/Kushal Agrawal/UW-madison school work/Dual-FPGA-Trading-Engine/rtl/board_a/market_noise_gen.sv" into library work
INFO: [VRFC 10-311] analyzing module market_noise_gen
INFO: [VRFC 10-2263] Analyzing SystemVerilog file "C:/Users/Kushal Agrawal/UW-madison school work/Dual-FPGA-Trading-Engine/rtl/board_a/market_sim.sv" into library work
INFO: [VRFC 10-311] analyzing module market_sim
WARNING: [VRFC 10-3824] variable 'c_mid' must explicitly be declared as automatic or static [C:/Users/Kushal Agrawal/UW-madison school work/Dual-FPGA-Trading-Engine/rtl/board_a/market_sim.sv:238]
WARNING: [VRFC 10-3824] variable 'c_spr' must explicitly be declared as automatic or static [C:/Users/Kushal Agrawal/UW-madison school work/Dual-FPGA-Trading-Engine/rtl/board_a/market_sim.sv:239]
WARNING: [VRFC 10-3824] variable 'c_hsp' must explicitly be declared as automatic or static [C:/Users/Kushal Agrawal/UW-madison school work/Dual-FPGA-Trading-Engine/rtl/board_a/market_sim.sv:240]
WARNING: [VRFC 10-3824] variable 'c_bid' must explicitly be declared as automatic or static [C:/Users/Kushal Agrawal/UW-madison school work/Dual-FPGA-Trading-Engine/rtl/board_a/market_sim.sv:241]
WARNING: [VRFC 10-3824] variable 'c_ask' must explicitly be declared as automatic or static [C:/Users/Kushal Agrawal/UW-madison school work/Dual-FPGA-Trading-Engine/rtl/board_a/market_sim.sv:242]
INFO: [VRFC 10-2263] Analyzing SystemVerilog file "C:/Users/Kushal Agrawal/UW-madison school work/Dual-FPGA-Trading-Engine/rtl/board_a/exchange_lite.sv" into library work
INFO: [VRFC 10-311] analyzing module exchange_lite
INFO: [VRFC 10-2263] Analyzing SystemVerilog file "C:/Users/Kushal Agrawal/UW-madison school work/Dual-FPGA-Trading-Engine/rtl/board_a/tx_arbiter.sv" into library work
INFO: [VRFC 10-311] analyzing module tx_arbiter
INFO: [VRFC 10-2263] Analyzing SystemVerilog file "C:/Users/Kushal Agrawal/UW-madison school work/Dual-FPGA-Trading-Engine/rtl/board_a/board_a_axi_regs.sv" into library work
INFO: [VRFC 10-311] analyzing module board_a_axi_regs
INFO: [VRFC 10-2263] Analyzing SystemVerilog file "C:/Users/Kushal Agrawal/UW-madison school work/Dual-FPGA-Trading-Engine/rtl/board_a/board_a_ctrl.sv" into library work
INFO: [VRFC 10-311] analyzing module board_a_ctrl
INFO: [VRFC 10-2263] Analyzing SystemVerilog file "C:/Users/Kushal Agrawal/UW-madison school work/Dual-FPGA-Trading-Engine/rtl/board_a/board_a_top.sv" into library work
INFO: [VRFC 10-311] analyzing module board_a_top
INFO: [VRFC 10-2263] Analyzing SystemVerilog file "C:/Users/Kushal Agrawal/UW-madison school work/Dual-FPGA-Trading-Engine/rtl/board_b/msg_demux.sv" into library work
INFO: [VRFC 10-311] analyzing module msg_demux
INFO: [VRFC 10-2263] Analyzing SystemVerilog file "C:/Users/Kushal Agrawal/UW-madison school work/Dual-FPGA-Trading-Engine/rtl/board_b/quote_book.sv" into library work
INFO: [VRFC 10-311] analyzing module quote_book
INFO: [VRFC 10-2263] Analyzing SystemVerilog file "C:/Users/Kushal Agrawal/UW-madison school work/Dual-FPGA-Trading-Engine/rtl/board_b/feature_compute.sv" into library work
INFO: [VRFC 10-311] analyzing module feature_compute
INFO: [VRFC 10-2263] Analyzing SystemVerilog file "C:/Users/Kushal Agrawal/UW-madison school work/Dual-FPGA-Trading-Engine/rtl/board_b/strategy_engine.sv" into library work
INFO: [VRFC 10-311] analyzing module strategy_engine
INFO: [VRFC 10-2263] Analyzing SystemVerilog file "C:/Users/Kushal Agrawal/UW-madison school work/Dual-FPGA-Trading-Engine/rtl/board_b/risk_manager.sv" into library work
INFO: [VRFC 10-311] analyzing module risk_manager
INFO: [VRFC 10-2263] Analyzing SystemVerilog file "C:/Users/Kushal Agrawal/UW-madison school work/Dual-FPGA-Trading-Engine/rtl/board_b/order_manager.sv" into library work
INFO: [VRFC 10-311] analyzing module order_manager
INFO: [VRFC 10-2263] Analyzing SystemVerilog file "C:/Users/Kushal Agrawal/UW-madison school work/Dual-FPGA-Trading-Engine/rtl/board_b/position_tracker.sv" into library work
INFO: [VRFC 10-311] analyzing module position_tracker
INFO: [VRFC 10-2263] Analyzing SystemVerilog file "C:/Users/Kushal Agrawal/UW-madison school work/Dual-FPGA-Trading-Engine/rtl/board_b/latency_histogram.sv" into library work
INFO: [VRFC 10-311] analyzing module latency_histogram
INFO: [VRFC 10-2263] Analyzing SystemVerilog file "C:/Users/Kushal Agrawal/UW-madison school work/Dual-FPGA-Trading-Engine/rtl/board_b/board_b_axi_regs.sv" into library work
INFO: [VRFC 10-311] analyzing module board_b_axi_regs
INFO: [VRFC 10-2263] Analyzing SystemVerilog file "C:/Users/Kushal Agrawal/UW-madison school work/Dual-FPGA-Trading-Engine/rtl/board_b/board_b_ctrl.sv" into library work
INFO: [VRFC 10-311] analyzing module board_b_ctrl
INFO: [VRFC 10-2263] Analyzing SystemVerilog file "C:/Users/Kushal Agrawal/UW-madison school work/Dual-FPGA-Trading-Engine/rtl/board_b/board_b_top.sv" into library work
INFO: [VRFC 10-311] analyzing module board_b_top
INFO: [VRFC 10-2263] Analyzing SystemVerilog file "C:/Users/Kushal Agrawal/UW-madison school work/Dual-FPGA-Trading-Engine/tb/tb_system_top.sv" into library work
INFO: [VRFC 10-311] analyzing module tb_system_top
Vivado Simulator v2025.2
Copyright 1986-2022 Xilinx, Inc. All Rights Reserved.
Copyright 2022-2025 Advanced Micro Devices, Inc. All Rights Reserved.
Running: C:\AMDDesignTools\2025.2\Vivado\bin\unwrapped\win64.o\xelab.exe --debug typical -L unisims_ver -L secureip tb_system_top -s tb_system_top_sim 
Multi-threading is on. Using 6 slave threads.
Starting static elaboration
Pass Through NonSizing Optimizer
Completed static elaboration
Starting simulation data flow analysis
Completed simulation data flow analysis
Time Resolution for simulation is 1ps
Compiling package work.hft_pkg
Compiling module work.board_a_axi_regs(NUM_SYM=16)
Compiling module work.debounce(COUNTER_W=16)
Compiling module work.board_a_ctrl
Compiling module work.lfsr32
Compiling module work.market_noise_gen(NUM_SYM=16,NUM_...
Compiling module work.market_sim(NUM_SYM=16)
Compiling module work.sync_fifo(ALMOST_FULL_THRESH=60)
Compiling module work.exchange_lite(NUM_SYM=16)
Compiling module work.tx_arbiter
Compiling module work.link_tx_default
Compiling module work.link_rx_default
Compiling module work.board_a_top(NUM_SYM=16,LINK_W=4)
Compiling module work.board_b_axi_regs(NUM_SYM=16)
Compiling module work.board_b_ctrl
Compiling module work.msg_demux
Compiling module work.quote_book(NUM_SYM=16)
Compiling module work.feature_compute(NUM_SYM=16)
Compiling module work.strategy_engine
Compiling module work.risk_manager(NUM_SYM=16)
Compiling module work.order_manager
Compiling module work.position_tracker(NUM_SYM=16)
Compiling module work.latency_histogram
Compiling module work.board_b_top(NUM_SYM=16,LINK_W=4)
Compiling module work.tb_system_top
Built simulation snapshot tb_system_top_sim

****** xsim v2025.2 (64-bit)
  **** SW Build 6299465 on Fri Nov 14 19:35:11 GMT 2025
  **** IP Build 6300035 on Fri Nov 14 10:48:45 MST 2025
  **** SharedData Build 6298862 on Thu Nov 13 04:50:51 MST 2025
  **** Start of session at: Tue Apr 28 22:24:01 2026
    ** Copyright 1986-2022 Xilinx, Inc. All Rights Reserved.
    ** Copyright 2022-2025 Advanced Micro Devices, Inc. All Rights Reserved.

source xsim.dir/tb_system_top_sim/xsim_script.tcl
# xsim {tb_system_top_sim} -autoloadwcfg -tclbatch {_runner.tcl}
Time resolution is 1 ps
source _runner.tcl
## run 50ms

=== Phase 1: Configure Board A (16 symbols) ===
  Board A: 16 symbols configured across 8 sectors

=== Phase 2: Configure Board B ===
  Board B: MEAN_REV, threshold≈$0.002, qty=50, generous limits

=== Phase 3: Start Board A ===

=== Phase 4: Wait for Board B link_up ===
  link_up after 166 cycles

=== Phase 5: Start Board B ===
  Board B FSM = B_TRADING

=== Phase 6: CALM regime (120k cycles) ===
  [CALM] A quotes_sent   = 1201
  [CALM] B quotes_rcvd   = 1138
  [CALM] B orders_sent   = 650
  [CALM] B risk_rejects  = 0

=== Phase 7: Regime change → VOLATILE ===
  [VOL] B orders_sent = 1254 (was 650)

=== Phase 8: Regime change → ADVERSARIAL ===
  [ADV] B orders_sent = 1714 (was 1254)

=== Phase 9: Full Counter Readback ===
  A quotes_sent  = 2292
  A orders_rcvd  = 1713
  B quotes_rcvd  = 2227
  B orders_sent  = 1714
  B fills_rcvd   = 1280
  B risk_rejects = 0
  B link_errors  = 0
  B STATUS       = 0x0000002c

=== Phase 10: All 16 Positions ===
  position[ 0] =   -1600
  position[ 1] =    1850
  position[ 2] =     400
  position[ 3] =    1050
  position[ 4] =    3700
  position[ 5] =    4300
  position[ 6] =    1950
  position[ 7] =     200
  position[ 8] =   -2600
  position[ 9] =    2050
  position[10] =    -950
  position[11] =     650
  position[12] =    2000
  position[13] =    1300
  position[14] =    2550
  position[15] =    2550
  Non-zero positions: 16 / 16

=== Phase 11: Cash Readback ===
  cash_lo = 0x9f65a458
  cash_hi = 0xffffffc2

=== Phase 12: Latency Histogram ===
  lat_min   = 140
  lat_max   = 255
  lat_count = 1280
  hist_bin[ 4] = 9
  hist_bin[ 5] = 42
  hist_bin[ 6] = 14
  hist_bin[ 7] = 1215
  Total in histogram: 1280

=== Phase 13: End-to-End Verification ===
  A quotes_sent=2294 → B quotes_rcvd=2230
  B orders_sent=1717 → A orders_rcvd=1715
  B fills_rcvd=1280

=== Phase 14: Stop Board A ===

=== Phase 15: Reset Board B ===

=== Phase 16: Restart with new seed ===
  After restart: B quotes_rcvd = 447

=== Phase 17: Risk Halt Trigger ===
  Risk halt triggered after 172 cycles

=== Phase 18: BURST regime ===
  [BURST] B quotes_rcvd = 584

=== Phase 19: Active Sym Count Change ===
  After 4-sym: quotes=764 (was 584)
  After 16-sym restored: quotes=956

=== Phase 20: Strategy Override ===
  STATUS w/ override = 0x0000002f

=== Phase 21: LED/RGB Structural Checks ===

=== Phase 22: Histogram Sanity ===
  lat_count = 435
  lat_min = 255
  lat_max = 255
  sum_bins=435, lat_count=435

=== Phase 23: Fills > 0 Check ===
  B orders_sent = 586
  B fills_rcvd  = 435

=== Phase 24: Cash Readback ===
  cash_lo = 0xe92df75c
  cash_hi = 0xfffffff9

=== Phase 25: Final Stop + Drain + Reset ===

=== Phase 26: Multiple Restart Cycles ===
  --- Restart cycle 0 ---
    quotes_rcvd = 184
  --- Restart cycle 1 ---
    quotes_rcvd = 184
  --- Restart cycle 2 ---
    quotes_rcvd = 184

=== Phase 27: B2 Extended AXI Exposure ===
  A.ORDERS_RCVD=7  FILLS_SENT=7  REJECTS_SENT=0  LINK_ERR=0
  B BID/ASK valid pairs: 16/16
  Σ pnl_cash_per_sym = 2440578500 (signed)
  cash               = 2440578500 (signed)
  Σ trades_per_sym = 7   fills_rcvd = 7

══════════════════════════════════════════
  tb_system_top complete
  PASSED: 102
  FAILED: 0
══════════════════════════════════════════

$finish called at time : 4566265 ns : File "C:/Users/Kushal Agrawal/UW-madison school work/Dual-FPGA-Trading-Engine/tb/tb_system_top.sv" Line 981
## quit
INFO: [Common 17-206] Exiting xsim at Tue Apr 28 22:24:08 2026...
